Archive member included to satisfy reference by file (symbol)

c:/users/dmitriy/appdata/roaming/xpacks/@xpack-dev-tools/arm-none-eabi-gcc/12.3.1-1.2.1/.content/bin/../lib/gcc/arm-none-eabi/12.3.1/thumb/v8-m.main/nofp\libgcc.a(unwind-arm.o)
                              ./system/src/newlib/cxx.o (__aeabi_unwind_cpp_pr1)
c:/users/dmitriy/appdata/roaming/xpacks/@xpack-dev-tools/arm-none-eabi-gcc/12.3.1-1.2.1/.content/bin/../lib/gcc/arm-none-eabi/12.3.1/thumb/v8-m.main/nofp\libgcc.a(libunwind.o)
                              c:/users/dmitriy/appdata/roaming/xpacks/@xpack-dev-tools/arm-none-eabi-gcc/12.3.1-1.2.1/.content/bin/../lib/gcc/arm-none-eabi/12.3.1/thumb/v8-m.main/nofp\libgcc.a(unwind-arm.o) (restore_core_regs)
c:/users/dmitriy/appdata/roaming/xpacks/@xpack-dev-tools/arm-none-eabi-gcc/12.3.1-1.2.1/.content/bin/../lib/gcc/arm-none-eabi/12.3.1/thumb/v8-m.main/nofp\libgcc.a(pr-support.o)
                              c:/users/dmitriy/appdata/roaming/xpacks/@xpack-dev-tools/arm-none-eabi-gcc/12.3.1-1.2.1/.content/bin/../lib/gcc/arm-none-eabi/12.3.1/thumb/v8-m.main/nofp\libgcc.a(unwind-arm.o) (__gnu_unwind_execute)
c:/users/dmitriy/appdata/roaming/xpacks/@xpack-dev-tools/arm-none-eabi-gcc/12.3.1-1.2.1/.content/bin/../lib/gcc/arm-none-eabi/12.3.1/../../../../arm-none-eabi/lib/thumb/v8-m.main/nofp\libg_nano.a(libc_a-vsnprintf.o)
                              ./system/src/diag/trace.o (vsnprintf)
c:/users/dmitriy/appdata/roaming/xpacks/@xpack-dev-tools/arm-none-eabi-gcc/12.3.1-1.2.1/.content/bin/../lib/gcc/arm-none-eabi/12.3.1/../../../../arm-none-eabi/lib/thumb/v8-m.main/nofp\libg_nano.a(libc_a-impure.o)
                              c:/users/dmitriy/appdata/roaming/xpacks/@xpack-dev-tools/arm-none-eabi-gcc/12.3.1-1.2.1/.content/bin/../lib/gcc/arm-none-eabi/12.3.1/../../../../arm-none-eabi/lib/thumb/v8-m.main/nofp\libg_nano.a(libc_a-vsnprintf.o) (_impure_ptr)
c:/users/dmitriy/appdata/roaming/xpacks/@xpack-dev-tools/arm-none-eabi-gcc/12.3.1-1.2.1/.content/bin/../lib/gcc/arm-none-eabi/12.3.1/../../../../arm-none-eabi/lib/thumb/v8-m.main/nofp\libg_nano.a(libc_a-errno.o)
                              ./system/src/newlib/sbrk.o (__errno)
c:/users/dmitriy/appdata/roaming/xpacks/@xpack-dev-tools/arm-none-eabi-gcc/12.3.1-1.2.1/.content/bin/../lib/gcc/arm-none-eabi/12.3.1/../../../../arm-none-eabi/lib/thumb/v8-m.main/nofp\libg_nano.a(libc_a-memcpy-stub.o)
                              c:/users/dmitriy/appdata/roaming/xpacks/@xpack-dev-tools/arm-none-eabi-gcc/12.3.1-1.2.1/.content/bin/../lib/gcc/arm-none-eabi/12.3.1/thumb/v8-m.main/nofp\libgcc.a(unwind-arm.o) (memcpy)
c:/users/dmitriy/appdata/roaming/xpacks/@xpack-dev-tools/arm-none-eabi-gcc/12.3.1-1.2.1/.content/bin/../lib/gcc/arm-none-eabi/12.3.1/../../../../arm-none-eabi/lib/thumb/v8-m.main/nofp\libg_nano.a(libc_a-strlen.o)
                              ./system/src/diag/trace.o (strlen)
c:/users/dmitriy/appdata/roaming/xpacks/@xpack-dev-tools/arm-none-eabi-gcc/12.3.1-1.2.1/.content/bin/../lib/gcc/arm-none-eabi/12.3.1/../../../../arm-none-eabi/lib/thumb/v8-m.main/nofp\libg_nano.a(libc_a-nano-svfprintf.o)
                              c:/users/dmitriy/appdata/roaming/xpacks/@xpack-dev-tools/arm-none-eabi-gcc/12.3.1-1.2.1/.content/bin/../lib/gcc/arm-none-eabi/12.3.1/../../../../arm-none-eabi/lib/thumb/v8-m.main/nofp\libg_nano.a(libc_a-vsnprintf.o) (_svfprintf_r)
c:/users/dmitriy/appdata/roaming/xpacks/@xpack-dev-tools/arm-none-eabi-gcc/12.3.1-1.2.1/.content/bin/../lib/gcc/arm-none-eabi/12.3.1/../../../../arm-none-eabi/lib/thumb/v8-m.main/nofp\libg_nano.a(libc_a-nano-vfprintf_i.o)
                              c:/users/dmitriy/appdata/roaming/xpacks/@xpack-dev-tools/arm-none-eabi-gcc/12.3.1-1.2.1/.content/bin/../lib/gcc/arm-none-eabi/12.3.1/../../../../arm-none-eabi/lib/thumb/v8-m.main/nofp\libg_nano.a(libc_a-nano-svfprintf.o) (_printf_i)
c:/users/dmitriy/appdata/roaming/xpacks/@xpack-dev-tools/arm-none-eabi-gcc/12.3.1-1.2.1/.content/bin/../lib/gcc/arm-none-eabi/12.3.1/../../../../arm-none-eabi/lib/thumb/v8-m.main/nofp\libg_nano.a(libc_a-memmove.o)
                              c:/users/dmitriy/appdata/roaming/xpacks/@xpack-dev-tools/arm-none-eabi-gcc/12.3.1-1.2.1/.content/bin/../lib/gcc/arm-none-eabi/12.3.1/../../../../arm-none-eabi/lib/thumb/v8-m.main/nofp\libg_nano.a(libc_a-nano-svfprintf.o) (memmove)
c:/users/dmitriy/appdata/roaming/xpacks/@xpack-dev-tools/arm-none-eabi-gcc/12.3.1-1.2.1/.content/bin/../lib/gcc/arm-none-eabi/12.3.1/../../../../arm-none-eabi/lib/thumb/v8-m.main/nofp\libg_nano.a(libc_a-memchr-stub.o)
                              c:/users/dmitriy/appdata/roaming/xpacks/@xpack-dev-tools/arm-none-eabi-gcc/12.3.1-1.2.1/.content/bin/../lib/gcc/arm-none-eabi/12.3.1/../../../../arm-none-eabi/lib/thumb/v8-m.main/nofp\libg_nano.a(libc_a-nano-svfprintf.o) (memchr)
[...]
Memory Configuration

Name             Origin             Length             Attributes
FLASH            0x08000000         0x00100000         xr
RAM              0x20000000         0x00060000         xrw
CCMRAM           0x10000000         0x00000000         xrw
FLASHB1          0x00000000         0x00000000         xr
EXTMEMB0         0x00000000         0x00000000         xr
EXTMEMB1         0x00000000         0x00000000         xr
EXTMEMB2         0x00000000         0x00000000         xr
EXTMEMB3         0x00000000         0x00000000         xr
*default*        0x00000000         0xffffffff

Linker script and memory map

LOAD ./system/src/newlib/assert.o
LOAD ./system/src/newlib/cxx.o
LOAD ./system/src/newlib/exit.o
LOAD ./system/src/newlib/sbrk.o
LOAD ./system/src/newlib/startup.o
LOAD ./system/src/newlib/syscalls.o
LOAD ./system/src/gd32w51x/gd32w51x_adc.o
LOAD ./system/src/gd32w51x/gd32w51x_cau.o
LOAD ./system/src/gd32w51x/gd32w51x_cau_aes.o
LOAD ./system/src/gd32w51x/gd32w51x_cau_des.o
LOAD ./system/src/gd32w51x/gd32w51x_cau_tdes.o
LOAD ./system/src/gd32w51x/gd32w51x_crc.o
LOAD ./system/src/gd32w51x/gd32w51x_dbg.o
LOAD ./system/src/gd32w51x/gd32w51x_dci.o
LOAD ./system/src/gd32w51x/gd32w51x_dma.o
LOAD ./system/src/gd32w51x/gd32w51x_efuse.o
LOAD ./system/src/gd32w51x/gd32w51x_exti.o
LOAD ./system/src/gd32w51x/gd32w51x_fmc.o
LOAD ./system/src/gd32w51x/gd32w51x_fwdgt.o
LOAD ./system/src/gd32w51x/gd32w51x_gpio.o
LOAD ./system/src/gd32w51x/gd32w51x_hau.o
LOAD ./system/src/gd32w51x/gd32w51x_hau_sha_md5.o
LOAD ./system/src/gd32w51x/gd32w51x_hpdf.o
LOAD ./system/src/gd32w51x/gd32w51x_i2c.o
LOAD ./system/src/gd32w51x/gd32w51x_icache.o
LOAD ./system/src/gd32w51x/gd32w51x_it.o
LOAD ./system/src/gd32w51x/gd32w51x_misc.o
LOAD ./system/src/gd32w51x/gd32w51x_pkcau.o
LOAD ./system/src/gd32w51x/gd32w51x_pmu.o
LOAD ./system/src/gd32w51x/gd32w51x_qspi.o
LOAD ./system/src/gd32w51x/gd32w51x_rcu.o
LOAD ./system/src/gd32w51x/gd32w51x_rtc.o
LOAD ./system/src/gd32w51x/gd32w51x_sdio.o
LOAD ./system/src/gd32w51x/gd32w51x_spi.o
LOAD ./system/src/gd32w51x/gd32w51x_sqpi.o
LOAD ./system/src/gd32w51x/gd32w51x_syscfg.o
LOAD ./system/src/gd32w51x/gd32w51x_timer.o
LOAD ./system/src/gd32w51x/gd32w51x_trng.o
LOAD ./system/src/gd32w51x/gd32w51x_tsi.o
LOAD ./system/src/gd32w51x/gd32w51x_tzpcu.o
LOAD ./system/src/gd32w51x/gd32w51x_usart.o
LOAD ./system/src/gd32w51x/gd32w51x_wwdgt.o
LOAD ./system/src/diag/trace-impl.o
LOAD ./system/src/diag/trace.o
LOAD ./system/src/cortexm/exception-handlers.o
LOAD ./system/src/cortexm/initialize-hardware.o
LOAD ./system/src/cortexm/reset-hardware.o
LOAD ./system/src/cmsis/system_gd32w51x.o
LOAD ./system/src/cmsis/vectors_gd32w51x.o
LOAD ./src/main.o
LOAD ./src/timer.o
LOAD ./src/write.o
LOAD c:/users/dmitriy/appdata/roaming/xpacks/@xpack-dev-tools/arm-none-eabi-gcc/12.3.1-1.2.1/.content/bin/../lib/gcc/arm-none-eabi/12.3.1/../../../../arm-none-eabi/lib/thumb/v8-m.main/nofp\libstdc++_nano.a
LOAD c:/users/dmitriy/appdata/roaming/xpacks/@xpack-dev-tools/arm-none-eabi-gcc/12.3.1-1.2.1/.content/bin/../lib/gcc/arm-none-eabi/12.3.1/../../../../arm-none-eabi/lib/thumb/v8-m.main/nofp\libm.a
START GROUP
LOAD c:/users/dmitriy/appdata/roaming/xpacks/@xpack-dev-tools/arm-none-eabi-gcc/12.3.1-1.2.1/.content/bin/../lib/gcc/arm-none-eabi/12.3.1/thumb/v8-m.main/nofp\libgcc.a
LOAD c:/users/dmitriy/appdata/roaming/xpacks/@xpack-dev-tools/arm-none-eabi-gcc/12.3.1-1.2.1/.content/bin/../lib/gcc/arm-none-eabi/12.3.1/../../../../arm-none-eabi/lib/thumb/v8-m.main/nofp\libg_nano.a
LOAD c:/users/dmitriy/appdata/roaming/xpacks/@xpack-dev-tools/arm-none-eabi-gcc/12.3.1-1.2.1/.content/bin/../lib/gcc/arm-none-eabi/12.3.1/../../../../arm-none-eabi/lib/thumb/v8-m.main/nofp\libc_nano.a
END GROUP
START GROUP
LOAD c:/users/dmitriy/appdata/roaming/xpacks/@xpack-dev-tools/arm-none-eabi-gcc/12.3.1-1.2.1/.content/bin/../lib/gcc/arm-none-eabi/12.3.1/thumb/v8-m.main/nofp\libgcc.a
LOAD c:/users/dmitriy/appdata/roaming/xpacks/@xpack-dev-tools/arm-none-eabi-gcc/12.3.1-1.2.1/.content/bin/../lib/gcc/arm-none-eabi/12.3.1/../../../../arm-none-eabi/lib/thumb/v8-m.main/nofp\libc_nano.a
END GROUP
                0x20060000                        __stack = (ORIGIN (RAM) + LENGTH (RAM))
                0x20060000                        _estack = __stack
                0x00000400                        __Main_Stack_Size = 0x400
                [!provide]                        PROVIDE (_Main_Stack_Size = __Main_Stack_Size)
                0x2005fc00                        __Main_Stack_Limit = (__stack - __Main_Stack_Size)
                [!provide]                        PROVIDE (_Main_Stack_Limit = __Main_Stack_Limit)
                0x00000100                        _Minimum_Stack_Size = 0x100
                0x20000108                        PROVIDE (_Heap_Begin = _end_noinit)
                0x2005fc00                        PROVIDE (_Heap_Limit = (__stack - __Main_Stack_Size))

.isr_vector     0x08000000      0x302
 FILL mask 0xff
                0x08000000                        __vectors_start = ABSOLUTE (.)
                0x08000000                        __vectors_start__ = ABSOLUTE (.)
 *(.isr_vector)
 .isr_vector    0x08000000      0x1d8 ./system/src/cmsis/vectors_gd32w51x.o
                0x08000000                __isr_vectors
 *(.cfmconfig)
 *(.after_vectors .after_vectors.*)
 .after_vectors
                0x080001d8      0x114 ./system/src/newlib/startup.o
                0x080001d8                _start
 .after_vectors
                0x080002ec       0x14 ./system/src/cortexm/exception-handlers.o
                0x080002ec                Reset_Handler
 .after_vectors
                0x08000300        0x2 ./system/src/cmsis/vectors_gd32w51x.o
                0x08000300                RTC_Alarm_IRQHandler
                0x08000300                EXTI2_IRQHandler
                0x08000300                TIMER2_IRQHandler
                0x08000300                TIMER5_IRQHandler
                0x08000300                LVD_IRQHandler
                0x08000300                TSI_IRQHandler
                0x08000300                TIMER0_BRK_IRQHandler
                0x08000300                TAMPER_STAMP_S_IRQHandler
                0x08000300                TIMER0_UP_IRQHandler
                0x08000300                SDIO_IRQHandler
                0x08000300                HPDF_INT1_IRQHandler
                0x08000300                TIMER15_IRQHandler
                0x08000300                EXTI3_IRQHandler
                0x08000300                DCI_IRQHandler
                0x08000300                USBFS_WKUP_IRQHandler
                0x08000300                FMC_S_IRQHandler
                0x08000300                USART0_WKUP_IRQHandler
                0x08000300                USBFS_IRQHandler
                0x08000300                TIMER3_IRQHandler
                0x08000300                DMA0_Channel6_IRQHandler
                0x08000300                WIFI11N_WKUP_IRQHandler
                0x08000300                I2C0_EV_IRQHandler
                0x08000300                EXTI0_IRQHandler
                0x08000300                CAU_IRQHandler
                0x08000300                FPU_IRQHandler
                0x08000300                EFUSE_IRQHandler
                0x08000300                TIMER4_IRQHandler
                0x08000300                SPI1_IRQHandler
                0x08000300                DMA0_Channel0_IRQHandler
                0x08000300                DMA1_Channel0_IRQHandler
                0x08000300                USART2_WKUP_IRQHandler
                0x08000300                TIMER16_IRQHandler
                0x08000300                DMA1_Channel4_IRQHandler
                0x08000300                DMA0_Channel3_IRQHandler
                0x08000300                I2C0_ER_IRQHandler
                0x08000300                DMA1_Channel7_IRQHandler
                0x08000300                QSPI_S_IRQHandler
                0x08000300                DMA0_Channel2_IRQHandler
                0x08000300                USART0_IRQHandler
                0x08000300                TIMER1_IRQHandler
                0x08000300                PKCAU_IRQHandler
                0x08000300                I2C1_EV_IRQHandler
                0x08000300                DMA1_Channel6_IRQHandler
                0x08000300                EXTI10_15_IRQHandler
                0x08000300                RTC_Alarm_S_IRQHandler
                0x08000300                DMA1_Channel1_IRQHandler
                0x08000300                Default_Handler
                0x08000300                RTC_WKUP_S_IRQHandler
                0x08000300                DMA0_Channel7_IRQHandler
                0x08000300                ADC_IRQHandler
                0x08000300                WWDGT_IRQHandler
                0x08000300                TAMPER_STAMP_IRQHandler
                0x08000300                RTC_WKUP_IRQHandler
                0x08000300                WIFI11N_INT2_IRQHandler
                0x08000300                TIMER0_CMT_IRQHandler
                0x08000300                HAU_TRNG_IRQHandler
                0x08000300                DMA1_Channel5_IRQHandler
                0x08000300                EXTI4_IRQHandler
                0x08000300                DMA0_Channel5_IRQHandler
                0x08000300                DMA1_Channel3_IRQHandler
                0x08000300                TZIAC_S_IRQHandler
                0x08000300                HPDF_INT0_IRQHandler
                0x08000300                EXTI5_9_IRQHandler
                0x08000300                RCU_IRQHandler
                0x08000300                WIFI11N_INT0_IRQHandler
                0x08000300                DMA0_Channel1_IRQHandler
                0x08000300                TIMER0_Channel_IRQHandler
                0x08000300                EXTI1_IRQHandler
                0x08000300                SPI0_IRQHandler
                0x08000300                USART2_IRQHandler
                0x08000300                VLVDF_IRQHandler
                0x08000300                DMA1_Channel2_IRQHandler
                0x08000300                WIFI11N_INT1_IRQHandler
                0x08000300                USART1_IRQHandler
                0x08000300                I2C1_ER_IRQHandler
                0x08000300                FMC_IRQHandler
                0x08000300                QSPI_IRQHandler
                0x08000300                I2C0_WKUP_IRQHandler
                0x08000300                DMA0_Channel4_IRQHandler
                0x08000300                ICACHE_IRQHandler

.inits          0x08000304       0x28
                0x08000304                        __data_regions_array_start = .
                0x08000304        0x4 LONG 0x800118c LOADADDR (.data)
                0x08000308        0x4 LONG 0x20000000 ADDR (.data)
                0x0800030c        0x4 LONG 0x20000064 (ADDR (.data) + SIZEOF (.data))
                0x08000310        0x4 LONG 0x800118c LOADADDR (.data_CCMRAM)
                0x08000314        0x4 LONG 0x10000000 ADDR (.data_CCMRAM)
                0x08000318        0x4 LONG 0x10000000 (ADDR (.data_CCMRAM) + SIZEOF (.data_CCMRAM))
                0x0800031c                        __data_regions_array_end = .
                0x0800031c                        __bss_regions_array_start = .
                0x0800031c        0x4 LONG 0x20000064 ADDR (.bss)
                0x08000320        0x4 LONG 0x20000108 (ADDR (.bss) + SIZEOF (.bss))
                0x08000324        0x4 LONG 0x10000000 ADDR (.bss_CCMRAM)
                0x08000328        0x4 LONG 0x10000000 (ADDR (.bss_CCMRAM) + SIZEOF (.bss_CCMRAM))
                0x0800032c                        __bss_regions_array_end = .
 *(.init)
 *(.fini)
                0x0800032c                        . = ALIGN (0x4)
                0x0800032c                        PROVIDE (__preinit_array_start = .)
 *(.preinit_array_sysinit .preinit_array_sysinit.*)
 *(.preinit_array_platform .preinit_array_platform.*)
 *(.preinit_array .preinit_array.*)
                0x0800032c                        PROVIDE (__preinit_array_end = .)
                0x0800032c                        . = ALIGN (0x4)
                0x0800032c                        PROVIDE (__init_array_start = .)
 *(SORT_BY_NAME(.init_array.*))
 *(.init_array)
                0x0800032c                        PROVIDE (__init_array_end = .)
                0x0800032c                        . = ALIGN (0x4)
                0x0800032c                        PROVIDE (__fini_array_start = .)
 *(SORT_BY_NAME(.fini_array.*))
 *(.fini_array)
                0x0800032c                        PROVIDE (__fini_array_end = .)

.flashtext
 *(.flashtext .flashtext.*)

.text           0x0800032c      0xe58
 *(.text .text.*)
 .text._exit    0x0800032c        0x2 ./system/src/newlib/exit.o
                0x0800032c                _exit
 *fill*         0x0800032e        0x2 
 .text._sbrk    0x08000330       0x44 ./system/src/newlib/sbrk.o
                0x08000330                _sbrk
 .text.__initialize_args
                0x08000374       0x10 ./system/src/newlib/syscalls.o
                0x08000374                __initialize_args
 .text.NMI_Handler
                0x08000384        0x2 ./system/src/gd32w51x/gd32w51x_it.o
                0x08000384                NMI_Handler
 .text.HardFault_Handler
                0x08000386        0x2 ./system/src/gd32w51x/gd32w51x_it.o
                0x08000386                HardFault_Handler
 .text.SVC_Handler
                0x08000388        0x2 ./system/src/gd32w51x/gd32w51x_it.o
                0x08000388                SVC_Handler
 .text.PendSV_Handler
                0x0800038a        0x2 ./system/src/gd32w51x/gd32w51x_it.o
                0x0800038a                PendSV_Handler
 .text._trace_write_semihosting_debug
                0x0800038c       0x62 ./system/src/diag/trace-impl.o
 .text.trace_write
                0x080003ee        0x8 ./system/src/diag/trace-impl.o
                0x080003ee                trace_write
 *fill*         0x080003f6        0x2 
 .text.trace_printf
                0x080003f8       0x34 ./system/src/diag/trace.o
                0x080003f8                trace_printf
 .text.trace_puts
                0x0800042c       0x20 ./system/src/diag/trace.o
                0x0800042c                trace_puts
 .text.__initialize_hardware_early
                0x0800044c        0x8 ./system/src/cortexm/initialize-hardware.o
                0x0800044c                __initialize_hardware_early
 .text.__initialize_hardware
                0x08000454        0x8 ./system/src/cortexm/initialize-hardware.o
                0x08000454                __initialize_hardware
 .text.system_clock_180m_40m_hxtal
                0x0800045c       0xfc ./system/src/cmsis/system_gd32w51x.o
 .text.system_clock_config
                0x08000558        0x8 ./system/src/cmsis/system_gd32w51x.o
 .text.SystemInit
                0x08000560       0xc8 ./system/src/cmsis/system_gd32w51x.o
                0x08000560                SystemInit
 .text.SystemCoreClockUpdate
                0x08000628       0xac ./system/src/cmsis/system_gd32w51x.o
                0x08000628                SystemCoreClockUpdate
 .text.main     0x080006d4       0x3c ./src/main.o
                0x080006d4                main
 .text.timer_start
                0x08000710       0x38 ./src/timer.o
                0x08000710                timer_start
 .text.timer_sleep
                0x08000748       0x14 ./src/timer.o
                0x08000748                timer_sleep
 .text.timer_tick
                0x0800075c       0x14 ./src/timer.o
                0x0800075c                timer_tick
 .text.SysTick_Handler
                0x08000770        0x8 ./src/timer.o
                0x08000770                SysTick_Handler
 .text._vsnprintf_r
                0x08000778       0x56 c:/users/dmitriy/appdata/roaming/xpacks/@xpack-dev-tools/arm-none-eabi-gcc/12.3.1-1.2.1/.content/bin/../lib/gcc/arm-none-eabi/12.3.1/../../../../arm-none-eabi/lib/thumb/v8-m.main/nofp\libg_nano.a(libc_a-vsnprintf.o)
                0x08000778                _vsniprintf_r
                0x08000778                _vsnprintf_r
 *fill*         0x080007ce        0x2 
 .text.vsnprintf
                0x080007d0       0x1c c:/users/dmitriy/appdata/roaming/xpacks/@xpack-dev-tools/arm-none-eabi-gcc/12.3.1-1.2.1/.content/bin/../lib/gcc/arm-none-eabi/12.3.1/../../../../arm-none-eabi/lib/thumb/v8-m.main/nofp\libg_nano.a(libc_a-vsnprintf.o)
                0x080007d0                vsniprintf
                0x080007d0                vsnprintf
 .text.__errno  0x080007ec        0xc c:/users/dmitriy/appdata/roaming/xpacks/@xpack-dev-tools/arm-none-eabi-gcc/12.3.1-1.2.1/.content/bin/../lib/gcc/arm-none-eabi/12.3.1/../../../../arm-none-eabi/lib/thumb/v8-m.main/nofp\libg_nano.a(libc_a-errno.o)
                0x080007ec                __errno
 .text.memcpy   0x080007f8       0x1a c:/users/dmitriy/appdata/roaming/xpacks/@xpack-dev-tools/arm-none-eabi-gcc/12.3.1-1.2.1/.content/bin/../lib/gcc/arm-none-eabi/12.3.1/../../../../arm-none-eabi/lib/thumb/v8-m.main/nofp\libg_nano.a(libc_a-memcpy-stub.o)
                0x080007f8                memcpy
 .text          0x08000812       0x10 c:/users/dmitriy/appdata/roaming/xpacks/@xpack-dev-tools/arm-none-eabi-gcc/12.3.1-1.2.1/.content/bin/../lib/gcc/arm-none-eabi/12.3.1/../../../../arm-none-eabi/lib/thumb/v8-m.main/nofp\libg_nano.a(libc_a-strlen.o)
                0x08000812                strlen
 .text.__ssputs_r
                0x08000822       0xb6 c:/users/dmitriy/appdata/roaming/xpacks/@xpack-dev-tools/arm-none-eabi-gcc/12.3.1-1.2.1/.content/bin/../lib/gcc/arm-none-eabi/12.3.1/../../../../arm-none-eabi/lib/thumb/v8-m.main/nofp\libg_nano.a(libc_a-nano-svfprintf.o)
                0x08000822                __ssputs_r
 .text._svfprintf_r
                0x080008d8      0x1f8 c:/users/dmitriy/appdata/roaming/xpacks/@xpack-dev-tools/arm-none-eabi-gcc/12.3.1-1.2.1/.content/bin/../lib/gcc/arm-none-eabi/12.3.1/../../../../arm-none-eabi/lib/thumb/v8-m.main/nofp\libg_nano.a(libc_a-nano-svfprintf.o)
                0x080008d8                _svfiprintf_r
                0x080008d8                _svfprintf_r
 .text._printf_common
                0x08000ad0       0xe4 c:/users/dmitriy/appdata/roaming/xpacks/@xpack-dev-tools/arm-none-eabi-gcc/12.3.1-1.2.1/.content/bin/../lib/gcc/arm-none-eabi/12.3.1/../../../../arm-none-eabi/lib/thumb/v8-m.main/nofp\libg_nano.a(libc_a-nano-vfprintf_i.o)
                0x08000ad0                _printf_common
 .text._printf_i
                0x08000bb4      0x258 c:/users/dmitriy/appdata/roaming/xpacks/@xpack-dev-tools/arm-none-eabi-gcc/12.3.1-1.2.1/.content/bin/../lib/gcc/arm-none-eabi/12.3.1/../../../../arm-none-eabi/lib/thumb/v8-m.main/nofp\libg_nano.a(libc_a-nano-vfprintf_i.o)
                0x08000bb4                _printf_i
 .text.memmove  0x08000e0c       0x34 c:/users/dmitriy/appdata/roaming/xpacks/@xpack-dev-tools/arm-none-eabi-gcc/12.3.1-1.2.1/.content/bin/../lib/gcc/arm-none-eabi/12.3.1/../../../../arm-none-eabi/lib/thumb/v8-m.main/nofp\libg_nano.a(libc_a-memmove.o)
                0x08000e0c                memmove
 .text.memchr   0x08000e40       0x1c c:/users/dmitriy/appdata/roaming/xpacks/@xpack-dev-tools/arm-none-eabi-gcc/12.3.1-1.2.1/.content/bin/../lib/gcc/arm-none-eabi/12.3.1/../../../../arm-none-eabi/lib/thumb/v8-m.main/nofp\libg_nano.a(libc_a-memchr-stub.o)
                0x08000e40                memchr
 .text._free_r  0x08000e5c       0x94 c:/users/dmitriy/appdata/roaming/xpacks/@xpack-dev-tools/arm-none-eabi-gcc/12.3.1-1.2.1/.content/bin/../lib/gcc/arm-none-eabi/12.3.1/../../../../arm-none-eabi/lib/thumb/v8-m.main/nofp\libg_nano.a(libc_a-freer.o)
                0x08000e5c                _free_r
 .text.sbrk_aligned
                0x08000ef0       0x44 c:/users/dmitriy/appdata/roaming/xpacks/@xpack-dev-tools/arm-none-eabi-gcc/12.3.1-1.2.1/.content/bin/../lib/gcc/arm-none-eabi/12.3.1/../../../../arm-none-eabi/lib/thumb/v8-m.main/nofp\libg_nano.a(libc_a-mallocr.o)
 .text._malloc_r
                0x08000f34      0x100 c:/users/dmitriy/appdata/roaming/xpacks/@xpack-dev-tools/arm-none-eabi-gcc/12.3.1-1.2.1/.content/bin/../lib/gcc/arm-none-eabi/12.3.1/../../../../arm-none-eabi/lib/thumb/v8-m.main/nofp\libg_nano.a(libc_a-mallocr.o)
                0x08000f34                _malloc_r
 .text.__malloc_lock
                0x08001034        0xc c:/users/dmitriy/appdata/roaming/xpacks/@xpack-dev-tools/arm-none-eabi-gcc/12.3.1-1.2.1/.content/bin/../lib/gcc/arm-none-eabi/12.3.1/../../../../arm-none-eabi/lib/thumb/v8-m.main/nofp\libg_nano.a(libc_a-mlock.o)
                0x08001034                __malloc_lock
 .text.__malloc_unlock
                0x08001040        0xc c:/users/dmitriy/appdata/roaming/xpacks/@xpack-dev-tools/arm-none-eabi-gcc/12.3.1-1.2.1/.content/bin/../lib/gcc/arm-none-eabi/12.3.1/../../../../arm-none-eabi/lib/thumb/v8-m.main/nofp\libg_nano.a(libc_a-mlock.o)
                0x08001040                __malloc_unlock
 .text._realloc_r
                0x0800104c       0x5c c:/users/dmitriy/appdata/roaming/xpacks/@xpack-dev-tools/arm-none-eabi-gcc/12.3.1-1.2.1/.content/bin/../lib/gcc/arm-none-eabi/12.3.1/../../../../arm-none-eabi/lib/thumb/v8-m.main/nofp\libg_nano.a(libc_a-reallocr.o)
                0x0800104c                _realloc_r
 .text._sbrk_r  0x080010a8       0x20 c:/users/dmitriy/appdata/roaming/xpacks/@xpack-dev-tools/arm-none-eabi-gcc/12.3.1-1.2.1/.content/bin/../lib/gcc/arm-none-eabi/12.3.1/../../../../arm-none-eabi/lib/thumb/v8-m.main/nofp\libg_nano.a(libc_a-sbrkr.o)
                0x080010a8                _sbrk_r
 .text.__retarget_lock_acquire_recursive
                0x080010c8        0x2 c:/users/dmitriy/appdata/roaming/xpacks/@xpack-dev-tools/arm-none-eabi-gcc/12.3.1-1.2.1/.content/bin/../lib/gcc/arm-none-eabi/12.3.1/../../../../arm-none-eabi/lib/thumb/v8-m.main/nofp\libg_nano.a(libc_a-lock.o)
                0x080010c8                __retarget_lock_acquire_recursive
 .text.__retarget_lock_release_recursive
                0x080010ca        0x2 c:/users/dmitriy/appdata/roaming/xpacks/@xpack-dev-tools/arm-none-eabi-gcc/12.3.1-1.2.1/.content/bin/../lib/gcc/arm-none-eabi/12.3.1/../../../../arm-none-eabi/lib/thumb/v8-m.main/nofp\libg_nano.a(libc_a-lock.o)
                0x080010ca                __retarget_lock_release_recursive
 .text._malloc_usable_size_r
                0x080010cc       0x10 c:/users/dmitriy/appdata/roaming/xpacks/@xpack-dev-tools/arm-none-eabi-gcc/12.3.1-1.2.1/.content/bin/../lib/gcc/arm-none-eabi/12.3.1/../../../../arm-none-eabi/lib/thumb/v8-m.main/nofp\libg_nano.a(libc_a-msizer.o)
                0x080010cc                _malloc_usable_size_r
 *(.rodata .rodata.* .constdata .constdata.*)
 .rodata.trace_puts.str1.4
                0x080010dc        0x2 ./system/src/diag/trace.o
 *fill*         0x080010de        0x2 
 .rodata        0x080010e0       0x10 ./system/src/cmsis/system_gd32w51x.o
 .rodata.main.str1.4
                0x080010f0       0x37 ./src/main.o
 .rodata._svfprintf_r.str1.1
                0x08001127       0x11 c:/users/dmitriy/appdata/roaming/xpacks/@xpack-dev-tools/arm-none-eabi-gcc/12.3.1-1.2.1/.content/bin/../lib/gcc/arm-none-eabi/12.3.1/../../../../arm-none-eabi/lib/thumb/v8-m.main/nofp\libg_nano.a(libc_a-nano-svfprintf.o)
 .rodata._printf_i.str1.1
                0x08001138       0x22 c:/users/dmitriy/appdata/roaming/xpacks/@xpack-dev-tools/arm-none-eabi-gcc/12.3.1-1.2.1/.content/bin/../lib/gcc/arm-none-eabi/12.3.1/../../../../arm-none-eabi/lib/thumb/v8-m.main/nofp\libg_nano.a(libc_a-nano-vfprintf_i.o)
 *(vtable)
 *(.eh_frame*)
 *fill*         0x0800115a        0x2 
 .eh_frame      0x0800115c       0x28 c:/users/dmitriy/appdata/roaming/xpacks/@xpack-dev-tools/arm-none-eabi-gcc/12.3.1-1.2.1/.content/bin/../lib/gcc/arm-none-eabi/12.3.1/../../../../arm-none-eabi/lib/thumb/v8-m.main/nofp\libg_nano.a(libc_a-strlen.o)
 *(.glue_7)
 .glue_7        0x08001184        0x0 linker stubs
 *(.glue_7t)
 .glue_7t       0x08001184        0x0 linker stubs

.vfp11_veneer   0x08001184        0x0
 .vfp11_veneer  0x08001184        0x0 linker stubs

.v4_bx          0x08001184        0x0
 .v4_bx         0x08001184        0x0 linker stubs

.iplt           0x08001184        0x0
 .iplt          0x08001184        0x0 ./system/src/newlib/sbrk.o

.ARM.extab
 *(.ARM.extab* .gnu.linkonce.armextab.*)
                0x08001184                        . = ALIGN (0x4)
                0x08001184                        __exidx_start = .

.ARM.exidx      0x08001184        0x8
 *(.ARM.exidx* .gnu.linkonce.armexidx.*)
 .ARM.exidx     0x08001184        0x8 c:/users/dmitriy/appdata/roaming/xpacks/@xpack-dev-tools/arm-none-eabi-gcc/12.3.1-1.2.1/.content/bin/../lib/gcc/arm-none-eabi/12.3.1/../../../../arm-none-eabi/lib/thumb/v8-m.main/nofp\libg_nano.a(libc_a-strlen.o)
                0x0800118c                        __exidx_end = .

.rel.dyn        0x0800118c        0x0
 .rel.iplt      0x0800118c        0x0 ./system/src/newlib/sbrk.o
                0x0800118c                        . = ALIGN (0x4)
                0x0800118c                        _etext = .
                0x0800118c                        __etext = .

.data_CCMRAM    0x10000000        0x0 load address 0x0800118c
 FILL mask 0xff
 *(.data.CCMRAM .data.CCMRAM.*)
                0x10000000                        . = ALIGN (0x4)
                0x0800118c                        _sidata = LOADADDR (.data)

.data           0x20000000       0x64 load address 0x0800118c
 FILL mask 0xff
                0x20000000                        _sdata = .
                0x20000000                        __data_start__ = .
 *(.data_begin .data_begin.*)
 .data_begin    0x20000000        0x4 ./system/src/newlib/startup.o
 *(.data .data.*)
 .data.argv.1   0x20000004        0x8 ./system/src/newlib/syscalls.o
 .data.SystemCoreClock
                0x2000000c        0x4 ./system/src/cmsis/system_gd32w51x.o
                0x2000000c                SystemCoreClock
 .data._impure_ptr
                0x20000010        0x4 c:/users/dmitriy/appdata/roaming/xpacks/@xpack-dev-tools/arm-none-eabi-gcc/12.3.1-1.2.1/.content/bin/../lib/gcc/arm-none-eabi/12.3.1/../../../../arm-none-eabi/lib/thumb/v8-m.main/nofp\libg_nano.a(libc_a-impure.o)
                0x20000010                _impure_ptr
 .data._impure_data
                0x20000014       0x4c c:/users/dmitriy/appdata/roaming/xpacks/@xpack-dev-tools/arm-none-eabi-gcc/12.3.1-1.2.1/.content/bin/../lib/gcc/arm-none-eabi/12.3.1/../../../../arm-none-eabi/lib/thumb/v8-m.main/nofp\libg_nano.a(libc_a-impure.o)
                0x20000014                _impure_data
 *(.data_end .data_end.*)
 .data_end      0x20000060        0x4 ./system/src/newlib/startup.o
                0x20000064                        . = ALIGN (0x4)
                0x20000064                        _edata = .
                0x20000064                        __data_end__ = .

.igot.plt       0x20000064        0x0 load address 0x080011f0
 .igot.plt      0x20000064        0x0 ./system/src/newlib/sbrk.o

.bss_CCMRAM     0x10000000        0x0
 *(.bss.CCMRAM .bss.CCMRAM.*)

.bss            0x20000064       0xa4
                0x20000064                        __bss_start__ = .
                0x20000064                        _sbss = .
 *(.bss_begin .bss_begin.*)
 .bss_begin     0x20000064        0x4 ./system/src/newlib/startup.o
 *(.bss .bss.*)
 .bss.current_heap_end.0
                0x20000068        0x4 ./system/src/newlib/sbrk.o
 .bss.name.0    0x2000006c        0x1 ./system/src/newlib/syscalls.o
 *fill*         0x2000006d        0x3 
 .bss.errno     0x20000070        0x4 ./system/src/newlib/syscalls.o
                0x20000070                errno
 .bss.buf.0     0x20000074       0x80 ./system/src/diag/trace.o
 .bss.timer_delayCount
                0x200000f4        0x4 ./src/timer.o
                0x200000f4                timer_delayCount
 .bss.__malloc_sbrk_start
                0x200000f8        0x4 c:/users/dmitriy/appdata/roaming/xpacks/@xpack-dev-tools/arm-none-eabi-gcc/12.3.1-1.2.1/.content/bin/../lib/gcc/arm-none-eabi/12.3.1/../../../../arm-none-eabi/lib/thumb/v8-m.main/nofp\libg_nano.a(libc_a-mallocr.o)
                0x200000f8                __malloc_sbrk_start
 .bss.__malloc_free_list
                0x200000fc        0x4 c:/users/dmitriy/appdata/roaming/xpacks/@xpack-dev-tools/arm-none-eabi-gcc/12.3.1-1.2.1/.content/bin/../lib/gcc/arm-none-eabi/12.3.1/../../../../arm-none-eabi/lib/thumb/v8-m.main/nofp\libg_nano.a(libc_a-mallocr.o)
                0x200000fc                __malloc_free_list
 .bss.__lock___malloc_recursive_mutex
                0x20000100        0x1 c:/users/dmitriy/appdata/roaming/xpacks/@xpack-dev-tools/arm-none-eabi-gcc/12.3.1-1.2.1/.content/bin/../lib/gcc/arm-none-eabi/12.3.1/../../../../arm-none-eabi/lib/thumb/v8-m.main/nofp\libg_nano.a(libc_a-lock.o)
                0x20000100                __lock___malloc_recursive_mutex
 *(COMMON)
 *(.bss_end .bss_end.*)
 *fill*         0x20000101        0x3 
 .bss_end       0x20000104        0x4 ./system/src/newlib/startup.o
                0x20000108                        . = ALIGN (0x4)
                0x20000108                        __bss_end__ = .
                0x20000108                        _ebss = .

.noinit_CCMRAM
 *(.noinit.CCMRAM .noinit.CCMRAM.*)

.noinit         0x20000108        0x0
                0x20000108                        _noinit = .
 *(.noinit .noinit.*)
                0x20000108                        . = ALIGN (0x4)
                0x20000108                        _end_noinit = .
                [!provide]                        PROVIDE (end = _end_noinit)
                [!provide]                        PROVIDE (_end = _end_noinit)
                [!provide]                        PROVIDE (__end = _end_noinit)
                [!provide]                        PROVIDE (__end__ = _end_noinit)

._check_stack   0x20000108      0x100
                0x20000208                        . = (. + _Minimum_Stack_Size)
 *fill*         0x20000108      0x100 

.b1text
 *(.b1text)
 *(.b1rodata)
 *(.b1rodata.*)

.eb0text
 *(.eb0text)
 *(.eb0rodata)
 *(.eb0rodata.*)

.eb1text
 *(.eb1text)
 *(.eb1rodata)
 *(.eb1rodata.*)

.eb2text
 *(.eb2text)
 *(.eb2rodata)
 *(.eb2rodata.*)

.eb3text
 *(.eb3text)
 *(.eb3rodata)
 *(.eb3rodata.*)

.stab
 *(.stab)

.stabstr
 *(.stabstr)

.stab.excl
 *(.stab.excl)

.stab.exclstr
 *(.stab.exclstr)

.stab.index
 *(.stab.index)

.stab.indexstr
 *(.stab.indexstr)

.comment        0x00000000       0x39
 *(.comment)
 .comment       0x00000000       0x39 ./system/src/newlib/exit.o
                                 0x3a (size before relaxing)
 .comment       0x00000039       0x3a ./system/src/newlib/sbrk.o
 .comment       0x00000039       0x3a ./system/src/newlib/startup.o
 .comment       0x00000039       0x3a ./system/src/newlib/syscalls.o
 .comment       0x00000039       0x3a ./system/src/gd32w51x/gd32w51x_it.o
 .comment       0x00000039       0x3a ./system/src/diag/trace-impl.o
 .comment       0x00000039       0x3a ./system/src/diag/trace.o
 .comment       0x00000039       0x3a ./system/src/cortexm/exception-handlers.o
 .comment       0x00000039       0x3a ./system/src/cortexm/initialize-hardware.o
 .comment       0x00000039       0x3a ./system/src/cmsis/system_gd32w51x.o
 .comment       0x00000039       0x3a ./system/src/cmsis/vectors_gd32w51x.o
 .comment       0x00000039       0x3a ./src/main.o
 .comment       0x00000039       0x3a ./src/timer.o
 .comment       0x00000039       0x3a c:/users/dmitriy/appdata/roaming/xpacks/@xpack-dev-tools/arm-none-eabi-gcc/12.3.1-1.2.1/.content/bin/../lib/gcc/arm-none-eabi/12.3.1/../../../../arm-none-eabi/lib/thumb/v8-m.main/nofp\libg_nano.a(libc_a-vsnprintf.o)
 .comment       0x00000039       0x3a c:/users/dmitriy/appdata/roaming/xpacks/@xpack-dev-tools/arm-none-eabi-gcc/12.3.1-1.2.1/.content/bin/../lib/gcc/arm-none-eabi/12.3.1/../../../../arm-none-eabi/lib/thumb/v8-m.main/nofp\libg_nano.a(libc_a-impure.o)
 .comment       0x00000039       0x3a c:/users/dmitriy/appdata/roaming/xpacks/@xpack-dev-tools/arm-none-eabi-gcc/12.3.1-1.2.1/.content/bin/../lib/gcc/arm-none-eabi/12.3.1/../../../../arm-none-eabi/lib/thumb/v8-m.main/nofp\libg_nano.a(libc_a-errno.o)
 .comment       0x00000039       0x3a c:/users/dmitriy/appdata/roaming/xpacks/@xpack-dev-tools/arm-none-eabi-gcc/12.3.1-1.2.1/.content/bin/../lib/gcc/arm-none-eabi/12.3.1/../../../../arm-none-eabi/lib/thumb/v8-m.main/nofp\libg_nano.a(libc_a-memcpy-stub.o)
 .comment       0x00000039       0x3a c:/users/dmitriy/appdata/roaming/xpacks/@xpack-dev-tools/arm-none-eabi-gcc/12.3.1-1.2.1/.content/bin/../lib/gcc/arm-none-eabi/12.3.1/../../../../arm-none-eabi/lib/thumb/v8-m.main/nofp\libg_nano.a(libc_a-nano-svfprintf.o)
 .comment       0x00000039       0x3a c:/users/dmitriy/appdata/roaming/xpacks/@xpack-dev-tools/arm-none-eabi-gcc/12.3.1-1.2.1/.content/bin/../lib/gcc/arm-none-eabi/12.3.1/../../../../arm-none-eabi/lib/thumb/v8-m.main/nofp\libg_nano.a(libc_a-nano-vfprintf_i.o)
 .comment       0x00000039       0x3a c:/users/dmitriy/appdata/roaming/xpacks/@xpack-dev-tools/arm-none-eabi-gcc/12.3.1-1.2.1/.content/bin/../lib/gcc/arm-none-eabi/12.3.1/../../../../arm-none-eabi/lib/thumb/v8-m.main/nofp\libg_nano.a(libc_a-memmove.o)
 .comment       0x00000039       0x3a c:/users/dmitriy/appdata/roaming/xpacks/@xpack-dev-tools/arm-none-eabi-gcc/12.3.1-1.2.1/.content/bin/../lib/gcc/arm-none-eabi/12.3.1/../../../../arm-none-eabi/lib/thumb/v8-m.main/nofp\libg_nano.a(libc_a-memchr-stub.o)
 .comment       0x00000039       0x3a c:/users/dmitriy/appdata/roaming/xpacks/@xpack-dev-tools/arm-none-eabi-gcc/12.3.1-1.2.1/.content/bin/../lib/gcc/arm-none-eabi/12.3.1/../../../../arm-none-eabi/lib/thumb/v8-m.main/nofp\libg_nano.a(libc_a-freer.o)
 .comment       0x00000039       0x3a c:/users/dmitriy/appdata/roaming/xpacks/@xpack-dev-tools/arm-none-eabi-gcc/12.3.1-1.2.1/.content/bin/../lib/gcc/arm-none-eabi/12.3.1/../../../../arm-none-eabi/lib/thumb/v8-m.main/nofp\libg_nano.a(libc_a-mallocr.o)
 .comment       0x00000039       0x3a c:/users/dmitriy/appdata/roaming/xpacks/@xpack-dev-tools/arm-none-eabi-gcc/12.3.1-1.2.1/.content/bin/../lib/gcc/arm-none-eabi/12.3.1/../../../../arm-none-eabi/lib/thumb/v8-m.main/nofp\libg_nano.a(libc_a-mlock.o)
 .comment       0x00000039       0x3a c:/users/dmitriy/appdata/roaming/xpacks/@xpack-dev-tools/arm-none-eabi-gcc/12.3.1-1.2.1/.content/bin/../lib/gcc/arm-none-eabi/12.3.1/../../../../arm-none-eabi/lib/thumb/v8-m.main/nofp\libg_nano.a(libc_a-reallocr.o)
 .comment       0x00000039       0x3a c:/users/dmitriy/appdata/roaming/xpacks/@xpack-dev-tools/arm-none-eabi-gcc/12.3.1-1.2.1/.content/bin/../lib/gcc/arm-none-eabi/12.3.1/../../../../arm-none-eabi/lib/thumb/v8-m.main/nofp\libg_nano.a(libc_a-sbrkr.o)
 .comment       0x00000039       0x3a c:/users/dmitriy/appdata/roaming/xpacks/@xpack-dev-tools/arm-none-eabi-gcc/12.3.1-1.2.1/.content/bin/../lib/gcc/arm-none-eabi/12.3.1/../../../../arm-none-eabi/lib/thumb/v8-m.main/nofp\libg_nano.a(libc_a-lock.o)
 .comment       0x00000039       0x3a c:/users/dmitriy/appdata/roaming/xpacks/@xpack-dev-tools/arm-none-eabi-gcc/12.3.1-1.2.1/.content/bin/../lib/gcc/arm-none-eabi/12.3.1/../../../../arm-none-eabi/lib/thumb/v8-m.main/nofp\libg_nano.a(libc_a-msizer.o)

.ARM.attributes
                0x00000000       0x32
 .ARM.attributes
                0x00000000       0x34 ./system/src/newlib/exit.o
 .ARM.attributes
                0x00000034       0x34 ./system/src/newlib/sbrk.o
 .ARM.attributes
                0x00000068       0x34 ./system/src/newlib/startup.o
 .ARM.attributes
                0x0000009c       0x34 ./system/src/newlib/syscalls.o
 .ARM.attributes
                0x000000d0       0x34 ./system/src/gd32w51x/gd32w51x_it.o
 .ARM.attributes
                0x00000104       0x34 ./system/src/diag/trace-impl.o
 .ARM.attributes
                0x00000138       0x34 ./system/src/diag/trace.o
 .ARM.attributes
                0x0000016c       0x34 ./system/src/cortexm/exception-handlers.o
 .ARM.attributes
                0x000001a0       0x34 ./system/src/cortexm/initialize-hardware.o
 .ARM.attributes
                0x000001d4       0x34 ./system/src/cmsis/system_gd32w51x.o
 .ARM.attributes
                0x00000208       0x34 ./system/src/cmsis/vectors_gd32w51x.o
 .ARM.attributes
                0x0000023c       0x34 ./src/main.o
 .ARM.attributes
                0x00000270       0x34 ./src/timer.o
 .ARM.attributes
                0x000002a4       0x32 c:/users/dmitriy/appdata/roaming/xpacks/@xpack-dev-tools/arm-none-eabi-gcc/12.3.1-1.2.1/.content/bin/../lib/gcc/arm-none-eabi/12.3.1/../../../../arm-none-eabi/lib/thumb/v8-m.main/nofp\libg_nano.a(libc_a-vsnprintf.o)
 .ARM.attributes
                0x000002d6       0x32 c:/users/dmitriy/appdata/roaming/xpacks/@xpack-dev-tools/arm-none-eabi-gcc/12.3.1-1.2.1/.content/bin/../lib/gcc/arm-none-eabi/12.3.1/../../../../arm-none-eabi/lib/thumb/v8-m.main/nofp\libg_nano.a(libc_a-impure.o)
 .ARM.attributes
                0x00000308       0x32 c:/users/dmitriy/appdata/roaming/xpacks/@xpack-dev-tools/arm-none-eabi-gcc/12.3.1-1.2.1/.content/bin/../lib/gcc/arm-none-eabi/12.3.1/../../../../arm-none-eabi/lib/thumb/v8-m.main/nofp\libg_nano.a(libc_a-errno.o)
 .ARM.attributes
                0x0000033a       0x32 c:/users/dmitriy/appdata/roaming/xpacks/@xpack-dev-tools/arm-none-eabi-gcc/12.3.1-1.2.1/.content/bin/../lib/gcc/arm-none-eabi/12.3.1/../../../../arm-none-eabi/lib/thumb/v8-m.main/nofp\libg_nano.a(libc_a-memcpy-stub.o)
 .ARM.attributes
                0x0000036c       0x20 c:/users/dmitriy/appdata/roaming/xpacks/@xpack-dev-tools/arm-none-eabi-gcc/12.3.1-1.2.1/.content/bin/../lib/gcc/arm-none-eabi/12.3.1/../../../../arm-none-eabi/lib/thumb/v8-m.main/nofp\libg_nano.a(libc_a-strlen.o)
 .ARM.attributes
                0x0000038c       0x32 c:/users/dmitriy/appdata/roaming/xpacks/@xpack-dev-tools/arm-none-eabi-gcc/12.3.1-1.2.1/.content/bin/../lib/gcc/arm-none-eabi/12.3.1/../../../../arm-none-eabi/lib/thumb/v8-m.main/nofp\libg_nano.a(libc_a-nano-svfprintf.o)
 .ARM.attributes
                0x000003be       0x32 c:/users/dmitriy/appdata/roaming/xpacks/@xpack-dev-tools/arm-none-eabi-gcc/12.3.1-1.2.1/.content/bin/../lib/gcc/arm-none-eabi/12.3.1/../../../../arm-none-eabi/lib/thumb/v8-m.main/nofp\libg_nano.a(libc_a-nano-vfprintf_i.o)
 .ARM.attributes
                0x000003f0       0x32 c:/users/dmitriy/appdata/roaming/xpacks/@xpack-dev-tools/arm-none-eabi-gcc/12.3.1-1.2.1/.content/bin/../lib/gcc/arm-none-eabi/12.3.1/../../../../arm-none-eabi/lib/thumb/v8-m.main/nofp\libg_nano.a(libc_a-memmove.o)
 .ARM.attributes
                0x00000422       0x32 c:/users/dmitriy/appdata/roaming/xpacks/@xpack-dev-tools/arm-none-eabi-gcc/12.3.1-1.2.1/.content/bin/../lib/gcc/arm-none-eabi/12.3.1/../../../../arm-none-eabi/lib/thumb/v8-m.main/nofp\libg_nano.a(libc_a-memchr-stub.o)
 .ARM.attributes
                0x00000454       0x32 c:/users/dmitriy/appdata/roaming/xpacks/@xpack-dev-tools/arm-none-eabi-gcc/12.3.1-1.2.1/.content/bin/../lib/gcc/arm-none-eabi/12.3.1/../../../../arm-none-eabi/lib/thumb/v8-m.main/nofp\libg_nano.a(libc_a-freer.o)
 .ARM.attributes
                0x00000486       0x32 c:/users/dmitriy/appdata/roaming/xpacks/@xpack-dev-tools/arm-none-eabi-gcc/12.3.1-1.2.1/.content/bin/../lib/gcc/arm-none-eabi/12.3.1/../../../../arm-none-eabi/lib/thumb/v8-m.main/nofp\libg_nano.a(libc_a-mallocr.o)
 .ARM.attributes
                0x000004b8       0x32 c:/users/dmitriy/appdata/roaming/xpacks/@xpack-dev-tools/arm-none-eabi-gcc/12.3.1-1.2.1/.content/bin/../lib/gcc/arm-none-eabi/12.3.1/../../../../arm-none-eabi/lib/thumb/v8-m.main/nofp\libg_nano.a(libc_a-mlock.o)
 .ARM.attributes
                0x000004ea       0x32 c:/users/dmitriy/appdata/roaming/xpacks/@xpack-dev-tools/arm-none-eabi-gcc/12.3.1-1.2.1/.content/bin/../lib/gcc/arm-none-eabi/12.3.1/../../../../arm-none-eabi/lib/thumb/v8-m.main/nofp\libg_nano.a(libc_a-reallocr.o)
 .ARM.attributes
                0x0000051c       0x32 c:/users/dmitriy/appdata/roaming/xpacks/@xpack-dev-tools/arm-none-eabi-gcc/12.3.1-1.2.1/.content/bin/../lib/gcc/arm-none-eabi/12.3.1/../../../../arm-none-eabi/lib/thumb/v8-m.main/nofp\libg_nano.a(libc_a-sbrkr.o)
 .ARM.attributes
                0x0000054e       0x32 c:/users/dmitriy/appdata/roaming/xpacks/@xpack-dev-tools/arm-none-eabi-gcc/12.3.1-1.2.1/.content/bin/../lib/gcc/arm-none-eabi/12.3.1/../../../../arm-none-eabi/lib/thumb/v8-m.main/nofp\libg_nano.a(libc_a-lock.o)
 .ARM.attributes
                0x00000580       0x32 c:/users/dmitriy/appdata/roaming/xpacks/@xpack-dev-tools/arm-none-eabi-gcc/12.3.1-1.2.1/.content/bin/../lib/gcc/arm-none-eabi/12.3.1/../../../../arm-none-eabi/lib/thumb/v8-m.main/nofp\libg_nano.a(libc_a-msizer.o)

.debug
 *(.debug)

.line
 *(.line)

.debug_srcinfo
 *(.debug_srcinfo)

.debug_sfnames
 *(.debug_sfnames)

.debug_aranges  0x00000000      0x290
 *(.debug_aranges)
 .debug_aranges
                0x00000000       0x28 ./system/src/newlib/exit.o
 .debug_aranges
                0x00000028       0x20 ./system/src/newlib/sbrk.o
 .debug_aranges
                0x00000048       0x40 ./system/src/newlib/startup.o
 .debug_aranges
                0x00000088       0x30 ./system/src/newlib/syscalls.o
 .debug_aranges
                0x000000b8       0x58 ./system/src/gd32w51x/gd32w51x_it.o
 .debug_aranges
                0x00000110       0x30 ./system/src/diag/trace-impl.o
 .debug_aranges
                0x00000140       0x38 ./system/src/diag/trace.o
 .debug_aranges
                0x00000178       0x40 ./system/src/cortexm/exception-handlers.o
 .debug_aranges
                0x000001b8       0x28 ./system/src/cortexm/initialize-hardware.o
 .debug_aranges
                0x000001e0       0x38 ./system/src/cmsis/system_gd32w51x.o
 .debug_aranges
                0x00000218       0x20 ./system/src/cmsis/vectors_gd32w51x.o
 .debug_aranges
                0x00000238       0x20 ./src/main.o
 .debug_aranges
                0x00000258       0x38 ./src/timer.o

.debug_pubnames
 *(.debug_pubnames)

.debug_info     0x00000000     0x209c
 *(.debug_info .gnu.linkonce.wi.*)
 .debug_info    0x00000000      0x104 ./system/src/newlib/exit.o
 .debug_info    0x00000104      0x10f ./system/src/newlib/sbrk.o
 .debug_info    0x00000213      0x48f ./system/src/newlib/startup.o
 .debug_info    0x000006a2      0x1c3 ./system/src/newlib/syscalls.o
 .debug_info    0x00000865       0xf1 ./system/src/gd32w51x/gd32w51x_it.o
 .debug_info    0x00000956      0x319 ./system/src/diag/trace-impl.o
 .debug_info    0x00000c6f      0x34b ./system/src/diag/trace.o
 .debug_info    0x00000fba       0xe8 ./system/src/cortexm/exception-handlers.o
 .debug_info    0x000010a2       0xb9 ./system/src/cortexm/initialize-hardware.o
 .debug_info    0x0000115b      0x3de ./system/src/cmsis/system_gd32w51x.o
 .debug_info    0x00001539       0xf6 ./system/src/cmsis/vectors_gd32w51x.o
 .debug_info    0x0000162f      0x1ba ./src/main.o
 .debug_info    0x000017e9      0x8b3 ./src/timer.o

.debug_abbrev   0x00000000      0xf20
 *(.debug_abbrev)
 .debug_abbrev  0x00000000       0xc5 ./system/src/newlib/exit.o
 .debug_abbrev  0x000000c5       0xcc ./system/src/newlib/sbrk.o
 .debug_abbrev  0x00000191      0x20e ./system/src/newlib/startup.o
 .debug_abbrev  0x0000039f      0x118 ./system/src/newlib/syscalls.o
 .debug_abbrev  0x000004b7       0x47 ./system/src/gd32w51x/gd32w51x_it.o
 .debug_abbrev  0x000004fe      0x1e6 ./system/src/diag/trace-impl.o
 .debug_abbrev  0x000006e4      0x184 ./system/src/diag/trace.o
 .debug_abbrev  0x00000868       0x9b ./system/src/cortexm/exception-handlers.o
 .debug_abbrev  0x00000903       0x7e ./system/src/cortexm/initialize-hardware.o
 .debug_abbrev  0x00000981      0x1eb ./system/src/cmsis/system_gd32w51x.o
 .debug_abbrev  0x00000b6c       0xb8 ./system/src/cmsis/vectors_gd32w51x.o
 .debug_abbrev  0x00000c24      0x117 ./src/main.o
 .debug_abbrev  0x00000d3b      0x1e5 ./src/timer.o

.debug_line     0x00000000     0x4697
 *(.debug_line)
 .debug_line    0x00000000      0x40e ./system/src/newlib/exit.o
 .debug_line    0x0000040e      0x3ff ./system/src/newlib/sbrk.o
 .debug_line    0x0000080d      0x635 ./system/src/newlib/startup.o
 .debug_line    0x00000e42      0x556 ./system/src/newlib/syscalls.o
 .debug_line    0x00001398      0x527 ./system/src/gd32w51x/gd32w51x_it.o
 .debug_line    0x000018bf      0x7ed ./system/src/diag/trace-impl.o
 .debug_line    0x000020ac      0x4e9 ./system/src/diag/trace.o
 .debug_line    0x00002595      0x80b ./system/src/cortexm/exception-handlers.o
 .debug_line    0x00002da0      0x43c ./system/src/cortexm/initialize-hardware.o
 .debug_line    0x000031dc      0x6fd ./system/src/cmsis/system_gd32w51x.o
 .debug_line    0x000038d9      0x142 ./system/src/cmsis/vectors_gd32w51x.o
 .debug_line    0x00003a1b      0x77f ./src/main.o
 .debug_line    0x0000419a      0x4fd ./src/timer.o

.debug_frame    0x00000000      0x470
 *(.debug_frame)
 .debug_frame   0x00000000       0x38 ./system/src/newlib/exit.o
 .debug_frame   0x00000038       0x28 ./system/src/newlib/sbrk.o
 .debug_frame   0x00000060       0x7c ./system/src/newlib/startup.o
 .debug_frame   0x000000dc       0x50 ./system/src/newlib/syscalls.o
 .debug_frame   0x0000012c       0x90 ./system/src/gd32w51x/gd32w51x_it.o
 .debug_frame   0x000001bc       0x64 ./system/src/diag/trace-impl.o
 .debug_frame   0x00000220       0x94 ./system/src/diag/trace.o
 .debug_frame   0x000002b4       0x68 ./system/src/cortexm/exception-handlers.o
 .debug_frame   0x0000031c       0x40 ./system/src/cortexm/initialize-hardware.o
 .debug_frame   0x0000035c       0x74 ./system/src/cmsis/system_gd32w51x.o
 .debug_frame   0x000003d0       0x20 ./system/src/cmsis/vectors_gd32w51x.o
 .debug_frame   0x000003f0       0x28 ./src/main.o
 .debug_frame   0x00000418       0x58 ./src/timer.o

.debug_str      0x00000000    0x4820e
 *(.debug_str)
 .debug_str     0x00000000     0x7a7d ./system/src/newlib/exit.o
                               0x7be3 (size before relaxing)
 .debug_str     0x00007a7d      0x4df ./system/src/newlib/sbrk.o
                               0x6fc6 (size before relaxing)
 .debug_str     0x00007f5c      0xbb9 ./system/src/newlib/startup.o
                               0x6672 (size before relaxing)
 .debug_str     0x00008b15     0x1513 ./system/src/newlib/syscalls.o
                               0x8f55 (size before relaxing)
 .debug_str     0x0000a028    0x3c62b ./system/src/gd32w51x/gd32w51x_it.o
                              0x3fee2 (size before relaxing)
 .debug_str     0x00046653      0x37d ./system/src/diag/trace-impl.o
                              0x43ccc (size before relaxing)
 .debug_str     0x000469d0      0x7f6 ./system/src/diag/trace.o
                               0x8357 (size before relaxing)
 .debug_str     0x000471c6       0x8f ./system/src/cortexm/exception-handlers.o
                              0x44bcb (size before relaxing)
 .debug_str     0x00047255       0x4d ./system/src/cortexm/initialize-hardware.o
                              0x3feb8 (size before relaxing)
 .debug_str     0x000472a2      0x81b ./system/src/cmsis/system_gd32w51x.o
                              0x40678 (size before relaxing)
 .debug_str     0x00047abd       0x56 ./system/src/cmsis/vectors_gd32w51x.o
                               0x399e (size before relaxing)
 .debug_str     0x00047b13       0x6c ./src/main.o
                              0x45297 (size before relaxing)
 .debug_str     0x00047b7f      0x68f ./src/timer.o
                              0x40633 (size before relaxing)

.debug_loc
 *(.debug_loc)

.debug_macinfo
 *(.debug_macinfo)

.debug_weaknames
 *(.debug_weaknames)

.debug_funcnames
 *(.debug_funcnames)

.debug_typenames
 *(.debug_typenames)

.debug_varnames
 *(.debug_varnames)
OUTPUT(gd32w51x_template.elf elf32-littlearm)
LOAD linker stubs

.debug_loclists
                0x00000000      0x59e
 .debug_loclists
                0x00000000       0x17 ./system/src/newlib/exit.o
 .debug_loclists
                0x00000017       0x69 ./system/src/newlib/sbrk.o
 .debug_loclists
                0x00000080      0x1bc ./system/src/newlib/startup.o
 .debug_loclists
                0x0000023c       0x51 ./system/src/newlib/syscalls.o
 .debug_loclists
                0x0000028d       0xf5 ./system/src/diag/trace-impl.o
 .debug_loclists
                0x00000382       0xb2 ./system/src/diag/trace.o
 .debug_loclists
                0x00000434       0xd4 ./system/src/cmsis/system_gd32w51x.o
 .debug_loclists
                0x00000508       0x4f ./src/main.o
 .debug_loclists
                0x00000557       0x47 ./src/timer.o

.debug_rnglists
                0x00000000      0x1bb
 .debug_rnglists
                0x00000000       0x19 ./system/src/newlib/exit.o
 .debug_rnglists
                0x00000019       0x13 ./system/src/newlib/sbrk.o
 .debug_rnglists
                0x0000002c       0x2c ./system/src/newlib/startup.o
 .debug_rnglists
                0x00000058       0x1f ./system/src/newlib/syscalls.o
 .debug_rnglists
                0x00000077       0x3d ./system/src/gd32w51x/gd32w51x_it.o
 .debug_rnglists
                0x000000b4       0x2b ./system/src/diag/trace-impl.o
 .debug_rnglists
                0x000000df       0x25 ./system/src/diag/trace.o
 .debug_rnglists
                0x00000104       0x2b ./system/src/cortexm/exception-handlers.o
 .debug_rnglists
                0x0000012f       0x19 ./system/src/cortexm/initialize-hardware.o
 .debug_rnglists
                0x00000148       0x28 ./system/src/cmsis/system_gd32w51x.o
 .debug_rnglists
                0x00000170       0x13 ./system/src/cmsis/vectors_gd32w51x.o
 .debug_rnglists
                0x00000183       0x13 ./src/main.o
 .debug_rnglists
                0x00000196       0x25 ./src/timer.o

.debug_macro    0x00000000     0x2be0
 .debug_macro   0x00000000      0x1ae ./system/src/newlib/exit.o
 .debug_macro   0x000001ae      0x163 ./system/src/newlib/sbrk.o
 .debug_macro   0x00000311      0x189 ./system/src/newlib/sbrk.o
 .debug_macro   0x0000049a       0x10 ./system/src/newlib/sbrk.o
 .debug_macro   0x000004aa      0x23c ./system/src/newlib/sbrk.o
 .debug_macro   0x000006e6      0x15f ./system/src/newlib/startup.o
 .debug_macro   0x00000845      0x239 ./system/src/newlib/syscalls.o
 .debug_macro   0x00000a7e       0x1c ./system/src/newlib/syscalls.o
 .debug_macro   0x00000a9a       0x10 ./system/src/newlib/syscalls.o
 .debug_macro   0x00000aaa       0x10 ./system/src/newlib/syscalls.o
 .debug_macro   0x00000aba       0x10 ./system/src/newlib/syscalls.o
 .debug_macro   0x00000aca       0x35 ./system/src/newlib/syscalls.o
 .debug_macro   0x00000aff      0x12c ./system/src/newlib/syscalls.o
 .debug_macro   0x00000c2b       0xce ./system/src/newlib/syscalls.o
 .debug_macro   0x00000cf9       0x7c ./system/src/newlib/syscalls.o
 .debug_macro   0x00000d75       0x17 ./system/src/newlib/syscalls.o
 .debug_macro   0x00000d8c      0x118 ./system/src/newlib/syscalls.o
 .debug_macro   0x00000ea4      0x18a ./system/src/newlib/syscalls.o
 .debug_macro   0x0000102e       0x16 ./system/src/newlib/syscalls.o
 .debug_macro   0x00001044      0x1b6 ./system/src/gd32w51x/gd32w51x_it.o
 .debug_macro   0x000011fa      0x311 ./system/src/diag/trace-impl.o
 .debug_macro   0x0000150b       0x10 ./system/src/diag/trace-impl.o
 .debug_macro   0x0000151b       0xdd ./system/src/diag/trace-impl.o
 .debug_macro   0x000015f8       0x20 ./system/src/diag/trace-impl.o
 .debug_macro   0x00001618       0xc5 ./system/src/diag/trace-impl.o
 .debug_macro   0x000016dd       0x22 ./system/src/diag/trace-impl.o
 .debug_macro   0x000016ff      0x1f4 ./system/src/diag/trace.o
 .debug_macro   0x000018f3       0x16 ./system/src/diag/trace.o
 .debug_macro   0x00001909       0x9e ./system/src/diag/trace.o
 .debug_macro   0x000019a7      0x10b ./system/src/diag/trace.o
 .debug_macro   0x00001ab2       0x10 ./system/src/diag/trace.o
 .debug_macro   0x00001ac2       0x16 ./system/src/diag/trace.o
 .debug_macro   0x00001ad8       0x16 ./system/src/diag/trace.o
 .debug_macro   0x00001aee      0x170 ./system/src/diag/trace.o
 .debug_macro   0x00001c5e       0x4c ./system/src/diag/trace.o
 .debug_macro   0x00001caa       0xc1 ./system/src/diag/trace.o
 .debug_macro   0x00001d6b       0x16 ./system/src/diag/trace.o
 .debug_macro   0x00001d81      0x36f ./system/src/cortexm/exception-handlers.o
 .debug_macro   0x000020f0       0x10 ./system/src/cortexm/exception-handlers.o
 .debug_macro   0x00002100      0x1b6 ./system/src/cortexm/initialize-hardware.o
 .debug_macro   0x000022b6      0x1f5 ./system/src/cmsis/system_gd32w51x.o
 .debug_macro   0x000024ab      0x17f ./system/src/cmsis/system_gd32w51x.o
 .debug_macro   0x0000262a       0x34 ./system/src/cmsis/vectors_gd32w51x.o
 .debug_macro   0x0000265e      0x3a3 ./src/main.o
 .debug_macro   0x00002a01      0x1cf ./src/timer.o
 .debug_macro   0x00002bd0       0x10 ./src/timer.o
