Archive member included to satisfy reference by file (symbol)

C:/Users/Dmitriy/AppData/Roaming/xPacks/@xpack-dev-tools/arm-none-eabi-gcc/13.2.1-1.1.1/.content/bin/../lib/gcc/arm-none-eabi/13.2.1/thumb/v7e-m/nofp\libgcc.a(_aeabi_uldivmod.o)
                              ./system/src/cmsis/system_at32f423.o (__aeabi_uldivmod)
C:/Users/Dmitriy/AppData/Roaming/xPacks/@xpack-dev-tools/arm-none-eabi-gcc/13.2.1-1.1.1/.content/bin/../lib/gcc/arm-none-eabi/13.2.1/thumb/v7e-m/nofp\libgcc.a(_udivmoddi4.o)
                              C:/Users/Dmitriy/AppData/Roaming/xPacks/@xpack-dev-tools/arm-none-eabi-gcc/13.2.1-1.1.1/.content/bin/../lib/gcc/arm-none-eabi/13.2.1/thumb/v7e-m/nofp\libgcc.a(_aeabi_uldivmod.o) (__udivmoddi4)
C:/Users/Dmitriy/AppData/Roaming/xPacks/@xpack-dev-tools/arm-none-eabi-gcc/13.2.1-1.1.1/.content/bin/../lib/gcc/arm-none-eabi/13.2.1/thumb/v7e-m/nofp\libgcc.a(unwind-arm.o)
                              ./system/src/newlib/cxx.o (__aeabi_unwind_cpp_pr1)
C:/Users/Dmitriy/AppData/Roaming/xPacks/@xpack-dev-tools/arm-none-eabi-gcc/13.2.1-1.1.1/.content/bin/../lib/gcc/arm-none-eabi/13.2.1/thumb/v7e-m/nofp\libgcc.a(libunwind.o)
                              C:/Users/Dmitriy/AppData/Roaming/xPacks/@xpack-dev-tools/arm-none-eabi-gcc/13.2.1-1.1.1/.content/bin/../lib/gcc/arm-none-eabi/13.2.1/thumb/v7e-m/nofp\libgcc.a(unwind-arm.o) (restore_core_regs)
C:/Users/Dmitriy/AppData/Roaming/xPacks/@xpack-dev-tools/arm-none-eabi-gcc/13.2.1-1.1.1/.content/bin/../lib/gcc/arm-none-eabi/13.2.1/thumb/v7e-m/nofp\libgcc.a(pr-support.o)
                              C:/Users/Dmitriy/AppData/Roaming/xPacks/@xpack-dev-tools/arm-none-eabi-gcc/13.2.1-1.1.1/.content/bin/../lib/gcc/arm-none-eabi/13.2.1/thumb/v7e-m/nofp\libgcc.a(unwind-arm.o) (__gnu_unwind_execute)
C:/Users/Dmitriy/AppData/Roaming/xPacks/@xpack-dev-tools/arm-none-eabi-gcc/13.2.1-1.1.1/.content/bin/../lib/gcc/arm-none-eabi/13.2.1/thumb/v7e-m/nofp\libgcc.a(_dvmd_tls.o)
                              C:/Users/Dmitriy/AppData/Roaming/xPacks/@xpack-dev-tools/arm-none-eabi-gcc/13.2.1-1.1.1/.content/bin/../lib/gcc/arm-none-eabi/13.2.1/thumb/v7e-m/nofp\libgcc.a(_aeabi_uldivmod.o) (__aeabi_ldiv0)
C:/Users/Dmitriy/AppData/Roaming/xPacks/@xpack-dev-tools/arm-none-eabi-gcc/13.2.1-1.1.1/.content/bin/../lib/gcc/arm-none-eabi/13.2.1/../../../../arm-none-eabi/lib/thumb/v7e-m/nofp\libg_nano.a(libc_a-vsnprintf.o)
                              ./system/src/diag/trace.o (vsnprintf)
C:/Users/Dmitriy/AppData/Roaming/xPacks/@xpack-dev-tools/arm-none-eabi-gcc/13.2.1-1.1.1/.content/bin/../lib/gcc/arm-none-eabi/13.2.1/../../../../arm-none-eabi/lib/thumb/v7e-m/nofp\libg_nano.a(libc_a-impure.o)
                              C:/Users/Dmitriy/AppData/Roaming/xPacks/@xpack-dev-tools/arm-none-eabi-gcc/13.2.1-1.1.1/.content/bin/../lib/gcc/arm-none-eabi/13.2.1/../../../../arm-none-eabi/lib/thumb/v7e-m/nofp\libg_nano.a(libc_a-vsnprintf.o) (_impure_ptr)
C:/Users/Dmitriy/AppData/Roaming/xPacks/@xpack-dev-tools/arm-none-eabi-gcc/13.2.1-1.1.1/.content/bin/../lib/gcc/arm-none-eabi/13.2.1/../../../../arm-none-eabi/lib/thumb/v7e-m/nofp\libg_nano.a(libc_a-errno.o)
                              ./system/src/newlib/sbrk.o (__errno)
C:/Users/Dmitriy/AppData/Roaming/xPacks/@xpack-dev-tools/arm-none-eabi-gcc/13.2.1-1.1.1/.content/bin/../lib/gcc/arm-none-eabi/13.2.1/../../../../arm-none-eabi/lib/thumb/v7e-m/nofp\libg_nano.a(libc_a-memcpy-stub.o)
                              C:/Users/Dmitriy/AppData/Roaming/xPacks/@xpack-dev-tools/arm-none-eabi-gcc/13.2.1-1.1.1/.content/bin/../lib/gcc/arm-none-eabi/13.2.1/thumb/v7e-m/nofp\libgcc.a(unwind-arm.o) (memcpy)
C:/Users/Dmitriy/AppData/Roaming/xPacks/@xpack-dev-tools/arm-none-eabi-gcc/13.2.1-1.1.1/.content/bin/../lib/gcc/arm-none-eabi/13.2.1/../../../../arm-none-eabi/lib/thumb/v7e-m/nofp\libg_nano.a(libc_a-strlen.o)
                              ./system/src/diag/trace.o (strlen)
C:/Users/Dmitriy/AppData/Roaming/xPacks/@xpack-dev-tools/arm-none-eabi-gcc/13.2.1-1.1.1/.content/bin/../lib/gcc/arm-none-eabi/13.2.1/../../../../arm-none-eabi/lib/thumb/v7e-m/nofp\libg_nano.a(libc_a-nano-svfprintf.o)
                              C:/Users/Dmitriy/AppData/Roaming/xPacks/@xpack-dev-tools/arm-none-eabi-gcc/13.2.1-1.1.1/.content/bin/../lib/gcc/arm-none-eabi/13.2.1/../../../../arm-none-eabi/lib/thumb/v7e-m/nofp\libg_nano.a(libc_a-vsnprintf.o) (_svfprintf_r)
C:/Users/Dmitriy/AppData/Roaming/xPacks/@xpack-dev-tools/arm-none-eabi-gcc/13.2.1-1.1.1/.content/bin/../lib/gcc/arm-none-eabi/13.2.1/../../../../arm-none-eabi/lib/thumb/v7e-m/nofp\libg_nano.a(libc_a-nano-vfprintf_i.o)
                              C:/Users/Dmitriy/AppData/Roaming/xPacks/@xpack-dev-tools/arm-none-eabi-gcc/13.2.1-1.1.1/.content/bin/../lib/gcc/arm-none-eabi/13.2.1/../../../../arm-none-eabi/lib/thumb/v7e-m/nofp\libg_nano.a(libc_a-nano-svfprintf.o) (_printf_i)
[...]
Memory Configuration

Name             Origin             Length             Attributes
FLASH            0x08000000         0x00040000         xr
RAM              0x20000000         0x0000c000         xrw
CCMRAM           0x10000000         0x00000000         xrw
FLASHB1          0x00000000         0x00000000         xr
EXTMEMB0         0x00000000         0x00000000         xr
EXTMEMB1         0x00000000         0x00000000         xr
EXTMEMB2         0x00000000         0x00000000         xr
EXTMEMB3         0x00000000         0x00000000         xr
*default*        0x00000000         0xffffffff

Linker script and memory map

LOAD ./system/src/newlib/assert.o
LOAD ./system/src/newlib/cxx.o
LOAD ./system/src/newlib/exit.o
LOAD ./system/src/newlib/sbrk.o
LOAD ./system/src/newlib/startup.o
LOAD ./system/src/newlib/syscalls.o
LOAD ./system/src/diag/trace-impl.o
LOAD ./system/src/diag/trace.o
LOAD ./system/src/cortexm/exception-handlers.o
LOAD ./system/src/cortexm/initialize-hardware.o
LOAD ./system/src/cortexm/reset-hardware.o
LOAD ./system/src/cmsis/system_at32f423.o
LOAD ./system/src/cmsis/vectors_at32f423.o
LOAD ./system/src/at32f423/at32f423_acc.o
LOAD ./system/src/at32f423/at32f423_adc.o
LOAD ./system/src/at32f423/at32f423_can.o
LOAD ./system/src/at32f423/at32f423_crc.o
LOAD ./system/src/at32f423/at32f423_crm.o
LOAD ./system/src/at32f423/at32f423_dac.o
LOAD ./system/src/at32f423/at32f423_debug.o
LOAD ./system/src/at32f423/at32f423_dma.o
LOAD ./system/src/at32f423/at32f423_ertc.o
LOAD ./system/src/at32f423/at32f423_exint.o
LOAD ./system/src/at32f423/at32f423_flash.o
LOAD ./system/src/at32f423/at32f423_gpio.o
LOAD ./system/src/at32f423/at32f423_i2c.o
LOAD ./system/src/at32f423/at32f423_misc.o
LOAD ./system/src/at32f423/at32f423_pwc.o
LOAD ./system/src/at32f423/at32f423_scfg.o
LOAD ./system/src/at32f423/at32f423_spi.o
LOAD ./system/src/at32f423/at32f423_tmr.o
LOAD ./system/src/at32f423/at32f423_usart.o
LOAD ./system/src/at32f423/at32f423_usb.o
LOAD ./system/src/at32f423/at32f423_wdt.o
LOAD ./system/src/at32f423/at32f423_wwdt.o
LOAD ./system/src/at32f423/at32f423_xmc.o
LOAD ./src/main.o
LOAD ./src/timer.o
LOAD ./src/write.o
LOAD C:/Users/Dmitriy/AppData/Roaming/xPacks/@xpack-dev-tools/arm-none-eabi-gcc/13.2.1-1.1.1/.content/bin/../lib/gcc/arm-none-eabi/13.2.1/../../../../arm-none-eabi/lib/thumb/v7e-m/nofp\libstdc++_nano.a
LOAD C:/Users/Dmitriy/AppData/Roaming/xPacks/@xpack-dev-tools/arm-none-eabi-gcc/13.2.1-1.1.1/.content/bin/../lib/gcc/arm-none-eabi/13.2.1/../../../../arm-none-eabi/lib/thumb/v7e-m/nofp\libm.a
START GROUP
LOAD C:/Users/Dmitriy/AppData/Roaming/xPacks/@xpack-dev-tools/arm-none-eabi-gcc/13.2.1-1.1.1/.content/bin/../lib/gcc/arm-none-eabi/13.2.1/thumb/v7e-m/nofp\libgcc.a
LOAD C:/Users/Dmitriy/AppData/Roaming/xPacks/@xpack-dev-tools/arm-none-eabi-gcc/13.2.1-1.1.1/.content/bin/../lib/gcc/arm-none-eabi/13.2.1/../../../../arm-none-eabi/lib/thumb/v7e-m/nofp\libg_nano.a
LOAD C:/Users/Dmitriy/AppData/Roaming/xPacks/@xpack-dev-tools/arm-none-eabi-gcc/13.2.1-1.1.1/.content/bin/../lib/gcc/arm-none-eabi/13.2.1/../../../../arm-none-eabi/lib/thumb/v7e-m/nofp\libc_nano.a
END GROUP
START GROUP
LOAD C:/Users/Dmitriy/AppData/Roaming/xPacks/@xpack-dev-tools/arm-none-eabi-gcc/13.2.1-1.1.1/.content/bin/../lib/gcc/arm-none-eabi/13.2.1/thumb/v7e-m/nofp\libgcc.a
LOAD C:/Users/Dmitriy/AppData/Roaming/xPacks/@xpack-dev-tools/arm-none-eabi-gcc/13.2.1-1.1.1/.content/bin/../lib/gcc/arm-none-eabi/13.2.1/../../../../arm-none-eabi/lib/thumb/v7e-m/nofp\libc_nano.a
END GROUP
                0x2000c000                        __stack = (ORIGIN (RAM) + LENGTH (RAM))
                0x2000c000                        _estack = __stack
                0x00000400                        __Main_Stack_Size = 0x400
                [!provide]                        PROVIDE (_Main_Stack_Size = __Main_Stack_Size)
                0x2000bc00                        __Main_Stack_Limit = (__stack - __Main_Stack_Size)
                [!provide]                        PROVIDE (_Main_Stack_Limit = __Main_Stack_Limit)
                0x00000100                        _Minimum_Stack_Size = 0x100
                0x20000108                        PROVIDE (_Heap_Begin = _end_noinit)
                0x2000bc00                        PROVIDE (_Heap_Limit = (__stack - __Main_Stack_Size))

.isr_vector     0x08000000      0x422
 FILL mask 0xff
                0x08000000                        __vectors_start = ABSOLUTE (.)
                0x08000000                        __vectors_start__ = ABSOLUTE (.)
 *(.isr_vector)
 .isr_vector    0x08000000      0x1e0 ./system/src/cmsis/vectors_at32f423.o
                0x08000000                __isr_vectors
 *(.cfmconfig)
 *(.after_vectors .after_vectors.*)
 .after_vectors
                0x080001e0      0x114 ./system/src/newlib/startup.o
                0x080001e0                _start
 .after_vectors
                0x080002f4      0x12c ./system/src/cortexm/exception-handlers.o
                0x080002f4                Reset_Handler
                0x080002fa                NMI_Handler
                0x080002fe                HardFault_Handler
                0x08000312                HardFault_Handler_C
                0x08000370                MemManage_Handler
                0x08000374                BusFault_Handler
                0x08000388                BusFault_Handler_C
                0x080003bc                UsageFault_Handler
                0x080003d0                UsageFault_Handler_C
                0x08000404                SVC_Handler
                0x08000408                DebugMon_Handler
                0x0800040c                PendSV_Handler
 .after_vectors
                0x08000420        0x2 ./system/src/cmsis/vectors_at32f423.o
                0x08000420                EXINT2_IRQHandler
                0x08000420                I2C2_EVT_IRQHandler
                0x08000420                TMR1_OVF_TMR10_IRQHandler
                0x08000420                I2C1_ERR_IRQHandler
                0x08000420                EXINT9_5_IRQHandler
                0x08000420                TAMP_STAMP_IRQHandler
                0x08000420                CAN2_RX1_IRQHandler
                0x08000420                USART8_IRQHandler
                0x08000420                CAN1_RX0_IRQHandler
                0x08000420                FPU_IRQHandler
                0x08000420                SPI1_IRQHandler
                0x08000420                USART5_IRQHandler
                0x08000420                TMR6_DAC_GLOBAL_IRQHandler
                0x08000420                CAN2_RX0_IRQHandler
                0x08000420                OTGFS1_IRQHandler
                0x08000420                USART7_IRQHandler
                0x08000420                DMA2_Channel2_IRQHandler
                0x08000420                DMA1_Channel4_IRQHandler
                0x08000420                ADC1_IRQHandler
                0x08000420                USART6_IRQHandler
                0x08000420                EXINT0_IRQHandler
                0x08000420                USART3_IRQHandler
                0x08000420                DMA1_Channel7_IRQHandler
                0x08000420                CAN1_RX1_IRQHandler
                0x08000420                ACC_IRQHandler
                0x08000420                DMAMUX_IRQHandler
                0x08000420                DMA2_Channel1_IRQHandler
                0x08000420                TMR12_GLOBAL_IRQHandler
                0x08000420                USART4_IRQHandler
                0x08000420                EXINT3_IRQHandler
                0x08000420                DMA1_Channel6_IRQHandler
                0x08000420                DMA2_Channel4_IRQHandler
                0x08000420                ERTCAlarm_IRQHandler
                0x08000420                DMA1_Channel1_IRQHandler
                0x08000420                Default_Handler
                0x08000420                DMA2_Channel7_IRQHandler
                0x08000420                TMR3_GLOBAL_IRQHandler
                0x08000420                TMR7_GLOBAL_IRQHandler
                0x08000420                CAN1_SE_IRQHandler
                0x08000420                CAN2_TX_IRQHandler
                0x08000420                I2C3_ERR_IRQHandler
                0x08000420                TMR1_BRK_TMR9_IRQHandler
                0x08000420                SPI2_IRQHandler
                0x08000420                TMR1_TRG_HALL_TMR11_IRQHandler
                0x08000420                CAN1_TX_IRQHandler
                0x08000420                DMA2_Channel5_IRQHandler
                0x08000420                TMR14_GLOBAL_IRQHandler
                0x08000420                DMA1_Channel5_IRQHandler
                0x08000420                TMR4_GLOBAL_IRQHandler
                0x08000420                EXINT4_IRQHandler
                0x08000420                CAN2_SE_IRQHandler
                0x08000420                PVM_IRQHandler
                0x08000420                I2C3_EVT_IRQHandler
                0x08000420                DMA1_Channel3_IRQHandler
                0x08000420                I2C1_EVT_IRQHandler
                0x08000420                TMR13_GLOBAL_IRQHandler
                0x08000420                DMA2_Channel6_IRQHandler
                0x08000420                EXINT1_IRQHandler
                0x08000420                USART2_IRQHandler
                0x08000420                DMA1_Channel2_IRQHandler
                0x08000420                TMR2_GLOBAL_IRQHandler
                0x08000420                ERTC_WKUP_IRQHandler
                0x08000420                FLASH_IRQHandler
                0x08000420                I2C2_ERR_IRQHandler
                0x08000420                USART1_IRQHandler
                0x08000420                TMR1_CH_IRQHandler
                0x08000420                CRM_IRQHandler
                0x08000420                SPI3_IRQHandler
                0x08000420                OTGFS1_WKUP_IRQHandler
                0x08000420                EXINT15_10_IRQHandler
                0x08000420                WWDT_IRQHandler
                0x08000420                DMA2_Channel3_IRQHandler

.inits          0x08000424       0x28
                0x08000424                        __data_regions_array_start = .
                0x08000424        0x4 LONG 0x800180c LOADADDR (.data)
                0x08000428        0x4 LONG 0x20000000 ADDR (.data)
                0x0800042c        0x4 LONG 0x20000064 (ADDR (.data) + SIZEOF (.data))
                0x08000430        0x4 LONG 0x800180c LOADADDR (.data_CCMRAM)
                0x08000434        0x4 LONG 0x10000000 ADDR (.data_CCMRAM)
                0x08000438        0x4 LONG 0x10000000 (ADDR (.data_CCMRAM) + SIZEOF (.data_CCMRAM))
                0x0800043c                        __data_regions_array_end = .
                0x0800043c                        __bss_regions_array_start = .
                0x0800043c        0x4 LONG 0x20000064 ADDR (.bss)
                0x08000440        0x4 LONG 0x20000108 (ADDR (.bss) + SIZEOF (.bss))
                0x08000444        0x4 LONG 0x10000000 ADDR (.bss_CCMRAM)
                0x08000448        0x4 LONG 0x10000000 (ADDR (.bss_CCMRAM) + SIZEOF (.bss_CCMRAM))
                0x0800044c                        __bss_regions_array_end = .
 *(.init)
 *(.fini)
                0x0800044c                        . = ALIGN (0x4)
                0x0800044c                        PROVIDE (__preinit_array_start = .)
 *(.preinit_array_sysinit .preinit_array_sysinit.*)
 *(.preinit_array_platform .preinit_array_platform.*)
 *(.preinit_array .preinit_array.*)
                0x0800044c                        PROVIDE (__preinit_array_end = .)
                0x0800044c                        . = ALIGN (0x4)
                0x0800044c                        PROVIDE (__init_array_start = .)
 *(SORT_BY_NAME(.init_array.*))
 *(.init_array)
                0x0800044c                        PROVIDE (__init_array_end = .)
                0x0800044c                        . = ALIGN (0x4)
                0x0800044c                        PROVIDE (__fini_array_start = .)
 *(SORT_BY_NAME(.fini_array.*))
 *(.fini_array)
                0x0800044c                        PROVIDE (__fini_array_end = .)

.flashtext
 *(.flashtext .flashtext.*)

.text           0x08000450     0x13b4
 *(.text .text.*)
 .text._exit    0x08000450        0x2 ./system/src/newlib/exit.o
                0x08000450                _exit
 *fill*         0x08000452        0x2 
 .text._sbrk    0x08000454       0x44 ./system/src/newlib/sbrk.o
                0x08000454                _sbrk
 .text.__initialize_args
                0x08000498       0x10 ./system/src/newlib/syscalls.o
                0x08000498                __initialize_args
 .text._trace_write_semihosting_debug
                0x080004a8       0x62 ./system/src/diag/trace-impl.o
 .text.trace_write
                0x0800050a        0x8 ./system/src/diag/trace-impl.o
                0x0800050a                trace_write
 *fill*         0x08000512        0x2 
 .text.trace_printf
                0x08000514       0x34 ./system/src/diag/trace.o
                0x08000514                trace_printf
 .text.trace_puts
                0x08000548       0x20 ./system/src/diag/trace.o
                0x08000548                trace_puts
 .text.dumpExceptionStack
                0x08000568       0xf4 ./system/src/cortexm/exception-handlers.o
                0x08000568                dumpExceptionStack
 .text.isSemihosting
                0x0800065c       0x20 ./system/src/cortexm/exception-handlers.o
                0x0800065c                isSemihosting
 .text.__initialize_hardware_early
                0x0800067c       0x18 ./system/src/cortexm/initialize-hardware.o
                0x0800067c                __initialize_hardware_early
 .text.__initialize_hardware
                0x08000694        0x8 ./system/src/cortexm/initialize-hardware.o
                0x08000694                __initialize_hardware
 .text.SystemInit
                0x0800069c       0x84 ./system/src/cmsis/system_at32f423.o
                0x0800069c                SystemInit
 .text.system_core_clock_update
                0x08000720      0x100 ./system/src/cmsis/system_at32f423.o
                0x08000720                system_core_clock_update
 .text.crm_auto_step_mode_enable
                0x08000820       0x28 ./system/src/at32f423/at32f423_crm.o
                0x08000820                crm_auto_step_mode_enable
 .text.crm_sysclk_switch_status_get
                0x08000848       0x10 ./system/src/at32f423/at32f423_crm.o
                0x08000848                crm_sysclk_switch_status_get
 .text.main     0x08000858       0x3c ./src/main.o
                0x08000858                main
 .text.timer_start
                0x08000894       0x38 ./src/timer.o
                0x08000894                timer_start
 .text.timer_sleep
                0x080008cc       0x14 ./src/timer.o
                0x080008cc                timer_sleep
 .text.timer_tick
                0x080008e0       0x14 ./src/timer.o
                0x080008e0                timer_tick
 .text.SysTick_Handler
                0x080008f4        0x8 ./src/timer.o
                0x080008f4                SysTick_Handler
 .text          0x080008fc       0x30 C:/Users/Dmitriy/AppData/Roaming/xPacks/@xpack-dev-tools/arm-none-eabi-gcc/13.2.1-1.1.1/.content/bin/../lib/gcc/arm-none-eabi/13.2.1/thumb/v7e-m/nofp\libgcc.a(_aeabi_uldivmod.o)
                0x080008fc                __aeabi_uldivmod
 .text.__udivmoddi4
                0x0800092c      0x2bc C:/Users/Dmitriy/AppData/Roaming/xPacks/@xpack-dev-tools/arm-none-eabi-gcc/13.2.1-1.1.1/.content/bin/../lib/gcc/arm-none-eabi/13.2.1/thumb/v7e-m/nofp\libgcc.a(_udivmoddi4.o)
                0x0800092c                __udivmoddi4
 .text          0x08000be8        0x4 C:/Users/Dmitriy/AppData/Roaming/xPacks/@xpack-dev-tools/arm-none-eabi-gcc/13.2.1-1.1.1/.content/bin/../lib/gcc/arm-none-eabi/13.2.1/thumb/v7e-m/nofp\libgcc.a(_dvmd_tls.o)
                0x08000be8                __aeabi_idiv0
                0x08000be8                __aeabi_ldiv0
 .text._vsnprintf_r
                0x08000bec       0x56 C:/Users/Dmitriy/AppData/Roaming/xPacks/@xpack-dev-tools/arm-none-eabi-gcc/13.2.1-1.1.1/.content/bin/../lib/gcc/arm-none-eabi/13.2.1/../../../../arm-none-eabi/lib/thumb/v7e-m/nofp\libg_nano.a(libc_a-vsnprintf.o)
                0x08000bec                _vsniprintf_r
                0x08000bec                _vsnprintf_r
 *fill*         0x08000c42        0x2 
 .text.vsnprintf
                0x08000c44       0x1c C:/Users/Dmitriy/AppData/Roaming/xPacks/@xpack-dev-tools/arm-none-eabi-gcc/13.2.1-1.1.1/.content/bin/../lib/gcc/arm-none-eabi/13.2.1/../../../../arm-none-eabi/lib/thumb/v7e-m/nofp\libg_nano.a(libc_a-vsnprintf.o)
                0x08000c44                vsniprintf
                0x08000c44                vsnprintf
 .text.__errno  0x08000c60        0xc C:/Users/Dmitriy/AppData/Roaming/xPacks/@xpack-dev-tools/arm-none-eabi-gcc/13.2.1-1.1.1/.content/bin/../lib/gcc/arm-none-eabi/13.2.1/../../../../arm-none-eabi/lib/thumb/v7e-m/nofp\libg_nano.a(libc_a-errno.o)
                0x08000c60                __errno
 .text.memcpy   0x08000c6c       0x1c C:/Users/Dmitriy/AppData/Roaming/xPacks/@xpack-dev-tools/arm-none-eabi-gcc/13.2.1-1.1.1/.content/bin/../lib/gcc/arm-none-eabi/13.2.1/../../../../arm-none-eabi/lib/thumb/v7e-m/nofp\libg_nano.a(libc_a-memcpy-stub.o)
                0x08000c6c                memcpy
 .text          0x08000c88       0x10 C:/Users/Dmitriy/AppData/Roaming/xPacks/@xpack-dev-tools/arm-none-eabi-gcc/13.2.1-1.1.1/.content/bin/../lib/gcc/arm-none-eabi/13.2.1/../../../../arm-none-eabi/lib/thumb/v7e-m/nofp\libg_nano.a(libc_a-strlen.o)
                0x08000c88                strlen
 .text.__ssputs_r
                0x08000c98       0xb6 C:/Users/Dmitriy/AppData/Roaming/xPacks/@xpack-dev-tools/arm-none-eabi-gcc/13.2.1-1.1.1/.content/bin/../lib/gcc/arm-none-eabi/13.2.1/../../../../arm-none-eabi/lib/thumb/v7e-m/nofp\libg_nano.a(libc_a-nano-svfprintf.o)
                0x08000c98                __ssputs_r
 *fill*         0x08000d4e        0x2 
 .text._svfprintf_r
                0x08000d50      0x1f8 C:/Users/Dmitriy/AppData/Roaming/xPacks/@xpack-dev-tools/arm-none-eabi-gcc/13.2.1-1.1.1/.content/bin/../lib/gcc/arm-none-eabi/13.2.1/../../../../arm-none-eabi/lib/thumb/v7e-m/nofp\libg_nano.a(libc_a-nano-svfprintf.o)
                0x08000d50                _svfiprintf_r
                0x08000d50                _svfprintf_r
 .text._printf_common
                0x08000f48       0xda C:/Users/Dmitriy/AppData/Roaming/xPacks/@xpack-dev-tools/arm-none-eabi-gcc/13.2.1-1.1.1/.content/bin/../lib/gcc/arm-none-eabi/13.2.1/../../../../arm-none-eabi/lib/thumb/v7e-m/nofp\libg_nano.a(libc_a-nano-vfprintf_i.o)
                0x08000f48                _printf_common
 *fill*         0x08001022        0x2 
 .text._printf_i
                0x08001024      0x23c C:/Users/Dmitriy/AppData/Roaming/xPacks/@xpack-dev-tools/arm-none-eabi-gcc/13.2.1-1.1.1/.content/bin/../lib/gcc/arm-none-eabi/13.2.1/../../../../arm-none-eabi/lib/thumb/v7e-m/nofp\libg_nano.a(libc_a-nano-vfprintf_i.o)
                0x08001024                _printf_i
 .text.memmove  0x08001260       0x34 C:/Users/Dmitriy/AppData/Roaming/xPacks/@xpack-dev-tools/arm-none-eabi-gcc/13.2.1-1.1.1/.content/bin/../lib/gcc/arm-none-eabi/13.2.1/../../../../arm-none-eabi/lib/thumb/v7e-m/nofp\libg_nano.a(libc_a-memmove.o)
                0x08001260                memmove
 *fill*         0x08001294        0xc 
 .text          0x080012a0       0xa0 C:/Users/Dmitriy/AppData/Roaming/xPacks/@xpack-dev-tools/arm-none-eabi-gcc/13.2.1-1.1.1/.content/bin/../lib/gcc/arm-none-eabi/13.2.1/../../../../arm-none-eabi/lib/thumb/v7e-m/nofp\libg_nano.a(libc_a-memchr.o)
                0x080012a0                memchr
 .text._free_r  0x08001340       0x94 C:/Users/Dmitriy/AppData/Roaming/xPacks/@xpack-dev-tools/arm-none-eabi-gcc/13.2.1-1.1.1/.content/bin/../lib/gcc/arm-none-eabi/13.2.1/../../../../arm-none-eabi/lib/thumb/v7e-m/nofp\libg_nano.a(libc_a-freer.o)
                0x08001340                _free_r
 .text.sbrk_aligned
                0x080013d4       0x44 C:/Users/Dmitriy/AppData/Roaming/xPacks/@xpack-dev-tools/arm-none-eabi-gcc/13.2.1-1.1.1/.content/bin/../lib/gcc/arm-none-eabi/13.2.1/../../../../arm-none-eabi/lib/thumb/v7e-m/nofp\libg_nano.a(libc_a-mallocr.o)
 .text._malloc_r
                0x08001418      0x100 C:/Users/Dmitriy/AppData/Roaming/xPacks/@xpack-dev-tools/arm-none-eabi-gcc/13.2.1-1.1.1/.content/bin/../lib/gcc/arm-none-eabi/13.2.1/../../../../arm-none-eabi/lib/thumb/v7e-m/nofp\libg_nano.a(libc_a-mallocr.o)
                0x08001418                _malloc_r
 .text.__malloc_lock
                0x08001518        0xc C:/Users/Dmitriy/AppData/Roaming/xPacks/@xpack-dev-tools/arm-none-eabi-gcc/13.2.1-1.1.1/.content/bin/../lib/gcc/arm-none-eabi/13.2.1/../../../../arm-none-eabi/lib/thumb/v7e-m/nofp\libg_nano.a(libc_a-mlock.o)
                0x08001518                __malloc_lock
 .text.__malloc_unlock
                0x08001524        0xc C:/Users/Dmitriy/AppData/Roaming/xPacks/@xpack-dev-tools/arm-none-eabi-gcc/13.2.1-1.1.1/.content/bin/../lib/gcc/arm-none-eabi/13.2.1/../../../../arm-none-eabi/lib/thumb/v7e-m/nofp\libg_nano.a(libc_a-mlock.o)
                0x08001524                __malloc_unlock
 .text._realloc_r
                0x08001530       0x5c C:/Users/Dmitriy/AppData/Roaming/xPacks/@xpack-dev-tools/arm-none-eabi-gcc/13.2.1-1.1.1/.content/bin/../lib/gcc/arm-none-eabi/13.2.1/../../../../arm-none-eabi/lib/thumb/v7e-m/nofp\libg_nano.a(libc_a-reallocr.o)
                0x08001530                _realloc_r
 .text._sbrk_r  0x0800158c       0x20 C:/Users/Dmitriy/AppData/Roaming/xPacks/@xpack-dev-tools/arm-none-eabi-gcc/13.2.1-1.1.1/.content/bin/../lib/gcc/arm-none-eabi/13.2.1/../../../../arm-none-eabi/lib/thumb/v7e-m/nofp\libg_nano.a(libc_a-sbrkr.o)
                0x0800158c                _sbrk_r
 .text.__retarget_lock_acquire_recursive
                0x080015ac        0x2 C:/Users/Dmitriy/AppData/Roaming/xPacks/@xpack-dev-tools/arm-none-eabi-gcc/13.2.1-1.1.1/.content/bin/../lib/gcc/arm-none-eabi/13.2.1/../../../../arm-none-eabi/lib/thumb/v7e-m/nofp\libg_nano.a(libc_a-lock.o)
                0x080015ac                __retarget_lock_acquire_recursive
 .text.__retarget_lock_release_recursive
                0x080015ae        0x2 C:/Users/Dmitriy/AppData/Roaming/xPacks/@xpack-dev-tools/arm-none-eabi-gcc/13.2.1-1.1.1/.content/bin/../lib/gcc/arm-none-eabi/13.2.1/../../../../arm-none-eabi/lib/thumb/v7e-m/nofp\libg_nano.a(libc_a-lock.o)
                0x080015ae                __retarget_lock_release_recursive
 .text._malloc_usable_size_r
                0x080015b0       0x10 C:/Users/Dmitriy/AppData/Roaming/xPacks/@xpack-dev-tools/arm-none-eabi-gcc/13.2.1-1.1.1/.content/bin/../lib/gcc/arm-none-eabi/13.2.1/../../../../arm-none-eabi/lib/thumb/v7e-m/nofp\libg_nano.a(libc_a-msizer.o)
                0x080015b0                _malloc_usable_size_r
 *(.rodata .rodata.* .constdata .constdata.*)
 .rodata.trace_puts.str1.4
                0x080015c0      0x17f ./system/src/diag/trace.o
                                  0x2 (size before relaxing)
 .rodata.dumpExceptionStack.str1.4
                0x0800173f      0x11a ./system/src/cortexm/exception-handlers.o
 .rodata.str1.4
                0x0800173f       0x2a ./system/src/cortexm/exception-handlers.o
 *fill*         0x0800173f        0x1 
 .rodata.sys_ahb_div_table.0
                0x08001740       0x10 ./system/src/cmsis/system_at32f423.o
 .rodata.pll_fr_table.1
                0x08001750        0x6 ./system/src/cmsis/system_at32f423.o
 .rodata.main.str1.4
                0x08001756       0x37 ./src/main.o
 .rodata._svfprintf_r.str1.1
                0x08001756       0x33 C:/Users/Dmitriy/AppData/Roaming/xPacks/@xpack-dev-tools/arm-none-eabi-gcc/13.2.1-1.1.1/.content/bin/../lib/gcc/arm-none-eabi/13.2.1/../../../../arm-none-eabi/lib/thumb/v7e-m/nofp\libg_nano.a(libc_a-nano-svfprintf.o)
                                 0x11 (size before relaxing)
 .rodata._printf_i.str1.1
                0x08001789       0x22 C:/Users/Dmitriy/AppData/Roaming/xPacks/@xpack-dev-tools/arm-none-eabi-gcc/13.2.1-1.1.1/.content/bin/../lib/gcc/arm-none-eabi/13.2.1/../../../../arm-none-eabi/lib/thumb/v7e-m/nofp\libg_nano.a(libc_a-nano-vfprintf_i.o)
 *(vtable)
 *(.eh_frame*)
 *fill*         0x08001789        0x3 
 .eh_frame      0x0800178c       0x28 C:/Users/Dmitriy/AppData/Roaming/xPacks/@xpack-dev-tools/arm-none-eabi-gcc/13.2.1-1.1.1/.content/bin/../lib/gcc/arm-none-eabi/13.2.1/../../../../arm-none-eabi/lib/thumb/v7e-m/nofp\libg_nano.a(libc_a-strlen.o)
 .eh_frame      0x080017b4       0x50 C:/Users/Dmitriy/AppData/Roaming/xPacks/@xpack-dev-tools/arm-none-eabi-gcc/13.2.1-1.1.1/.content/bin/../lib/gcc/arm-none-eabi/13.2.1/../../../../arm-none-eabi/lib/thumb/v7e-m/nofp\libg_nano.a(libc_a-memchr.o)
 *(.glue_7)
 .glue_7        0x08001804        0x0 linker stubs
 *(.glue_7t)
 .glue_7t       0x08001804        0x0 linker stubs

.vfp11_veneer   0x08001804        0x0
 .vfp11_veneer  0x08001804        0x0 linker stubs

.v4_bx          0x08001804        0x0
 .v4_bx         0x08001804        0x0 linker stubs

.iplt           0x08001804        0x0
 .iplt          0x08001804        0x0 ./system/src/newlib/sbrk.o

.ARM.extab
 *(.ARM.extab* .gnu.linkonce.armextab.*)
                0x08001804                        . = ALIGN (0x4)
                0x08001804                        __exidx_start = .

.ARM.exidx      0x08001804        0x8
 *(.ARM.exidx* .gnu.linkonce.armexidx.*)
 .ARM.exidx.text.__udivmoddi4
                0x08001804        0x8 C:/Users/Dmitriy/AppData/Roaming/xPacks/@xpack-dev-tools/arm-none-eabi-gcc/13.2.1-1.1.1/.content/bin/../lib/gcc/arm-none-eabi/13.2.1/thumb/v7e-m/nofp\libgcc.a(_udivmoddi4.o)
 .ARM.exidx     0x0800180c        0x0 C:/Users/Dmitriy/AppData/Roaming/xPacks/@xpack-dev-tools/arm-none-eabi-gcc/13.2.1-1.1.1/.content/bin/../lib/gcc/arm-none-eabi/13.2.1/../../../../arm-none-eabi/lib/thumb/v7e-m/nofp\libg_nano.a(libc_a-strlen.o)
                                  0x8 (size before relaxing)
 .ARM.exidx     0x0800180c        0x0 C:/Users/Dmitriy/AppData/Roaming/xPacks/@xpack-dev-tools/arm-none-eabi-gcc/13.2.1-1.1.1/.content/bin/../lib/gcc/arm-none-eabi/13.2.1/../../../../arm-none-eabi/lib/thumb/v7e-m/nofp\libg_nano.a(libc_a-memchr.o)
                                  0x8 (size before relaxing)
                0x0800180c                        __exidx_end = .

.rel.dyn        0x0800180c        0x0
 .rel.iplt      0x0800180c        0x0 ./system/src/newlib/sbrk.o
                0x0800180c                        . = ALIGN (0x4)
                0x0800180c                        _etext = .
                0x0800180c                        __etext = .

.data_CCMRAM    0x10000000        0x0 load address 0x0800180c
 FILL mask 0xff
 *(.data.CCMRAM .data.CCMRAM.*)
                0x10000000                        . = ALIGN (0x4)
                0x0800180c                        _sidata = LOADADDR (.data)

.data           0x20000000       0x64 load address 0x0800180c
 FILL mask 0xff
                0x20000000                        _sdata = .
                0x20000000                        __data_start__ = .
 *(.data_begin .data_begin.*)
 .data_begin    0x20000000        0x4 ./system/src/newlib/startup.o
 *(.data .data.*)
 .data.argv.1   0x20000004        0x8 ./system/src/newlib/syscalls.o
 .data.system_core_clock
                0x2000000c        0x4 ./system/src/cmsis/system_at32f423.o
                0x2000000c                system_core_clock
 .data._impure_ptr
                0x20000010        0x4 C:/Users/Dmitriy/AppData/Roaming/xPacks/@xpack-dev-tools/arm-none-eabi-gcc/13.2.1-1.1.1/.content/bin/../lib/gcc/arm-none-eabi/13.2.1/../../../../arm-none-eabi/lib/thumb/v7e-m/nofp\libg_nano.a(libc_a-impure.o)
                0x20000010                _impure_ptr
 .data._impure_data
                0x20000014       0x4c C:/Users/Dmitriy/AppData/Roaming/xPacks/@xpack-dev-tools/arm-none-eabi-gcc/13.2.1-1.1.1/.content/bin/../lib/gcc/arm-none-eabi/13.2.1/../../../../arm-none-eabi/lib/thumb/v7e-m/nofp\libg_nano.a(libc_a-impure.o)
                0x20000014                _impure_data
 *(.data_end .data_end.*)
 .data_end      0x20000060        0x4 ./system/src/newlib/startup.o
                0x20000064                        . = ALIGN (0x4)
                0x20000064                        _edata = .
                0x20000064                        __data_end__ = .

.igot.plt       0x20000064        0x0 load address 0x08001870
 .igot.plt      0x20000064        0x0 ./system/src/newlib/sbrk.o

.bss_CCMRAM     0x10000000        0x0
 *(.bss.CCMRAM .bss.CCMRAM.*)

.bss            0x20000064       0xa4
                0x20000064                        __bss_start__ = .
                0x20000064                        _sbss = .
 *(.bss_begin .bss_begin.*)
 .bss_begin     0x20000064        0x4 ./system/src/newlib/startup.o
 *(.bss .bss.*)
 .bss.current_heap_end.0
                0x20000068        0x4 ./system/src/newlib/sbrk.o
 .bss.name.0    0x2000006c        0x1 ./system/src/newlib/syscalls.o
 *fill*         0x2000006d        0x3 
 .bss.errno     0x20000070        0x4 ./system/src/newlib/syscalls.o
                0x20000070                errno
 .bss.buf.0     0x20000074       0x80 ./system/src/diag/trace.o
 .bss.timer_delayCount
                0x200000f4        0x4 ./src/timer.o
                0x200000f4                timer_delayCount
 .bss.__malloc_sbrk_start
                0x200000f8        0x4 C:/Users/Dmitriy/AppData/Roaming/xPacks/@xpack-dev-tools/arm-none-eabi-gcc/13.2.1-1.1.1/.content/bin/../lib/gcc/arm-none-eabi/13.2.1/../../../../arm-none-eabi/lib/thumb/v7e-m/nofp\libg_nano.a(libc_a-mallocr.o)
                0x200000f8                __malloc_sbrk_start
 .bss.__malloc_free_list
                0x200000fc        0x4 C:/Users/Dmitriy/AppData/Roaming/xPacks/@xpack-dev-tools/arm-none-eabi-gcc/13.2.1-1.1.1/.content/bin/../lib/gcc/arm-none-eabi/13.2.1/../../../../arm-none-eabi/lib/thumb/v7e-m/nofp\libg_nano.a(libc_a-mallocr.o)
                0x200000fc                __malloc_free_list
 .bss.__lock___malloc_recursive_mutex
                0x20000100        0x1 C:/Users/Dmitriy/AppData/Roaming/xPacks/@xpack-dev-tools/arm-none-eabi-gcc/13.2.1-1.1.1/.content/bin/../lib/gcc/arm-none-eabi/13.2.1/../../../../arm-none-eabi/lib/thumb/v7e-m/nofp\libg_nano.a(libc_a-lock.o)
                0x20000100                __lock___malloc_recursive_mutex
 *(COMMON)
 *(.bss_end .bss_end.*)
 *fill*         0x20000101        0x3 
 .bss_end       0x20000104        0x4 ./system/src/newlib/startup.o
                0x20000108                        . = ALIGN (0x4)
                0x20000108                        __bss_end__ = .
                0x20000108                        _ebss = .

.noinit_CCMRAM
 *(.noinit.CCMRAM .noinit.CCMRAM.*)

.noinit         0x20000108        0x0
                0x20000108                        _noinit = .
 *(.noinit .noinit.*)
                0x20000108                        . = ALIGN (0x4)
                0x20000108                        _end_noinit = .
                [!provide]                        PROVIDE (end = _end_noinit)
                [!provide]                        PROVIDE (_end = _end_noinit)
                [!provide]                        PROVIDE (__end = _end_noinit)
                [!provide]                        PROVIDE (__end__ = _end_noinit)

._check_stack   0x20000108      0x100
                0x20000208                        . = (. + _Minimum_Stack_Size)
 *fill*         0x20000108      0x100 

.b1text
 *(.b1text)
 *(.b1rodata)
 *(.b1rodata.*)

.eb0text
 *(.eb0text)
 *(.eb0rodata)
 *(.eb0rodata.*)

.eb1text
 *(.eb1text)
 *(.eb1rodata)
 *(.eb1rodata.*)

.eb2text
 *(.eb2text)
 *(.eb2rodata)
 *(.eb2rodata.*)

.eb3text
 *(.eb3text)
 *(.eb3rodata)
 *(.eb3rodata.*)

.stab
 *(.stab)

.stabstr
 *(.stabstr)

.stab.excl
 *(.stab.excl)

.stab.exclstr
 *(.stab.exclstr)

.stab.index
 *(.stab.index)

.stab.indexstr
 *(.stab.indexstr)

.comment        0x00000000       0x39
 *(.comment)
 .comment       0x00000000       0x39 ./system/src/newlib/exit.o
                                 0x3a (size before relaxing)
 .comment       0x00000039       0x3a ./system/src/newlib/sbrk.o
 .comment       0x00000039       0x3a ./system/src/newlib/startup.o
 .comment       0x00000039       0x3a ./system/src/newlib/syscalls.o
 .comment       0x00000039       0x3a ./system/src/diag/trace-impl.o
 .comment       0x00000039       0x3a ./system/src/diag/trace.o
 .comment       0x00000039       0x3a ./system/src/cortexm/exception-handlers.o
 .comment       0x00000039       0x3a ./system/src/cortexm/initialize-hardware.o
 .comment       0x00000039       0x3a ./system/src/cmsis/system_at32f423.o
 .comment       0x00000039       0x3a ./system/src/cmsis/vectors_at32f423.o
 .comment       0x00000039       0x3a ./system/src/at32f423/at32f423_crm.o
 .comment       0x00000039       0x3a ./src/main.o
 .comment       0x00000039       0x3a ./src/timer.o
 .comment       0x00000039       0x3a C:/Users/Dmitriy/AppData/Roaming/xPacks/@xpack-dev-tools/arm-none-eabi-gcc/13.2.1-1.1.1/.content/bin/../lib/gcc/arm-none-eabi/13.2.1/thumb/v7e-m/nofp\libgcc.a(_udivmoddi4.o)
 .comment       0x00000039       0x3a C:/Users/Dmitriy/AppData/Roaming/xPacks/@xpack-dev-tools/arm-none-eabi-gcc/13.2.1-1.1.1/.content/bin/../lib/gcc/arm-none-eabi/13.2.1/../../../../arm-none-eabi/lib/thumb/v7e-m/nofp\libg_nano.a(libc_a-vsnprintf.o)
 .comment       0x00000039       0x3a C:/Users/Dmitriy/AppData/Roaming/xPacks/@xpack-dev-tools/arm-none-eabi-gcc/13.2.1-1.1.1/.content/bin/../lib/gcc/arm-none-eabi/13.2.1/../../../../arm-none-eabi/lib/thumb/v7e-m/nofp\libg_nano.a(libc_a-impure.o)
 .comment       0x00000039       0x3a C:/Users/Dmitriy/AppData/Roaming/xPacks/@xpack-dev-tools/arm-none-eabi-gcc/13.2.1-1.1.1/.content/bin/../lib/gcc/arm-none-eabi/13.2.1/../../../../arm-none-eabi/lib/thumb/v7e-m/nofp\libg_nano.a(libc_a-errno.o)
 .comment       0x00000039       0x3a C:/Users/Dmitriy/AppData/Roaming/xPacks/@xpack-dev-tools/arm-none-eabi-gcc/13.2.1-1.1.1/.content/bin/../lib/gcc/arm-none-eabi/13.2.1/../../../../arm-none-eabi/lib/thumb/v7e-m/nofp\libg_nano.a(libc_a-memcpy-stub.o)
 .comment       0x00000039       0x3a C:/Users/Dmitriy/AppData/Roaming/xPacks/@xpack-dev-tools/arm-none-eabi-gcc/13.2.1-1.1.1/.content/bin/../lib/gcc/arm-none-eabi/13.2.1/../../../../arm-none-eabi/lib/thumb/v7e-m/nofp\libg_nano.a(libc_a-nano-svfprintf.o)
 .comment       0x00000039       0x3a C:/Users/Dmitriy/AppData/Roaming/xPacks/@xpack-dev-tools/arm-none-eabi-gcc/13.2.1-1.1.1/.content/bin/../lib/gcc/arm-none-eabi/13.2.1/../../../../arm-none-eabi/lib/thumb/v7e-m/nofp\libg_nano.a(libc_a-nano-vfprintf_i.o)
 .comment       0x00000039       0x3a C:/Users/Dmitriy/AppData/Roaming/xPacks/@xpack-dev-tools/arm-none-eabi-gcc/13.2.1-1.1.1/.content/bin/../lib/gcc/arm-none-eabi/13.2.1/../../../../arm-none-eabi/lib/thumb/v7e-m/nofp\libg_nano.a(libc_a-memmove.o)
 .comment       0x00000039       0x3a C:/Users/Dmitriy/AppData/Roaming/xPacks/@xpack-dev-tools/arm-none-eabi-gcc/13.2.1-1.1.1/.content/bin/../lib/gcc/arm-none-eabi/13.2.1/../../../../arm-none-eabi/lib/thumb/v7e-m/nofp\libg_nano.a(libc_a-freer.o)
 .comment       0x00000039       0x3a C:/Users/Dmitriy/AppData/Roaming/xPacks/@xpack-dev-tools/arm-none-eabi-gcc/13.2.1-1.1.1/.content/bin/../lib/gcc/arm-none-eabi/13.2.1/../../../../arm-none-eabi/lib/thumb/v7e-m/nofp\libg_nano.a(libc_a-mallocr.o)
 .comment       0x00000039       0x3a C:/Users/Dmitriy/AppData/Roaming/xPacks/@xpack-dev-tools/arm-none-eabi-gcc/13.2.1-1.1.1/.content/bin/../lib/gcc/arm-none-eabi/13.2.1/../../../../arm-none-eabi/lib/thumb/v7e-m/nofp\libg_nano.a(libc_a-mlock.o)
 .comment       0x00000039       0x3a C:/Users/Dmitriy/AppData/Roaming/xPacks/@xpack-dev-tools/arm-none-eabi-gcc/13.2.1-1.1.1/.content/bin/../lib/gcc/arm-none-eabi/13.2.1/../../../../arm-none-eabi/lib/thumb/v7e-m/nofp\libg_nano.a(libc_a-reallocr.o)
 .comment       0x00000039       0x3a C:/Users/Dmitriy/AppData/Roaming/xPacks/@xpack-dev-tools/arm-none-eabi-gcc/13.2.1-1.1.1/.content/bin/../lib/gcc/arm-none-eabi/13.2.1/../../../../arm-none-eabi/lib/thumb/v7e-m/nofp\libg_nano.a(libc_a-sbrkr.o)
 .comment       0x00000039       0x3a C:/Users/Dmitriy/AppData/Roaming/xPacks/@xpack-dev-tools/arm-none-eabi-gcc/13.2.1-1.1.1/.content/bin/../lib/gcc/arm-none-eabi/13.2.1/../../../../arm-none-eabi/lib/thumb/v7e-m/nofp\libg_nano.a(libc_a-lock.o)
 .comment       0x00000039       0x3a C:/Users/Dmitriy/AppData/Roaming/xPacks/@xpack-dev-tools/arm-none-eabi-gcc/13.2.1-1.1.1/.content/bin/../lib/gcc/arm-none-eabi/13.2.1/../../../../arm-none-eabi/lib/thumb/v7e-m/nofp\libg_nano.a(libc_a-msizer.o)

.ARM.attributes
                0x00000000       0x2c
 .ARM.attributes
                0x00000000       0x2e ./system/src/newlib/exit.o
 .ARM.attributes
                0x0000002e       0x2e ./system/src/newlib/sbrk.o
 .ARM.attributes
                0x0000005c       0x2e ./system/src/newlib/startup.o
 .ARM.attributes
                0x0000008a       0x2e ./system/src/newlib/syscalls.o
 .ARM.attributes
                0x000000b8       0x2e ./system/src/diag/trace-impl.o
 .ARM.attributes
                0x000000e6       0x2e ./system/src/diag/trace.o
 .ARM.attributes
                0x00000114       0x2e ./system/src/cortexm/exception-handlers.o
 .ARM.attributes
                0x00000142       0x2e ./system/src/cortexm/initialize-hardware.o
 .ARM.attributes
                0x00000170       0x2e ./system/src/cmsis/system_at32f423.o
 .ARM.attributes
                0x0000019e       0x2e ./system/src/cmsis/vectors_at32f423.o
 .ARM.attributes
                0x000001cc       0x2e ./system/src/at32f423/at32f423_crm.o
 .ARM.attributes
                0x000001fa       0x2e ./src/main.o
 .ARM.attributes
                0x00000228       0x2e ./src/timer.o
 .ARM.attributes
                0x00000256       0x1e C:/Users/Dmitriy/AppData/Roaming/xPacks/@xpack-dev-tools/arm-none-eabi-gcc/13.2.1-1.1.1/.content/bin/../lib/gcc/arm-none-eabi/13.2.1/thumb/v7e-m/nofp\libgcc.a(_aeabi_uldivmod.o)
 .ARM.attributes
                0x00000274       0x2e C:/Users/Dmitriy/AppData/Roaming/xPacks/@xpack-dev-tools/arm-none-eabi-gcc/13.2.1-1.1.1/.content/bin/../lib/gcc/arm-none-eabi/13.2.1/thumb/v7e-m/nofp\libgcc.a(_udivmoddi4.o)
 .ARM.attributes
                0x000002a2       0x1e C:/Users/Dmitriy/AppData/Roaming/xPacks/@xpack-dev-tools/arm-none-eabi-gcc/13.2.1-1.1.1/.content/bin/../lib/gcc/arm-none-eabi/13.2.1/thumb/v7e-m/nofp\libgcc.a(_dvmd_tls.o)
 .ARM.attributes
                0x000002c0       0x2e C:/Users/Dmitriy/AppData/Roaming/xPacks/@xpack-dev-tools/arm-none-eabi-gcc/13.2.1-1.1.1/.content/bin/../lib/gcc/arm-none-eabi/13.2.1/../../../../arm-none-eabi/lib/thumb/v7e-m/nofp\libg_nano.a(libc_a-vsnprintf.o)
 .ARM.attributes
                0x000002ee       0x2e C:/Users/Dmitriy/AppData/Roaming/xPacks/@xpack-dev-tools/arm-none-eabi-gcc/13.2.1-1.1.1/.content/bin/../lib/gcc/arm-none-eabi/13.2.1/../../../../arm-none-eabi/lib/thumb/v7e-m/nofp\libg_nano.a(libc_a-impure.o)
 .ARM.attributes
                0x0000031c       0x2e C:/Users/Dmitriy/AppData/Roaming/xPacks/@xpack-dev-tools/arm-none-eabi-gcc/13.2.1-1.1.1/.content/bin/../lib/gcc/arm-none-eabi/13.2.1/../../../../arm-none-eabi/lib/thumb/v7e-m/nofp\libg_nano.a(libc_a-errno.o)
 .ARM.attributes
                0x0000034a       0x2e C:/Users/Dmitriy/AppData/Roaming/xPacks/@xpack-dev-tools/arm-none-eabi-gcc/13.2.1-1.1.1/.content/bin/../lib/gcc/arm-none-eabi/13.2.1/../../../../arm-none-eabi/lib/thumb/v7e-m/nofp\libg_nano.a(libc_a-memcpy-stub.o)
 .ARM.attributes
                0x00000378       0x17 C:/Users/Dmitriy/AppData/Roaming/xPacks/@xpack-dev-tools/arm-none-eabi-gcc/13.2.1-1.1.1/.content/bin/../lib/gcc/arm-none-eabi/13.2.1/../../../../arm-none-eabi/lib/thumb/v7e-m/nofp\libg_nano.a(libc_a-strlen.o)
 .ARM.attributes
                0x0000038f       0x2e C:/Users/Dmitriy/AppData/Roaming/xPacks/@xpack-dev-tools/arm-none-eabi-gcc/13.2.1-1.1.1/.content/bin/../lib/gcc/arm-none-eabi/13.2.1/../../../../arm-none-eabi/lib/thumb/v7e-m/nofp\libg_nano.a(libc_a-nano-svfprintf.o)
 .ARM.attributes
                0x000003bd       0x2e C:/Users/Dmitriy/AppData/Roaming/xPacks/@xpack-dev-tools/arm-none-eabi-gcc/13.2.1-1.1.1/.content/bin/../lib/gcc/arm-none-eabi/13.2.1/../../../../arm-none-eabi/lib/thumb/v7e-m/nofp\libg_nano.a(libc_a-nano-vfprintf_i.o)
 .ARM.attributes
                0x000003eb       0x2e C:/Users/Dmitriy/AppData/Roaming/xPacks/@xpack-dev-tools/arm-none-eabi-gcc/13.2.1-1.1.1/.content/bin/../lib/gcc/arm-none-eabi/13.2.1/../../../../arm-none-eabi/lib/thumb/v7e-m/nofp\libg_nano.a(libc_a-memmove.o)
 .ARM.attributes
                0x00000419       0x1c C:/Users/Dmitriy/AppData/Roaming/xPacks/@xpack-dev-tools/arm-none-eabi-gcc/13.2.1-1.1.1/.content/bin/../lib/gcc/arm-none-eabi/13.2.1/../../../../arm-none-eabi/lib/thumb/v7e-m/nofp\libg_nano.a(libc_a-memchr.o)
 .ARM.attributes
                0x00000435       0x2e C:/Users/Dmitriy/AppData/Roaming/xPacks/@xpack-dev-tools/arm-none-eabi-gcc/13.2.1-1.1.1/.content/bin/../lib/gcc/arm-none-eabi/13.2.1/../../../../arm-none-eabi/lib/thumb/v7e-m/nofp\libg_nano.a(libc_a-freer.o)
 .ARM.attributes
                0x00000463       0x2e C:/Users/Dmitriy/AppData/Roaming/xPacks/@xpack-dev-tools/arm-none-eabi-gcc/13.2.1-1.1.1/.content/bin/../lib/gcc/arm-none-eabi/13.2.1/../../../../arm-none-eabi/lib/thumb/v7e-m/nofp\libg_nano.a(libc_a-mallocr.o)
 .ARM.attributes
                0x00000491       0x2e C:/Users/Dmitriy/AppData/Roaming/xPacks/@xpack-dev-tools/arm-none-eabi-gcc/13.2.1-1.1.1/.content/bin/../lib/gcc/arm-none-eabi/13.2.1/../../../../arm-none-eabi/lib/thumb/v7e-m/nofp\libg_nano.a(libc_a-mlock.o)
 .ARM.attributes
                0x000004bf       0x2e C:/Users/Dmitriy/AppData/Roaming/xPacks/@xpack-dev-tools/arm-none-eabi-gcc/13.2.1-1.1.1/.content/bin/../lib/gcc/arm-none-eabi/13.2.1/../../../../arm-none-eabi/lib/thumb/v7e-m/nofp\libg_nano.a(libc_a-reallocr.o)
 .ARM.attributes
                0x000004ed       0x2e C:/Users/Dmitriy/AppData/Roaming/xPacks/@xpack-dev-tools/arm-none-eabi-gcc/13.2.1-1.1.1/.content/bin/../lib/gcc/arm-none-eabi/13.2.1/../../../../arm-none-eabi/lib/thumb/v7e-m/nofp\libg_nano.a(libc_a-sbrkr.o)
 .ARM.attributes
                0x0000051b       0x2e C:/Users/Dmitriy/AppData/Roaming/xPacks/@xpack-dev-tools/arm-none-eabi-gcc/13.2.1-1.1.1/.content/bin/../lib/gcc/arm-none-eabi/13.2.1/../../../../arm-none-eabi/lib/thumb/v7e-m/nofp\libg_nano.a(libc_a-lock.o)
 .ARM.attributes
                0x00000549       0x2e C:/Users/Dmitriy/AppData/Roaming/xPacks/@xpack-dev-tools/arm-none-eabi-gcc/13.2.1-1.1.1/.content/bin/../lib/gcc/arm-none-eabi/13.2.1/../../../../arm-none-eabi/lib/thumb/v7e-m/nofp\libg_nano.a(libc_a-msizer.o)

.debug
 *(.debug)

.line
 *(.line)

.debug_srcinfo
 *(.debug_srcinfo)

.debug_sfnames
 *(.debug_sfnames)

.debug_aranges  0x00000000      0x438
 *(.debug_aranges)
 .debug_aranges
                0x00000000       0x28 ./system/src/newlib/exit.o
 .debug_aranges
                0x00000028       0x20 ./system/src/newlib/sbrk.o
 .debug_aranges
                0x00000048       0x40 ./system/src/newlib/startup.o
 .debug_aranges
                0x00000088       0x30 ./system/src/newlib/syscalls.o
 .debug_aranges
                0x000000b8       0x30 ./system/src/diag/trace-impl.o
 .debug_aranges
                0x000000e8       0x38 ./system/src/diag/trace.o
 .debug_aranges
                0x00000120       0x90 ./system/src/cortexm/exception-handlers.o
 .debug_aranges
                0x000001b0       0x28 ./system/src/cortexm/initialize-hardware.o
 .debug_aranges
                0x000001d8       0x30 ./system/src/cmsis/system_at32f423.o
 .debug_aranges
                0x00000208       0x20 ./system/src/cmsis/vectors_at32f423.o
 .debug_aranges
                0x00000228      0x158 ./system/src/at32f423/at32f423_crm.o
 .debug_aranges
                0x00000380       0x20 ./src/main.o
 .debug_aranges
                0x000003a0       0x38 ./src/timer.o
 .debug_aranges
                0x000003d8       0x20 C:/Users/Dmitriy/AppData/Roaming/xPacks/@xpack-dev-tools/arm-none-eabi-gcc/13.2.1-1.1.1/.content/bin/../lib/gcc/arm-none-eabi/13.2.1/thumb/v7e-m/nofp\libgcc.a(_aeabi_uldivmod.o)
 .debug_aranges
                0x000003f8       0x20 C:/Users/Dmitriy/AppData/Roaming/xPacks/@xpack-dev-tools/arm-none-eabi-gcc/13.2.1-1.1.1/.content/bin/../lib/gcc/arm-none-eabi/13.2.1/thumb/v7e-m/nofp\libgcc.a(_udivmoddi4.o)
 .debug_aranges
                0x00000418       0x20 C:/Users/Dmitriy/AppData/Roaming/xPacks/@xpack-dev-tools/arm-none-eabi-gcc/13.2.1-1.1.1/.content/bin/../lib/gcc/arm-none-eabi/13.2.1/thumb/v7e-m/nofp\libgcc.a(_dvmd_tls.o)

.debug_pubnames
 *(.debug_pubnames)

.debug_info     0x00000000     0x6f13
 *(.debug_info .gnu.linkonce.wi.*)
 .debug_info    0x00000000      0x104 ./system/src/newlib/exit.o
 .debug_info    0x00000104      0x10f ./system/src/newlib/sbrk.o
 .debug_info    0x00000213      0x48f ./system/src/newlib/startup.o
 .debug_info    0x000006a2      0x1c3 ./system/src/newlib/syscalls.o
 .debug_info    0x00000865      0x325 ./system/src/diag/trace-impl.o
 .debug_info    0x00000b8a      0x34b ./system/src/diag/trace.o
 .debug_info    0x00000ed5      0x91e ./system/src/cortexm/exception-handlers.o
 .debug_info    0x000017f3      0x271 ./system/src/cortexm/initialize-hardware.o
 .debug_info    0x00001a64     0x18e2 ./system/src/cmsis/system_at32f423.o
 .debug_info    0x00003346      0x10e ./system/src/cmsis/vectors_at32f423.o
 .debug_info    0x00003454     0x2a68 ./system/src/at32f423/at32f423_crm.o
 .debug_info    0x00005ebc      0x1ba ./src/main.o
 .debug_info    0x00006076      0x73a ./src/timer.o
 .debug_info    0x000067b0       0x24 C:/Users/Dmitriy/AppData/Roaming/xPacks/@xpack-dev-tools/arm-none-eabi-gcc/13.2.1-1.1.1/.content/bin/../lib/gcc/arm-none-eabi/13.2.1/thumb/v7e-m/nofp\libgcc.a(_aeabi_uldivmod.o)
 .debug_info    0x000067d4      0x703 C:/Users/Dmitriy/AppData/Roaming/xPacks/@xpack-dev-tools/arm-none-eabi-gcc/13.2.1-1.1.1/.content/bin/../lib/gcc/arm-none-eabi/13.2.1/thumb/v7e-m/nofp\libgcc.a(_udivmoddi4.o)
 .debug_info    0x00006ed7       0x3c C:/Users/Dmitriy/AppData/Roaming/xPacks/@xpack-dev-tools/arm-none-eabi-gcc/13.2.1-1.1.1/.content/bin/../lib/gcc/arm-none-eabi/13.2.1/thumb/v7e-m/nofp\libgcc.a(_dvmd_tls.o)

.debug_abbrev   0x00000000     0x15c0
 *(.debug_abbrev)
 .debug_abbrev  0x00000000       0xc5 ./system/src/newlib/exit.o
 .debug_abbrev  0x000000c5       0xcc ./system/src/newlib/sbrk.o
 .debug_abbrev  0x00000191      0x20e ./system/src/newlib/startup.o
 .debug_abbrev  0x0000039f      0x118 ./system/src/newlib/syscalls.o
 .debug_abbrev  0x000004b7      0x1e6 ./system/src/diag/trace-impl.o
 .debug_abbrev  0x0000069d      0x184 ./system/src/diag/trace.o
 .debug_abbrev  0x00000821      0x28c ./system/src/cortexm/exception-handlers.o
 .debug_abbrev  0x00000aad      0x105 ./system/src/cortexm/initialize-hardware.o
 .debug_abbrev  0x00000bb2      0x209 ./system/src/cmsis/system_at32f423.o
 .debug_abbrev  0x00000dbb       0xb8 ./system/src/cmsis/vectors_at32f423.o
 .debug_abbrev  0x00000e73      0x297 ./system/src/at32f423/at32f423_crm.o
 .debug_abbrev  0x0000110a      0x117 ./src/main.o
 .debug_abbrev  0x00001221      0x1fb ./src/timer.o
 .debug_abbrev  0x0000141c       0x14 C:/Users/Dmitriy/AppData/Roaming/xPacks/@xpack-dev-tools/arm-none-eabi-gcc/13.2.1-1.1.1/.content/bin/../lib/gcc/arm-none-eabi/13.2.1/thumb/v7e-m/nofp\libgcc.a(_aeabi_uldivmod.o)
 .debug_abbrev  0x00001430      0x16a C:/Users/Dmitriy/AppData/Roaming/xPacks/@xpack-dev-tools/arm-none-eabi-gcc/13.2.1-1.1.1/.content/bin/../lib/gcc/arm-none-eabi/13.2.1/thumb/v7e-m/nofp\libgcc.a(_udivmoddi4.o)
 .debug_abbrev  0x0000159a       0x26 C:/Users/Dmitriy/AppData/Roaming/xPacks/@xpack-dev-tools/arm-none-eabi-gcc/13.2.1-1.1.1/.content/bin/../lib/gcc/arm-none-eabi/13.2.1/thumb/v7e-m/nofp\libgcc.a(_dvmd_tls.o)

.debug_line     0x00000000     0x531a
 *(.debug_line)
 .debug_line    0x00000000      0x406 ./system/src/newlib/exit.o
 .debug_line    0x00000406      0x403 ./system/src/newlib/sbrk.o
 .debug_line    0x00000809      0x619 ./system/src/newlib/startup.o
 .debug_line    0x00000e22      0x4d2 ./system/src/newlib/syscalls.o
 .debug_line    0x000012f4      0x751 ./system/src/diag/trace-impl.o
 .debug_line    0x00001a45      0x4ea ./system/src/diag/trace.o
 .debug_line    0x00001f2f      0x949 ./system/src/cortexm/exception-handlers.o
 .debug_line    0x00002878      0x3b0 ./system/src/cortexm/initialize-hardware.o
 .debug_line    0x00002c28      0x51b ./system/src/cmsis/system_at32f423.o
 .debug_line    0x00003143      0x136 ./system/src/cmsis/vectors_at32f423.o
 .debug_line    0x00003279      0xf05 ./system/src/at32f423/at32f423_crm.o
 .debug_line    0x0000417e      0x6df ./src/main.o
 .debug_line    0x0000485d      0x472 ./src/timer.o
 .debug_line    0x00004ccf       0x4e C:/Users/Dmitriy/AppData/Roaming/xPacks/@xpack-dev-tools/arm-none-eabi-gcc/13.2.1-1.1.1/.content/bin/../lib/gcc/arm-none-eabi/13.2.1/thumb/v7e-m/nofp\libgcc.a(_aeabi_uldivmod.o)
 .debug_line    0x00004d1d      0x5b3 C:/Users/Dmitriy/AppData/Roaming/xPacks/@xpack-dev-tools/arm-none-eabi-gcc/13.2.1-1.1.1/.content/bin/../lib/gcc/arm-none-eabi/13.2.1/thumb/v7e-m/nofp\libgcc.a(_udivmoddi4.o)
 .debug_line    0x000052d0       0x4a C:/Users/Dmitriy/AppData/Roaming/xPacks/@xpack-dev-tools/arm-none-eabi-gcc/13.2.1-1.1.1/.content/bin/../lib/gcc/arm-none-eabi/13.2.1/thumb/v7e-m/nofp\libgcc.a(_dvmd_tls.o)

.debug_frame    0x00000000      0x818
 *(.debug_frame)
 .debug_frame   0x00000000       0x38 ./system/src/newlib/exit.o
 .debug_frame   0x00000038       0x28 ./system/src/newlib/sbrk.o
 .debug_frame   0x00000060       0x7c ./system/src/newlib/startup.o
 .debug_frame   0x000000dc       0x50 ./system/src/newlib/syscalls.o
 .debug_frame   0x0000012c       0x64 ./system/src/diag/trace-impl.o
 .debug_frame   0x00000190       0x94 ./system/src/diag/trace.o
 .debug_frame   0x00000224      0x158 ./system/src/cortexm/exception-handlers.o
 .debug_frame   0x0000037c       0x40 ./system/src/cortexm/initialize-hardware.o
 .debug_frame   0x000003bc       0x58 ./system/src/cmsis/system_at32f423.o
 .debug_frame   0x00000414       0x20 ./system/src/cmsis/vectors_at32f423.o
 .debug_frame   0x00000434      0x304 ./system/src/at32f423/at32f423_crm.o
 .debug_frame   0x00000738       0x28 ./src/main.o
 .debug_frame   0x00000760       0x58 ./src/timer.o
 .debug_frame   0x000007b8       0x2c C:/Users/Dmitriy/AppData/Roaming/xPacks/@xpack-dev-tools/arm-none-eabi-gcc/13.2.1-1.1.1/.content/bin/../lib/gcc/arm-none-eabi/13.2.1/thumb/v7e-m/nofp\libgcc.a(_aeabi_uldivmod.o)
 .debug_frame   0x000007e4       0x34 C:/Users/Dmitriy/AppData/Roaming/xPacks/@xpack-dev-tools/arm-none-eabi-gcc/13.2.1-1.1.1/.content/bin/../lib/gcc/arm-none-eabi/13.2.1/thumb/v7e-m/nofp\libgcc.a(_udivmoddi4.o)

.debug_str      0x00000000    0x1ce41
 *(.debug_str)
 .debug_str     0x00000000    0x1ce41 ./system/src/newlib/exit.o
                               0x7c50 (size before relaxing)
 .debug_str     0x0001ce41     0x7033 ./system/src/newlib/sbrk.o
 .debug_str     0x0001ce41     0x66df ./system/src/newlib/startup.o
 .debug_str     0x0001ce41     0x8fc2 ./system/src/newlib/syscalls.o
 .debug_str     0x0001ce41    0x16031 ./system/src/diag/trace-impl.o
 .debug_str     0x0001ce41     0x83c4 ./system/src/diag/trace.o
 .debug_str     0x0001ce41    0x17307 ./system/src/cortexm/exception-handlers.o
 .debug_str     0x0001ce41    0x1227c ./system/src/cortexm/initialize-hardware.o
 .debug_str     0x0001ce41    0x12e2f ./system/src/cmsis/system_at32f423.o
 .debug_str     0x0001ce41     0x3a31 ./system/src/cmsis/vectors_at32f423.o
 .debug_str     0x0001ce41    0x14999 ./system/src/at32f423/at32f423_crm.o
 .debug_str     0x0001ce41    0x175fc ./src/main.o
 .debug_str     0x0001ce41    0x129bf ./src/timer.o
 .debug_str     0x0001ce41      0x11d C:/Users/Dmitriy/AppData/Roaming/xPacks/@xpack-dev-tools/arm-none-eabi-gcc/13.2.1-1.1.1/.content/bin/../lib/gcc/arm-none-eabi/13.2.1/thumb/v7e-m/nofp\libgcc.a(_aeabi_uldivmod.o)
 .debug_str     0x0001ce41      0x733 C:/Users/Dmitriy/AppData/Roaming/xPacks/@xpack-dev-tools/arm-none-eabi-gcc/13.2.1-1.1.1/.content/bin/../lib/gcc/arm-none-eabi/13.2.1/thumb/v7e-m/nofp\libgcc.a(_udivmoddi4.o)
 .debug_str     0x0001ce41      0x13d C:/Users/Dmitriy/AppData/Roaming/xPacks/@xpack-dev-tools/arm-none-eabi-gcc/13.2.1-1.1.1/.content/bin/../lib/gcc/arm-none-eabi/13.2.1/thumb/v7e-m/nofp\libgcc.a(_dvmd_tls.o)

.debug_loc
 *(.debug_loc)

.debug_macinfo
 *(.debug_macinfo)

.debug_weaknames
 *(.debug_weaknames)

.debug_funcnames
 *(.debug_funcnames)

.debug_typenames
 *(.debug_typenames)

.debug_varnames
 *(.debug_varnames)
OUTPUT(at32f423_template.elf elf32-littlearm)
LOAD linker stubs

.debug_loclists
                0x00000000     0x1a51
 .debug_loclists
                0x00000000       0x17 ./system/src/newlib/exit.o
 .debug_loclists
                0x00000017       0x75 ./system/src/newlib/sbrk.o
 .debug_loclists
                0x0000008c      0x1c8 ./system/src/newlib/startup.o
 .debug_loclists
                0x00000254       0x63 ./system/src/newlib/syscalls.o
 .debug_loclists
                0x000002b7      0x101 ./system/src/diag/trace-impl.o
 .debug_loclists
                0x000003b8       0xc4 ./system/src/diag/trace.o
 .debug_loclists
                0x0000047c      0x227 ./system/src/cortexm/exception-handlers.o
 .debug_loclists
                0x000006a3      0x155 ./system/src/cmsis/system_at32f423.o
 .debug_loclists
                0x000007f8      0x7a2 ./system/src/at32f423/at32f423_crm.o
 .debug_loclists
                0x00000f9a       0x5b ./src/main.o
 .debug_loclists
                0x00000ff5       0x47 ./src/timer.o
 .debug_loclists
                0x0000103c      0xa15 C:/Users/Dmitriy/AppData/Roaming/xPacks/@xpack-dev-tools/arm-none-eabi-gcc/13.2.1-1.1.1/.content/bin/../lib/gcc/arm-none-eabi/13.2.1/thumb/v7e-m/nofp\libgcc.a(_udivmoddi4.o)

.debug_rnglists
                0x00000000      0x35c
 .debug_rnglists
                0x00000000       0x19 ./system/src/newlib/exit.o
 .debug_rnglists
                0x00000019       0x13 ./system/src/newlib/sbrk.o
 .debug_rnglists
                0x0000002c       0x2c ./system/src/newlib/startup.o
 .debug_rnglists
                0x00000058       0x1f ./system/src/newlib/syscalls.o
 .debug_rnglists
                0x00000077       0x2b ./system/src/diag/trace-impl.o
 .debug_rnglists
                0x000000a2       0x25 ./system/src/diag/trace.o
 .debug_rnglists
                0x000000c7       0x74 ./system/src/cortexm/exception-handlers.o
 .debug_rnglists
                0x0000013b       0x19 ./system/src/cortexm/initialize-hardware.o
 .debug_rnglists
                0x00000154       0x21 ./system/src/cmsis/system_at32f423.o
 .debug_rnglists
                0x00000175       0x13 ./system/src/cmsis/vectors_at32f423.o
 .debug_rnglists
                0x00000188      0x103 ./system/src/at32f423/at32f423_crm.o
 .debug_rnglists
                0x0000028b       0x13 ./src/main.o
 .debug_rnglists
                0x0000029e       0x25 ./src/timer.o
 .debug_rnglists
                0x000002c3       0x99 C:/Users/Dmitriy/AppData/Roaming/xPacks/@xpack-dev-tools/arm-none-eabi-gcc/13.2.1-1.1.1/.content/bin/../lib/gcc/arm-none-eabi/13.2.1/thumb/v7e-m/nofp\libgcc.a(_udivmoddi4.o)

.debug_macro    0x00000000     0x501a
 .debug_macro   0x00000000      0x1ae ./system/src/newlib/exit.o
 .debug_macro   0x000001ae      0x163 ./system/src/newlib/sbrk.o
 .debug_macro   0x00000311      0x190 ./system/src/newlib/sbrk.o
 .debug_macro   0x000004a1       0x10 ./system/src/newlib/sbrk.o
 .debug_macro   0x000004b1      0x23c ./system/src/newlib/sbrk.o
 .debug_macro   0x000006ed      0x15f ./system/src/newlib/startup.o
 .debug_macro   0x0000084c      0x239 ./system/src/newlib/syscalls.o
 .debug_macro   0x00000a85       0x1c ./system/src/newlib/syscalls.o
 .debug_macro   0x00000aa1       0x10 ./system/src/newlib/syscalls.o
 .debug_macro   0x00000ab1       0x10 ./system/src/newlib/syscalls.o
 .debug_macro   0x00000ac1       0x10 ./system/src/newlib/syscalls.o
 .debug_macro   0x00000ad1       0x35 ./system/src/newlib/syscalls.o
 .debug_macro   0x00000b06      0x12c ./system/src/newlib/syscalls.o
 .debug_macro   0x00000c32       0xce ./system/src/newlib/syscalls.o
 .debug_macro   0x00000d00       0x7c ./system/src/newlib/syscalls.o
 .debug_macro   0x00000d7c       0x17 ./system/src/newlib/syscalls.o
 .debug_macro   0x00000d93      0x118 ./system/src/newlib/syscalls.o
 .debug_macro   0x00000eab      0x18a ./system/src/newlib/syscalls.o
 .debug_macro   0x00001035       0x16 ./system/src/newlib/syscalls.o
 .debug_macro   0x0000104b      0x2d8 ./system/src/diag/trace-impl.o
 .debug_macro   0x00001323       0x62 ./system/src/diag/trace-impl.o
 .debug_macro   0x00001385       0x1c ./system/src/diag/trace-impl.o
 .debug_macro   0x000013a1       0x22 ./system/src/diag/trace-impl.o
 .debug_macro   0x000013c3       0xd9 ./system/src/diag/trace-impl.o
 .debug_macro   0x0000149c     0x102d ./system/src/diag/trace-impl.o
 .debug_macro   0x000024c9      0x11f ./system/src/diag/trace-impl.o
 .debug_macro   0x000025e8       0x10 ./system/src/diag/trace-impl.o
 .debug_macro   0x000025f8      0x33e ./system/src/diag/trace-impl.o
 .debug_macro   0x00002936       0x1c ./system/src/diag/trace-impl.o
 .debug_macro   0x00002952       0xac ./system/src/diag/trace-impl.o
 .debug_macro   0x000029fe       0xa7 ./system/src/diag/trace-impl.o
 .debug_macro   0x00002aa5       0xdc ./system/src/diag/trace-impl.o
 .debug_macro   0x00002b81       0xb9 ./system/src/diag/trace-impl.o
 .debug_macro   0x00002c3a       0x9a ./system/src/diag/trace-impl.o
 .debug_macro   0x00002cd4       0xaf ./system/src/diag/trace-impl.o
 .debug_macro   0x00002d83       0xdd ./system/src/diag/trace-impl.o
 .debug_macro   0x00002e60       0x41 ./system/src/diag/trace-impl.o
 .debug_macro   0x00002ea1      0x138 ./system/src/diag/trace-impl.o
 .debug_macro   0x00002fd9       0x5a ./system/src/diag/trace-impl.o
 .debug_macro   0x00003033       0x1d ./system/src/diag/trace-impl.o
 .debug_macro   0x00003050       0x67 ./system/src/diag/trace-impl.o
 .debug_macro   0x000030b7      0x2bf ./system/src/diag/trace-impl.o
 .debug_macro   0x00003376       0xa1 ./system/src/diag/trace-impl.o
 .debug_macro   0x00003417       0xd6 ./system/src/diag/trace-impl.o
 .debug_macro   0x000034ed       0x11 ./system/src/diag/trace-impl.o
 .debug_macro   0x000034fe       0x16 ./system/src/diag/trace-impl.o
 .debug_macro   0x00003514       0x23 ./system/src/diag/trace-impl.o
 .debug_macro   0x00003537       0xad ./system/src/diag/trace-impl.o
 .debug_macro   0x000035e4       0x11 ./system/src/diag/trace-impl.o
 .debug_macro   0x000035f5       0x35 ./system/src/diag/trace-impl.o
 .debug_macro   0x0000362a       0x16 ./system/src/diag/trace-impl.o
 .debug_macro   0x00003640       0x1d ./system/src/diag/trace-impl.o
 .debug_macro   0x0000365d      0x446 ./system/src/diag/trace-impl.o
 .debug_macro   0x00003aa3       0x10 ./system/src/diag/trace-impl.o
 .debug_macro   0x00003ab3       0xdd ./system/src/diag/trace-impl.o
 .debug_macro   0x00003b90       0x20 ./system/src/diag/trace-impl.o
 .debug_macro   0x00003bb0       0xcc ./system/src/diag/trace-impl.o
 .debug_macro   0x00003c7c       0x22 ./system/src/diag/trace-impl.o
 .debug_macro   0x00003c9e      0x1f4 ./system/src/diag/trace.o
 .debug_macro   0x00003e92       0x16 ./system/src/diag/trace.o
 .debug_macro   0x00003ea8       0x9e ./system/src/diag/trace.o
 .debug_macro   0x00003f46      0x112 ./system/src/diag/trace.o
 .debug_macro   0x00004058       0x10 ./system/src/diag/trace.o
 .debug_macro   0x00004068       0x16 ./system/src/diag/trace.o
 .debug_macro   0x0000407e       0x16 ./system/src/diag/trace.o
 .debug_macro   0x00004094      0x170 ./system/src/diag/trace.o
 .debug_macro   0x00004204       0x4c ./system/src/diag/trace.o
 .debug_macro   0x00004250       0xc1 ./system/src/diag/trace.o
 .debug_macro   0x00004311       0x16 ./system/src/diag/trace.o
 .debug_macro   0x00004327      0x336 ./system/src/cortexm/exception-handlers.o
 .debug_macro   0x0000465d       0x10 ./system/src/cortexm/exception-handlers.o
 .debug_macro   0x0000466d      0x17d ./system/src/cortexm/initialize-hardware.o
 .debug_macro   0x000047ea      0x179 ./system/src/cmsis/system_at32f423.o
 .debug_macro   0x00004963       0x34 ./system/src/cmsis/vectors_at32f423.o
 .debug_macro   0x00004997      0x173 ./system/src/at32f423/at32f423_crm.o
 .debug_macro   0x00004b0a      0x36a ./src/main.o
 .debug_macro   0x00004e74      0x196 ./src/timer.o
 .debug_macro   0x0000500a       0x10 ./src/timer.o

.debug_line_str
                0x00000000      0x11b
 .debug_line_str
                0x00000000      0x11b C:/Users/Dmitriy/AppData/Roaming/xPacks/@xpack-dev-tools/arm-none-eabi-gcc/13.2.1-1.1.1/.content/bin/../lib/gcc/arm-none-eabi/13.2.1/thumb/v7e-m/nofp\libgcc.a(_aeabi_uldivmod.o)
                                0x10f (size before relaxing)
 .debug_line_str
                0x0000011b      0x113 C:/Users/Dmitriy/AppData/Roaming/xPacks/@xpack-dev-tools/arm-none-eabi-gcc/13.2.1-1.1.1/.content/bin/../lib/gcc/arm-none-eabi/13.2.1/thumb/v7e-m/nofp\libgcc.a(_dvmd_tls.o)
