Archive member included to satisfy reference by file (symbol)

c:/users/dmitriy/appdata/roaming/xpacks/@xpack-dev-tools/arm-none-eabi-gcc/12.2.1-1.2.1/.content/bin/../lib/gcc/arm-none-eabi/12.2.1/thumb/v7e-m/nofp\libgcc.a(_aeabi_uldivmod.o)
                              ./system/src/cmsis/system_at32a423.o (__aeabi_uldivmod)
c:/users/dmitriy/appdata/roaming/xpacks/@xpack-dev-tools/arm-none-eabi-gcc/12.2.1-1.2.1/.content/bin/../lib/gcc/arm-none-eabi/12.2.1/thumb/v7e-m/nofp\libgcc.a(_udivmoddi4.o)
                              c:/users/dmitriy/appdata/roaming/xpacks/@xpack-dev-tools/arm-none-eabi-gcc/12.2.1-1.2.1/.content/bin/../lib/gcc/arm-none-eabi/12.2.1/thumb/v7e-m/nofp\libgcc.a(_aeabi_uldivmod.o) (__udivmoddi4)
c:/users/dmitriy/appdata/roaming/xpacks/@xpack-dev-tools/arm-none-eabi-gcc/12.2.1-1.2.1/.content/bin/../lib/gcc/arm-none-eabi/12.2.1/thumb/v7e-m/nofp\libgcc.a(unwind-arm.o)
                              ./system/src/newlib/cxx.o (__aeabi_unwind_cpp_pr1)
c:/users/dmitriy/appdata/roaming/xpacks/@xpack-dev-tools/arm-none-eabi-gcc/12.2.1-1.2.1/.content/bin/../lib/gcc/arm-none-eabi/12.2.1/thumb/v7e-m/nofp\libgcc.a(libunwind.o)
                              c:/users/dmitriy/appdata/roaming/xpacks/@xpack-dev-tools/arm-none-eabi-gcc/12.2.1-1.2.1/.content/bin/../lib/gcc/arm-none-eabi/12.2.1/thumb/v7e-m/nofp\libgcc.a(unwind-arm.o) (restore_core_regs)
c:/users/dmitriy/appdata/roaming/xpacks/@xpack-dev-tools/arm-none-eabi-gcc/12.2.1-1.2.1/.content/bin/../lib/gcc/arm-none-eabi/12.2.1/thumb/v7e-m/nofp\libgcc.a(pr-support.o)
                              c:/users/dmitriy/appdata/roaming/xpacks/@xpack-dev-tools/arm-none-eabi-gcc/12.2.1-1.2.1/.content/bin/../lib/gcc/arm-none-eabi/12.2.1/thumb/v7e-m/nofp\libgcc.a(unwind-arm.o) (__gnu_unwind_execute)
c:/users/dmitriy/appdata/roaming/xpacks/@xpack-dev-tools/arm-none-eabi-gcc/12.2.1-1.2.1/.content/bin/../lib/gcc/arm-none-eabi/12.2.1/thumb/v7e-m/nofp\libgcc.a(_dvmd_tls.o)
                              c:/users/dmitriy/appdata/roaming/xpacks/@xpack-dev-tools/arm-none-eabi-gcc/12.2.1-1.2.1/.content/bin/../lib/gcc/arm-none-eabi/12.2.1/thumb/v7e-m/nofp\libgcc.a(_aeabi_uldivmod.o) (__aeabi_ldiv0)
c:/users/dmitriy/appdata/roaming/xpacks/@xpack-dev-tools/arm-none-eabi-gcc/12.2.1-1.2.1/.content/bin/../lib/gcc/arm-none-eabi/12.2.1/../../../../arm-none-eabi/lib/thumb/v7e-m/nofp\libg_nano.a(libc_a-vsnprintf.o)
                              ./system/src/diag/trace.o (vsnprintf)
c:/users/dmitriy/appdata/roaming/xpacks/@xpack-dev-tools/arm-none-eabi-gcc/12.2.1-1.2.1/.content/bin/../lib/gcc/arm-none-eabi/12.2.1/../../../../arm-none-eabi/lib/thumb/v7e-m/nofp\libg_nano.a(libc_a-impure.o)
                              c:/users/dmitriy/appdata/roaming/xpacks/@xpack-dev-tools/arm-none-eabi-gcc/12.2.1-1.2.1/.content/bin/../lib/gcc/arm-none-eabi/12.2.1/../../../../arm-none-eabi/lib/thumb/v7e-m/nofp\libg_nano.a(libc_a-vsnprintf.o) (_impure_ptr)
c:/users/dmitriy/appdata/roaming/xpacks/@xpack-dev-tools/arm-none-eabi-gcc/12.2.1-1.2.1/.content/bin/../lib/gcc/arm-none-eabi/12.2.1/../../../../arm-none-eabi/lib/thumb/v7e-m/nofp\libg_nano.a(libc_a-errno.o)
                              ./system/src/newlib/sbrk.o (__errno)
c:/users/dmitriy/appdata/roaming/xpacks/@xpack-dev-tools/arm-none-eabi-gcc/12.2.1-1.2.1/.content/bin/../lib/gcc/arm-none-eabi/12.2.1/../../../../arm-none-eabi/lib/thumb/v7e-m/nofp\libg_nano.a(libc_a-memcpy-stub.o)
                              c:/users/dmitriy/appdata/roaming/xpacks/@xpack-dev-tools/arm-none-eabi-gcc/12.2.1-1.2.1/.content/bin/../lib/gcc/arm-none-eabi/12.2.1/thumb/v7e-m/nofp\libgcc.a(unwind-arm.o) (memcpy)
c:/users/dmitriy/appdata/roaming/xpacks/@xpack-dev-tools/arm-none-eabi-gcc/12.2.1-1.2.1/.content/bin/../lib/gcc/arm-none-eabi/12.2.1/../../../../arm-none-eabi/lib/thumb/v7e-m/nofp\libg_nano.a(libc_a-strlen.o)
                              ./system/src/diag/trace.o (strlen)
c:/users/dmitriy/appdata/roaming/xpacks/@xpack-dev-tools/arm-none-eabi-gcc/12.2.1-1.2.1/.content/bin/../lib/gcc/arm-none-eabi/12.2.1/../../../../arm-none-eabi/lib/thumb/v7e-m/nofp\libg_nano.a(libc_a-nano-svfprintf.o)
                              c:/users/dmitriy/appdata/roaming/xpacks/@xpack-dev-tools/arm-none-eabi-gcc/12.2.1-1.2.1/.content/bin/../lib/gcc/arm-none-eabi/12.2.1/../../../../arm-none-eabi/lib/thumb/v7e-m/nofp\libg_nano.a(libc_a-vsnprintf.o) (_svfprintf_r)
c:/users/dmitriy/appdata/roaming/xpacks/@xpack-dev-tools/arm-none-eabi-gcc/12.2.1-1.2.1/.content/bin/../lib/gcc/arm-none-eabi/12.2.1/../../../../arm-none-eabi/lib/thumb/v7e-m/nofp\libg_nano.a(libc_a-nano-vfprintf_i.o)
                              c:/users/dmitriy/appdata/roaming/xpacks/@xpack-dev-tools/arm-none-eabi-gcc/12.2.1-1.2.1/.content/bin/../lib/gcc/arm-none-eabi/12.2.1/../../../../arm-none-eabi/lib/thumb/v7e-m/nofp\libg_nano.a(libc_a-nano-svfprintf.o) (_printf_i)
[...]
Memory Configuration

Name             Origin             Length             Attributes
FLASH            0x0000000008000000 0x0000000000040000 xr
RAM              0x0000000020000000 0x000000000000c000 xrw
CCMRAM           0x0000000010000000 0x0000000000000000 xrw
FLASHB1          0x0000000000000000 0x0000000000000000 xr
EXTMEMB0         0x0000000000000000 0x0000000000000000 xr
EXTMEMB1         0x0000000000000000 0x0000000000000000 xr
EXTMEMB2         0x0000000000000000 0x0000000000000000 xr
EXTMEMB3         0x0000000000000000 0x0000000000000000 xr
*default*        0x0000000000000000 0xffffffffffffffff

Linker script and memory map

LOAD ./system/src/newlib/assert.o
LOAD ./system/src/newlib/cxx.o
LOAD ./system/src/newlib/exit.o
LOAD ./system/src/newlib/sbrk.o
LOAD ./system/src/newlib/startup.o
LOAD ./system/src/newlib/syscalls.o
LOAD ./system/src/diag/trace-impl.o
LOAD ./system/src/diag/trace.o
LOAD ./system/src/cortexm/exception-handlers.o
LOAD ./system/src/cortexm/initialize-hardware.o
LOAD ./system/src/cortexm/reset-hardware.o
LOAD ./system/src/cmsis/system_at32a423.o
LOAD ./system/src/cmsis/vectors_at32a423.o
LOAD ./system/src/at32a423/at32a423_acc.o
LOAD ./system/src/at32a423/at32a423_adc.o
LOAD ./system/src/at32a423/at32a423_can.o
LOAD ./system/src/at32a423/at32a423_crc.o
LOAD ./system/src/at32a423/at32a423_crm.o
LOAD ./system/src/at32a423/at32a423_dac.o
LOAD ./system/src/at32a423/at32a423_debug.o
LOAD ./system/src/at32a423/at32a423_dma.o
LOAD ./system/src/at32a423/at32a423_ertc.o
LOAD ./system/src/at32a423/at32a423_exint.o
LOAD ./system/src/at32a423/at32a423_flash.o
LOAD ./system/src/at32a423/at32a423_gpio.o
LOAD ./system/src/at32a423/at32a423_i2c.o
LOAD ./system/src/at32a423/at32a423_misc.o
LOAD ./system/src/at32a423/at32a423_pwc.o
LOAD ./system/src/at32a423/at32a423_scfg.o
LOAD ./system/src/at32a423/at32a423_spi.o
LOAD ./system/src/at32a423/at32a423_tmr.o
LOAD ./system/src/at32a423/at32a423_usart.o
LOAD ./system/src/at32a423/at32a423_usb.o
LOAD ./system/src/at32a423/at32a423_wdt.o
LOAD ./system/src/at32a423/at32a423_wwdt.o
LOAD ./system/src/at32a423/at32a423_xmc.o
LOAD ./src/main.o
LOAD ./src/timer.o
LOAD ./src/write.o
LOAD c:/users/dmitriy/appdata/roaming/xpacks/@xpack-dev-tools/arm-none-eabi-gcc/12.2.1-1.2.1/.content/bin/../lib/gcc/arm-none-eabi/12.2.1/../../../../arm-none-eabi/lib/thumb/v7e-m/nofp\libstdc++_nano.a
LOAD c:/users/dmitriy/appdata/roaming/xpacks/@xpack-dev-tools/arm-none-eabi-gcc/12.2.1-1.2.1/.content/bin/../lib/gcc/arm-none-eabi/12.2.1/../../../../arm-none-eabi/lib/thumb/v7e-m/nofp\libm.a
START GROUP
LOAD c:/users/dmitriy/appdata/roaming/xpacks/@xpack-dev-tools/arm-none-eabi-gcc/12.2.1-1.2.1/.content/bin/../lib/gcc/arm-none-eabi/12.2.1/thumb/v7e-m/nofp\libgcc.a
LOAD c:/users/dmitriy/appdata/roaming/xpacks/@xpack-dev-tools/arm-none-eabi-gcc/12.2.1-1.2.1/.content/bin/../lib/gcc/arm-none-eabi/12.2.1/../../../../arm-none-eabi/lib/thumb/v7e-m/nofp\libg_nano.a
LOAD c:/users/dmitriy/appdata/roaming/xpacks/@xpack-dev-tools/arm-none-eabi-gcc/12.2.1-1.2.1/.content/bin/../lib/gcc/arm-none-eabi/12.2.1/../../../../arm-none-eabi/lib/thumb/v7e-m/nofp\libc_nano.a
END GROUP
START GROUP
LOAD c:/users/dmitriy/appdata/roaming/xpacks/@xpack-dev-tools/arm-none-eabi-gcc/12.2.1-1.2.1/.content/bin/../lib/gcc/arm-none-eabi/12.2.1/thumb/v7e-m/nofp\libgcc.a
LOAD c:/users/dmitriy/appdata/roaming/xpacks/@xpack-dev-tools/arm-none-eabi-gcc/12.2.1-1.2.1/.content/bin/../lib/gcc/arm-none-eabi/12.2.1/../../../../arm-none-eabi/lib/thumb/v7e-m/nofp\libc_nano.a
END GROUP
                0x000000002000c000                __stack = (ORIGIN (RAM) + LENGTH (RAM))
                0x000000002000c000                _estack = __stack
                0x0000000000000400                __Main_Stack_Size = 0x400
                [!provide]                        PROVIDE (_Main_Stack_Size = __Main_Stack_Size)
                0x000000002000bc00                __Main_Stack_Limit = (__stack - __Main_Stack_Size)
                [!provide]                        PROVIDE (_Main_Stack_Limit = __Main_Stack_Limit)
                0x0000000000000100                _Minimum_Stack_Size = 0x100
                0x0000000020000108                PROVIDE (_Heap_Begin = _end_noinit)
                0x000000002000bc00                PROVIDE (_Heap_Limit = (__stack - __Main_Stack_Size))

.isr_vector     0x0000000008000000      0x422
 FILL mask 0xff
                0x0000000008000000                __vectors_start = ABSOLUTE (.)
                0x0000000008000000                __vectors_start__ = ABSOLUTE (.)
 *(.isr_vector)
 .isr_vector    0x0000000008000000      0x1e0 ./system/src/cmsis/vectors_at32a423.o
                0x0000000008000000                __isr_vectors
 *(.cfmconfig)
 *(.after_vectors .after_vectors.*)
 .after_vectors
                0x00000000080001e0      0x114 ./system/src/newlib/startup.o
                0x00000000080001e0                _start
 .after_vectors
                0x00000000080002f4      0x12c ./system/src/cortexm/exception-handlers.o
                0x00000000080002f4                Reset_Handler
                0x00000000080002fa                NMI_Handler
                0x00000000080002fe                HardFault_Handler
                0x0000000008000312                HardFault_Handler_C
                0x0000000008000370                MemManage_Handler
                0x0000000008000374                BusFault_Handler
                0x0000000008000388                BusFault_Handler_C
                0x00000000080003bc                UsageFault_Handler
                0x00000000080003d0                UsageFault_Handler_C
                0x0000000008000404                SVC_Handler
                0x0000000008000408                DebugMon_Handler
                0x000000000800040c                PendSV_Handler
 .after_vectors
                0x0000000008000420        0x2 ./system/src/cmsis/vectors_at32a423.o
                0x0000000008000420                EXINT2_IRQHandler
                0x0000000008000420                I2C2_EVT_IRQHandler
                0x0000000008000420                TMR1_OVF_TMR10_IRQHandler
                0x0000000008000420                I2C1_ERR_IRQHandler
                0x0000000008000420                EXINT9_5_IRQHandler
                0x0000000008000420                TAMP_STAMP_IRQHandler
                0x0000000008000420                CAN2_RX1_IRQHandler
                0x0000000008000420                USART8_IRQHandler
                0x0000000008000420                CAN1_RX0_IRQHandler
                0x0000000008000420                FPU_IRQHandler
                0x0000000008000420                SPI1_IRQHandler
                0x0000000008000420                USART5_IRQHandler
                0x0000000008000420                TMR6_DAC_GLOBAL_IRQHandler
                0x0000000008000420                CAN2_RX0_IRQHandler
                0x0000000008000420                OTGFS1_IRQHandler
                0x0000000008000420                USART7_IRQHandler
                0x0000000008000420                DMA2_Channel2_IRQHandler
                0x0000000008000420                DMA1_Channel4_IRQHandler
                0x0000000008000420                ADC1_IRQHandler
                0x0000000008000420                USART6_IRQHandler
                0x0000000008000420                EXINT0_IRQHandler
                0x0000000008000420                USART3_IRQHandler
                0x0000000008000420                DMA1_Channel7_IRQHandler
                0x0000000008000420                CAN1_RX1_IRQHandler
                0x0000000008000420                ACC_IRQHandler
                0x0000000008000420                DMAMUX_IRQHandler
                0x0000000008000420                DMA2_Channel1_IRQHandler
                0x0000000008000420                TMR12_GLOBAL_IRQHandler
                0x0000000008000420                USART4_IRQHandler
                0x0000000008000420                EXINT3_IRQHandler
                0x0000000008000420                DMA1_Channel6_IRQHandler
                0x0000000008000420                DMA2_Channel4_IRQHandler
                0x0000000008000420                ERTCAlarm_IRQHandler
                0x0000000008000420                DMA1_Channel1_IRQHandler
                0x0000000008000420                Default_Handler
                0x0000000008000420                DMA2_Channel7_IRQHandler
                0x0000000008000420                TMR3_GLOBAL_IRQHandler
                0x0000000008000420                TMR7_GLOBAL_IRQHandler
                0x0000000008000420                CAN1_SE_IRQHandler
                0x0000000008000420                CAN2_TX_IRQHandler
                0x0000000008000420                I2C3_ERR_IRQHandler
                0x0000000008000420                TMR1_BRK_TMR9_IRQHandler
                0x0000000008000420                SPI2_IRQHandler
                0x0000000008000420                TMR1_TRG_HALL_TMR11_IRQHandler
                0x0000000008000420                CAN1_TX_IRQHandler
                0x0000000008000420                DMA2_Channel5_IRQHandler
                0x0000000008000420                TMR14_GLOBAL_IRQHandler
                0x0000000008000420                DMA1_Channel5_IRQHandler
                0x0000000008000420                TMR4_GLOBAL_IRQHandler
                0x0000000008000420                EXINT4_IRQHandler
                0x0000000008000420                CAN2_SE_IRQHandler
                0x0000000008000420                PVM_IRQHandler
                0x0000000008000420                I2C3_EVT_IRQHandler
                0x0000000008000420                DMA1_Channel3_IRQHandler
                0x0000000008000420                I2C1_EVT_IRQHandler
                0x0000000008000420                TMR13_GLOBAL_IRQHandler
                0x0000000008000420                DMA2_Channel6_IRQHandler
                0x0000000008000420                EXINT1_IRQHandler
                0x0000000008000420                USART2_IRQHandler
                0x0000000008000420                DMA1_Channel2_IRQHandler
                0x0000000008000420                TMR2_GLOBAL_IRQHandler
                0x0000000008000420                ERTC_WKUP_IRQHandler
                0x0000000008000420                FLASH_IRQHandler
                0x0000000008000420                I2C2_ERR_IRQHandler
                0x0000000008000420                USART1_IRQHandler
                0x0000000008000420                TMR1_CH_IRQHandler
                0x0000000008000420                CRM_IRQHandler
                0x0000000008000420                SPI3_IRQHandler
                0x0000000008000420                OTGFS1_WKUP_IRQHandler
                0x0000000008000420                EXINT15_10_IRQHandler
                0x0000000008000420                WWDT_IRQHandler
                0x0000000008000420                DMA2_Channel3_IRQHandler

.inits          0x0000000008000424       0x28
                0x0000000008000424                __data_regions_array_start = .
                0x0000000008000424        0x4 LONG 0x8001794 LOADADDR (.data)
                0x0000000008000428        0x4 LONG 0x20000000 ADDR (.data)
                0x000000000800042c        0x4 LONG 0x20000064 (ADDR (.data) + SIZEOF (.data))
                0x0000000008000430        0x4 LONG 0x8001794 LOADADDR (.data_CCMRAM)
                0x0000000008000434        0x4 LONG 0x10000000 ADDR (.data_CCMRAM)
                0x0000000008000438        0x4 LONG 0x10000000 (ADDR (.data_CCMRAM) + SIZEOF (.data_CCMRAM))
                0x000000000800043c                __data_regions_array_end = .
                0x000000000800043c                __bss_regions_array_start = .
                0x000000000800043c        0x4 LONG 0x20000064 ADDR (.bss)
                0x0000000008000440        0x4 LONG 0x20000108 (ADDR (.bss) + SIZEOF (.bss))
                0x0000000008000444        0x4 LONG 0x10000000 ADDR (.bss_CCMRAM)
                0x0000000008000448        0x4 LONG 0x10000000 (ADDR (.bss_CCMRAM) + SIZEOF (.bss_CCMRAM))
                0x000000000800044c                __bss_regions_array_end = .
 *(.init)
 *(.fini)
                0x000000000800044c                . = ALIGN (0x4)
                0x000000000800044c                PROVIDE (__preinit_array_start = .)
 *(.preinit_array_sysinit .preinit_array_sysinit.*)
 *(.preinit_array_platform .preinit_array_platform.*)
 *(.preinit_array .preinit_array.*)
                0x000000000800044c                PROVIDE (__preinit_array_end = .)
                0x000000000800044c                . = ALIGN (0x4)
                0x000000000800044c                PROVIDE (__init_array_start = .)
 *(SORT_BY_NAME(.init_array.*))
 *(.init_array)
                0x000000000800044c                PROVIDE (__init_array_end = .)
                0x000000000800044c                . = ALIGN (0x4)
                0x000000000800044c                PROVIDE (__fini_array_start = .)
 *(SORT_BY_NAME(.fini_array.*))
 *(.fini_array)
                0x000000000800044c                PROVIDE (__fini_array_end = .)

.flashtext
 *(.flashtext .flashtext.*)

.text           0x0000000008000450     0x133a
 *(.text .text.*)
 .text._exit    0x0000000008000450        0x2 ./system/src/newlib/exit.o
                0x0000000008000450                _exit
 *fill*         0x0000000008000452        0x2 
 .text._sbrk    0x0000000008000454       0x44 ./system/src/newlib/sbrk.o
                0x0000000008000454                _sbrk
 .text.__initialize_args
                0x0000000008000498       0x10 ./system/src/newlib/syscalls.o
                0x0000000008000498                __initialize_args
 .text._trace_write_semihosting_debug
                0x00000000080004a8       0x62 ./system/src/diag/trace-impl.o
 .text.trace_write
                0x000000000800050a        0x8 ./system/src/diag/trace-impl.o
                0x000000000800050a                trace_write
 *fill*         0x0000000008000512        0x2 
 .text.trace_printf
                0x0000000008000514       0x34 ./system/src/diag/trace.o
                0x0000000008000514                trace_printf
 .text.trace_puts
                0x0000000008000548       0x20 ./system/src/diag/trace.o
                0x0000000008000548                trace_puts
 .text.dumpExceptionStack
                0x0000000008000568       0xf4 ./system/src/cortexm/exception-handlers.o
                0x0000000008000568                dumpExceptionStack
 .text.isSemihosting
                0x000000000800065c       0x20 ./system/src/cortexm/exception-handlers.o
                0x000000000800065c                isSemihosting
 .text.__initialize_hardware_early
                0x000000000800067c       0x18 ./system/src/cortexm/initialize-hardware.o
                0x000000000800067c                __initialize_hardware_early
 .text.__initialize_hardware
                0x0000000008000694        0x8 ./system/src/cortexm/initialize-hardware.o
                0x0000000008000694                __initialize_hardware
 .text.SystemInit
                0x000000000800069c       0x84 ./system/src/cmsis/system_at32a423.o
                0x000000000800069c                SystemInit
 .text.system_core_clock_update
                0x0000000008000720      0x100 ./system/src/cmsis/system_at32a423.o
                0x0000000008000720                system_core_clock_update
 .text.crm_auto_step_mode_enable
                0x0000000008000820       0x28 ./system/src/at32a423/at32a423_crm.o
                0x0000000008000820                crm_auto_step_mode_enable
 .text.crm_sysclk_switch_status_get
                0x0000000008000848       0x10 ./system/src/at32a423/at32a423_crm.o
                0x0000000008000848                crm_sysclk_switch_status_get
 .text.main     0x0000000008000858       0x3c ./src/main.o
                0x0000000008000858                main
 .text.timer_start
                0x0000000008000894       0x38 ./src/timer.o
                0x0000000008000894                timer_start
 .text.timer_sleep
                0x00000000080008cc       0x14 ./src/timer.o
                0x00000000080008cc                timer_sleep
 .text.timer_tick
                0x00000000080008e0       0x14 ./src/timer.o
                0x00000000080008e0                timer_tick
 .text.SysTick_Handler
                0x00000000080008f4        0x8 ./src/timer.o
                0x00000000080008f4                SysTick_Handler
 .text          0x00000000080008fc       0x30 c:/users/dmitriy/appdata/roaming/xpacks/@xpack-dev-tools/arm-none-eabi-gcc/12.2.1-1.2.1/.content/bin/../lib/gcc/arm-none-eabi/12.2.1/thumb/v7e-m/nofp\libgcc.a(_aeabi_uldivmod.o)
                0x00000000080008fc                __aeabi_uldivmod
 .text.__udivmoddi4
                0x000000000800092c      0x2bc c:/users/dmitriy/appdata/roaming/xpacks/@xpack-dev-tools/arm-none-eabi-gcc/12.2.1-1.2.1/.content/bin/../lib/gcc/arm-none-eabi/12.2.1/thumb/v7e-m/nofp\libgcc.a(_udivmoddi4.o)
                0x000000000800092c                __udivmoddi4
 .text          0x0000000008000be8        0x4 c:/users/dmitriy/appdata/roaming/xpacks/@xpack-dev-tools/arm-none-eabi-gcc/12.2.1-1.2.1/.content/bin/../lib/gcc/arm-none-eabi/12.2.1/thumb/v7e-m/nofp\libgcc.a(_dvmd_tls.o)
                0x0000000008000be8                __aeabi_idiv0
                0x0000000008000be8                __aeabi_ldiv0
 .text._vsnprintf_r
                0x0000000008000bec       0x56 c:/users/dmitriy/appdata/roaming/xpacks/@xpack-dev-tools/arm-none-eabi-gcc/12.2.1-1.2.1/.content/bin/../lib/gcc/arm-none-eabi/12.2.1/../../../../arm-none-eabi/lib/thumb/v7e-m/nofp\libg_nano.a(libc_a-vsnprintf.o)
                0x0000000008000bec                _vsniprintf_r
                0x0000000008000bec                _vsnprintf_r
 *fill*         0x0000000008000c42        0x2 
 .text.vsnprintf
                0x0000000008000c44       0x1c c:/users/dmitriy/appdata/roaming/xpacks/@xpack-dev-tools/arm-none-eabi-gcc/12.2.1-1.2.1/.content/bin/../lib/gcc/arm-none-eabi/12.2.1/../../../../arm-none-eabi/lib/thumb/v7e-m/nofp\libg_nano.a(libc_a-vsnprintf.o)
                0x0000000008000c44                vsniprintf
                0x0000000008000c44                vsnprintf
 .text.__errno  0x0000000008000c60        0xc c:/users/dmitriy/appdata/roaming/xpacks/@xpack-dev-tools/arm-none-eabi-gcc/12.2.1-1.2.1/.content/bin/../lib/gcc/arm-none-eabi/12.2.1/../../../../arm-none-eabi/lib/thumb/v7e-m/nofp\libg_nano.a(libc_a-errno.o)
                0x0000000008000c60                __errno
 .text.memcpy   0x0000000008000c6c       0x1c c:/users/dmitriy/appdata/roaming/xpacks/@xpack-dev-tools/arm-none-eabi-gcc/12.2.1-1.2.1/.content/bin/../lib/gcc/arm-none-eabi/12.2.1/../../../../arm-none-eabi/lib/thumb/v7e-m/nofp\libg_nano.a(libc_a-memcpy-stub.o)
                0x0000000008000c6c                memcpy
 .text          0x0000000008000c88       0x10 c:/users/dmitriy/appdata/roaming/xpacks/@xpack-dev-tools/arm-none-eabi-gcc/12.2.1-1.2.1/.content/bin/../lib/gcc/arm-none-eabi/12.2.1/../../../../arm-none-eabi/lib/thumb/v7e-m/nofp\libg_nano.a(libc_a-strlen.o)
                0x0000000008000c88                strlen
 .text.__ssputs_r
                0x0000000008000c98       0xb6 c:/users/dmitriy/appdata/roaming/xpacks/@xpack-dev-tools/arm-none-eabi-gcc/12.2.1-1.2.1/.content/bin/../lib/gcc/arm-none-eabi/12.2.1/../../../../arm-none-eabi/lib/thumb/v7e-m/nofp\libg_nano.a(libc_a-nano-svfprintf.o)
                0x0000000008000c98                __ssputs_r
 *fill*         0x0000000008000d4e        0x2 
 .text._svfprintf_r
                0x0000000008000d50      0x1f8 c:/users/dmitriy/appdata/roaming/xpacks/@xpack-dev-tools/arm-none-eabi-gcc/12.2.1-1.2.1/.content/bin/../lib/gcc/arm-none-eabi/12.2.1/../../../../arm-none-eabi/lib/thumb/v7e-m/nofp\libg_nano.a(libc_a-nano-svfprintf.o)
                0x0000000008000d50                _svfiprintf_r
                0x0000000008000d50                _svfprintf_r
 .text._printf_common
                0x0000000008000f48       0xda c:/users/dmitriy/appdata/roaming/xpacks/@xpack-dev-tools/arm-none-eabi-gcc/12.2.1-1.2.1/.content/bin/../lib/gcc/arm-none-eabi/12.2.1/../../../../arm-none-eabi/lib/thumb/v7e-m/nofp\libg_nano.a(libc_a-nano-vfprintf_i.o)
                0x0000000008000f48                _printf_common
 *fill*         0x0000000008001022        0x2 
 .text._printf_i
                0x0000000008001024      0x258 c:/users/dmitriy/appdata/roaming/xpacks/@xpack-dev-tools/arm-none-eabi-gcc/12.2.1-1.2.1/.content/bin/../lib/gcc/arm-none-eabi/12.2.1/../../../../arm-none-eabi/lib/thumb/v7e-m/nofp\libg_nano.a(libc_a-nano-vfprintf_i.o)
                0x0000000008001024                _printf_i
 .text.memmove  0x000000000800127c       0x34 c:/users/dmitriy/appdata/roaming/xpacks/@xpack-dev-tools/arm-none-eabi-gcc/12.2.1-1.2.1/.content/bin/../lib/gcc/arm-none-eabi/12.2.1/../../../../arm-none-eabi/lib/thumb/v7e-m/nofp\libg_nano.a(libc_a-memmove.o)
                0x000000000800127c                memmove
 .text          0x00000000080012b0       0xa0 c:/users/dmitriy/appdata/roaming/xpacks/@xpack-dev-tools/arm-none-eabi-gcc/12.2.1-1.2.1/.content/bin/../lib/gcc/arm-none-eabi/12.2.1/../../../../arm-none-eabi/lib/thumb/v7e-m/nofp\libg_nano.a(libc_a-memchr.o)
                0x00000000080012b0                memchr
 .text._free_r  0x0000000008001350       0x94 c:/users/dmitriy/appdata/roaming/xpacks/@xpack-dev-tools/arm-none-eabi-gcc/12.2.1-1.2.1/.content/bin/../lib/gcc/arm-none-eabi/12.2.1/../../../../arm-none-eabi/lib/thumb/v7e-m/nofp\libg_nano.a(libc_a-freer.o)
                0x0000000008001350                _free_r
 .text.sbrk_aligned
                0x00000000080013e4       0x44 c:/users/dmitriy/appdata/roaming/xpacks/@xpack-dev-tools/arm-none-eabi-gcc/12.2.1-1.2.1/.content/bin/../lib/gcc/arm-none-eabi/12.2.1/../../../../arm-none-eabi/lib/thumb/v7e-m/nofp\libg_nano.a(libc_a-mallocr.o)
 .text._malloc_r
                0x0000000008001428       0xf0 c:/users/dmitriy/appdata/roaming/xpacks/@xpack-dev-tools/arm-none-eabi-gcc/12.2.1-1.2.1/.content/bin/../lib/gcc/arm-none-eabi/12.2.1/../../../../arm-none-eabi/lib/thumb/v7e-m/nofp\libg_nano.a(libc_a-mallocr.o)
                0x0000000008001428                _malloc_r
 .text.__malloc_lock
                0x0000000008001518        0xc c:/users/dmitriy/appdata/roaming/xpacks/@xpack-dev-tools/arm-none-eabi-gcc/12.2.1-1.2.1/.content/bin/../lib/gcc/arm-none-eabi/12.2.1/../../../../arm-none-eabi/lib/thumb/v7e-m/nofp\libg_nano.a(libc_a-mlock.o)
                0x0000000008001518                __malloc_lock
 .text.__malloc_unlock
                0x0000000008001524        0xc c:/users/dmitriy/appdata/roaming/xpacks/@xpack-dev-tools/arm-none-eabi-gcc/12.2.1-1.2.1/.content/bin/../lib/gcc/arm-none-eabi/12.2.1/../../../../arm-none-eabi/lib/thumb/v7e-m/nofp\libg_nano.a(libc_a-mlock.o)
                0x0000000008001524                __malloc_unlock
 .text._realloc_r
                0x0000000008001530       0x5c c:/users/dmitriy/appdata/roaming/xpacks/@xpack-dev-tools/arm-none-eabi-gcc/12.2.1-1.2.1/.content/bin/../lib/gcc/arm-none-eabi/12.2.1/../../../../arm-none-eabi/lib/thumb/v7e-m/nofp\libg_nano.a(libc_a-reallocr.o)
                0x0000000008001530                _realloc_r
 .text._sbrk_r  0x000000000800158c       0x20 c:/users/dmitriy/appdata/roaming/xpacks/@xpack-dev-tools/arm-none-eabi-gcc/12.2.1-1.2.1/.content/bin/../lib/gcc/arm-none-eabi/12.2.1/../../../../arm-none-eabi/lib/thumb/v7e-m/nofp\libg_nano.a(libc_a-sbrkr.o)
                0x000000000800158c                _sbrk_r
 .text.__retarget_lock_acquire_recursive
                0x00000000080015ac        0x2 c:/users/dmitriy/appdata/roaming/xpacks/@xpack-dev-tools/arm-none-eabi-gcc/12.2.1-1.2.1/.content/bin/../lib/gcc/arm-none-eabi/12.2.1/../../../../arm-none-eabi/lib/thumb/v7e-m/nofp\libg_nano.a(libc_a-lock.o)
                0x00000000080015ac                __retarget_lock_acquire_recursive
 .text.__retarget_lock_release_recursive
                0x00000000080015ae        0x2 c:/users/dmitriy/appdata/roaming/xpacks/@xpack-dev-tools/arm-none-eabi-gcc/12.2.1-1.2.1/.content/bin/../lib/gcc/arm-none-eabi/12.2.1/../../../../arm-none-eabi/lib/thumb/v7e-m/nofp\libg_nano.a(libc_a-lock.o)
                0x00000000080015ae                __retarget_lock_release_recursive
 .text._malloc_usable_size_r
                0x00000000080015b0       0x10 c:/users/dmitriy/appdata/roaming/xpacks/@xpack-dev-tools/arm-none-eabi-gcc/12.2.1-1.2.1/.content/bin/../lib/gcc/arm-none-eabi/12.2.1/../../../../arm-none-eabi/lib/thumb/v7e-m/nofp\libg_nano.a(libc_a-msizer.o)
                0x00000000080015b0                _malloc_usable_size_r
 *(.rodata .rodata.* .constdata .constdata.*)
 .rodata.trace_puts.str1.4
                0x00000000080015c0        0x0 ./system/src/diag/trace.o
                                          0x2 (size before relaxing)
 .rodata.dumpExceptionStack.str1.4
                0x00000000080015c0      0x11a ./system/src/cortexm/exception-handlers.o
 *fill*         0x00000000080016da        0x2 
 .rodata.str1.4
                0x00000000080016dc       0x2a ./system/src/cortexm/exception-handlers.o
 *fill*         0x0000000008001706        0x2 
 .rodata.sys_ahb_div_table.0
                0x0000000008001708       0x10 ./system/src/cmsis/system_at32a423.o
 .rodata.pll_fr_table.1
                0x0000000008001718        0x6 ./system/src/cmsis/system_at32a423.o
 *fill*         0x000000000800171e        0x2 
 .rodata.main.str1.4
                0x0000000008001720       0x37 ./src/main.o
 .rodata._svfprintf_r.str1.1
                0x0000000008001757       0x11 c:/users/dmitriy/appdata/roaming/xpacks/@xpack-dev-tools/arm-none-eabi-gcc/12.2.1-1.2.1/.content/bin/../lib/gcc/arm-none-eabi/12.2.1/../../../../arm-none-eabi/lib/thumb/v7e-m/nofp\libg_nano.a(libc_a-nano-svfprintf.o)
 .rodata._printf_i.str1.1
                0x0000000008001768       0x22 c:/users/dmitriy/appdata/roaming/xpacks/@xpack-dev-tools/arm-none-eabi-gcc/12.2.1-1.2.1/.content/bin/../lib/gcc/arm-none-eabi/12.2.1/../../../../arm-none-eabi/lib/thumb/v7e-m/nofp\libg_nano.a(libc_a-nano-vfprintf_i.o)
 *(vtable)
 *(.eh_frame*)
 *(.glue_7)
 .glue_7        0x000000000800178a        0x0 linker stubs
 *(.glue_7t)
 .glue_7t       0x000000000800178a        0x0 linker stubs

.vfp11_veneer   0x000000000800178c        0x0
 .vfp11_veneer  0x000000000800178c        0x0 linker stubs

.v4_bx          0x000000000800178c        0x0
 .v4_bx         0x000000000800178c        0x0 linker stubs

.iplt           0x000000000800178c        0x0
 .iplt          0x000000000800178c        0x0 ./system/src/newlib/sbrk.o

.ARM.extab
 *(.ARM.extab* .gnu.linkonce.armextab.*)
                0x000000000800178c                . = ALIGN (0x4)
                0x000000000800178c                __exidx_start = .

.ARM.exidx      0x000000000800178c        0x8
 *(.ARM.exidx* .gnu.linkonce.armexidx.*)
 .ARM.exidx.text.__udivmoddi4
                0x000000000800178c        0x8 c:/users/dmitriy/appdata/roaming/xpacks/@xpack-dev-tools/arm-none-eabi-gcc/12.2.1-1.2.1/.content/bin/../lib/gcc/arm-none-eabi/12.2.1/thumb/v7e-m/nofp\libgcc.a(_udivmoddi4.o)
                0x0000000008001794                __exidx_end = .

.rel.dyn        0x0000000008001794        0x0
 .rel.iplt      0x0000000008001794        0x0 ./system/src/newlib/sbrk.o
                0x0000000008001794                . = ALIGN (0x4)
                0x0000000008001794                _etext = .
                0x0000000008001794                __etext = .

.data_CCMRAM    0x0000000010000000        0x0 load address 0x0000000008001794
 FILL mask 0xff
 *(.data.CCMRAM .data.CCMRAM.*)
                0x0000000010000000                . = ALIGN (0x4)
                0x0000000008001794                _sidata = LOADADDR (.data)

.data           0x0000000020000000       0x64 load address 0x0000000008001794
 FILL mask 0xff
                0x0000000020000000                _sdata = .
                0x0000000020000000                __data_start__ = .
 *(.data_begin .data_begin.*)
 .data_begin    0x0000000020000000        0x4 ./system/src/newlib/startup.o
 *(.data .data.*)
 .data.argv.1   0x0000000020000004        0x8 ./system/src/newlib/syscalls.o
 .data.system_core_clock
                0x000000002000000c        0x4 ./system/src/cmsis/system_at32a423.o
                0x000000002000000c                system_core_clock
 .data._impure_ptr
                0x0000000020000010        0x4 c:/users/dmitriy/appdata/roaming/xpacks/@xpack-dev-tools/arm-none-eabi-gcc/12.2.1-1.2.1/.content/bin/../lib/gcc/arm-none-eabi/12.2.1/../../../../arm-none-eabi/lib/thumb/v7e-m/nofp\libg_nano.a(libc_a-impure.o)
                0x0000000020000010                _impure_ptr
 .data._impure_data
                0x0000000020000014       0x4c c:/users/dmitriy/appdata/roaming/xpacks/@xpack-dev-tools/arm-none-eabi-gcc/12.2.1-1.2.1/.content/bin/../lib/gcc/arm-none-eabi/12.2.1/../../../../arm-none-eabi/lib/thumb/v7e-m/nofp\libg_nano.a(libc_a-impure.o)
                0x0000000020000014                _impure_data
 *(.data_end .data_end.*)
 .data_end      0x0000000020000060        0x4 ./system/src/newlib/startup.o
                0x0000000020000064                . = ALIGN (0x4)
                0x0000000020000064                _edata = .
                0x0000000020000064                __data_end__ = .

.igot.plt       0x0000000020000064        0x0 load address 0x00000000080017f8
 .igot.plt      0x0000000020000064        0x0 ./system/src/newlib/sbrk.o

.bss_CCMRAM     0x0000000010000000        0x0
 *(.bss.CCMRAM .bss.CCMRAM.*)

.bss            0x0000000020000064       0xa4
                0x0000000020000064                __bss_start__ = .
                0x0000000020000064                _sbss = .
 *(.bss_begin .bss_begin.*)
 .bss_begin     0x0000000020000064        0x4 ./system/src/newlib/startup.o
 *(.bss .bss.*)
 .bss.current_heap_end.0
                0x0000000020000068        0x4 ./system/src/newlib/sbrk.o
 .bss.name.0    0x000000002000006c        0x1 ./system/src/newlib/syscalls.o
 *fill*         0x000000002000006d        0x3 
 .bss.errno     0x0000000020000070        0x4 ./system/src/newlib/syscalls.o
                0x0000000020000070                errno
 .bss.buf.0     0x0000000020000074       0x80 ./system/src/diag/trace.o
 .bss.timer_delayCount
                0x00000000200000f4        0x4 ./src/timer.o
                0x00000000200000f4                timer_delayCount
 .bss.__malloc_sbrk_start
                0x00000000200000f8        0x4 c:/users/dmitriy/appdata/roaming/xpacks/@xpack-dev-tools/arm-none-eabi-gcc/12.2.1-1.2.1/.content/bin/../lib/gcc/arm-none-eabi/12.2.1/../../../../arm-none-eabi/lib/thumb/v7e-m/nofp\libg_nano.a(libc_a-mallocr.o)
                0x00000000200000f8                __malloc_sbrk_start
 .bss.__malloc_free_list
                0x00000000200000fc        0x4 c:/users/dmitriy/appdata/roaming/xpacks/@xpack-dev-tools/arm-none-eabi-gcc/12.2.1-1.2.1/.content/bin/../lib/gcc/arm-none-eabi/12.2.1/../../../../arm-none-eabi/lib/thumb/v7e-m/nofp\libg_nano.a(libc_a-mallocr.o)
                0x00000000200000fc                __malloc_free_list
 .bss.__lock___malloc_recursive_mutex
                0x0000000020000100        0x1 c:/users/dmitriy/appdata/roaming/xpacks/@xpack-dev-tools/arm-none-eabi-gcc/12.2.1-1.2.1/.content/bin/../lib/gcc/arm-none-eabi/12.2.1/../../../../arm-none-eabi/lib/thumb/v7e-m/nofp\libg_nano.a(libc_a-lock.o)
                0x0000000020000100                __lock___malloc_recursive_mutex
 *(COMMON)
 *(.bss_end .bss_end.*)
 *fill*         0x0000000020000101        0x3 
 .bss_end       0x0000000020000104        0x4 ./system/src/newlib/startup.o
                0x0000000020000108                . = ALIGN (0x4)
                0x0000000020000108                __bss_end__ = .
                0x0000000020000108                _ebss = .

.noinit_CCMRAM
 *(.noinit.CCMRAM .noinit.CCMRAM.*)

.noinit         0x0000000020000108        0x0
                0x0000000020000108                _noinit = .
 *(.noinit .noinit.*)
                0x0000000020000108                . = ALIGN (0x4)
                0x0000000020000108                _end_noinit = .
                [!provide]                        PROVIDE (end = _end_noinit)
                [!provide]                        PROVIDE (_end = _end_noinit)
                [!provide]                        PROVIDE (__end = _end_noinit)
                [!provide]                        PROVIDE (__end__ = _end_noinit)

._check_stack   0x0000000020000108      0x100
                0x0000000020000208                . = (. + _Minimum_Stack_Size)
 *fill*         0x0000000020000108      0x100 

.b1text
 *(.b1text)
 *(.b1rodata)
 *(.b1rodata.*)

.eb0text
 *(.eb0text)
 *(.eb0rodata)
 *(.eb0rodata.*)

.eb1text
 *(.eb1text)
 *(.eb1rodata)
 *(.eb1rodata.*)

.eb2text
 *(.eb2text)
 *(.eb2rodata)
 *(.eb2rodata.*)

.eb3text
 *(.eb3text)
 *(.eb3rodata)
 *(.eb3rodata.*)

.stab
 *(.stab)

.stabstr
 *(.stabstr)

.stab.excl
 *(.stab.excl)

.stab.exclstr
 *(.stab.exclstr)

.stab.index
 *(.stab.index)

.stab.indexstr
 *(.stab.indexstr)

.comment        0x0000000000000000       0x39
 *(.comment)
 .comment       0x0000000000000000       0x39 ./system/src/newlib/exit.o
                                         0x3a (size before relaxing)
 .comment       0x0000000000000039       0x3a ./system/src/newlib/sbrk.o
 .comment       0x0000000000000039       0x3a ./system/src/newlib/startup.o
 .comment       0x0000000000000039       0x3a ./system/src/newlib/syscalls.o
 .comment       0x0000000000000039       0x3a ./system/src/diag/trace-impl.o
 .comment       0x0000000000000039       0x3a ./system/src/diag/trace.o
 .comment       0x0000000000000039       0x3a ./system/src/cortexm/exception-handlers.o
 .comment       0x0000000000000039       0x3a ./system/src/cortexm/initialize-hardware.o
 .comment       0x0000000000000039       0x3a ./system/src/cmsis/system_at32a423.o
 .comment       0x0000000000000039       0x3a ./system/src/cmsis/vectors_at32a423.o
 .comment       0x0000000000000039       0x3a ./system/src/at32a423/at32a423_crm.o
 .comment       0x0000000000000039       0x3a ./src/main.o
 .comment       0x0000000000000039       0x3a ./src/timer.o
 .comment       0x0000000000000039       0x3a c:/users/dmitriy/appdata/roaming/xpacks/@xpack-dev-tools/arm-none-eabi-gcc/12.2.1-1.2.1/.content/bin/../lib/gcc/arm-none-eabi/12.2.1/thumb/v7e-m/nofp\libgcc.a(_udivmoddi4.o)
 .comment       0x0000000000000039       0x3a c:/users/dmitriy/appdata/roaming/xpacks/@xpack-dev-tools/arm-none-eabi-gcc/12.2.1-1.2.1/.content/bin/../lib/gcc/arm-none-eabi/12.2.1/../../../../arm-none-eabi/lib/thumb/v7e-m/nofp\libg_nano.a(libc_a-vsnprintf.o)
 .comment       0x0000000000000039       0x3a c:/users/dmitriy/appdata/roaming/xpacks/@xpack-dev-tools/arm-none-eabi-gcc/12.2.1-1.2.1/.content/bin/../lib/gcc/arm-none-eabi/12.2.1/../../../../arm-none-eabi/lib/thumb/v7e-m/nofp\libg_nano.a(libc_a-impure.o)
 .comment       0x0000000000000039       0x3a c:/users/dmitriy/appdata/roaming/xpacks/@xpack-dev-tools/arm-none-eabi-gcc/12.2.1-1.2.1/.content/bin/../lib/gcc/arm-none-eabi/12.2.1/../../../../arm-none-eabi/lib/thumb/v7e-m/nofp\libg_nano.a(libc_a-errno.o)
 .comment       0x0000000000000039       0x3a c:/users/dmitriy/appdata/roaming/xpacks/@xpack-dev-tools/arm-none-eabi-gcc/12.2.1-1.2.1/.content/bin/../lib/gcc/arm-none-eabi/12.2.1/../../../../arm-none-eabi/lib/thumb/v7e-m/nofp\libg_nano.a(libc_a-memcpy-stub.o)
 .comment       0x0000000000000039       0x3a c:/users/dmitriy/appdata/roaming/xpacks/@xpack-dev-tools/arm-none-eabi-gcc/12.2.1-1.2.1/.content/bin/../lib/gcc/arm-none-eabi/12.2.1/../../../../arm-none-eabi/lib/thumb/v7e-m/nofp\libg_nano.a(libc_a-nano-svfprintf.o)
 .comment       0x0000000000000039       0x3a c:/users/dmitriy/appdata/roaming/xpacks/@xpack-dev-tools/arm-none-eabi-gcc/12.2.1-1.2.1/.content/bin/../lib/gcc/arm-none-eabi/12.2.1/../../../../arm-none-eabi/lib/thumb/v7e-m/nofp\libg_nano.a(libc_a-nano-vfprintf_i.o)
 .comment       0x0000000000000039       0x3a c:/users/dmitriy/appdata/roaming/xpacks/@xpack-dev-tools/arm-none-eabi-gcc/12.2.1-1.2.1/.content/bin/../lib/gcc/arm-none-eabi/12.2.1/../../../../arm-none-eabi/lib/thumb/v7e-m/nofp\libg_nano.a(libc_a-memmove.o)
 .comment       0x0000000000000039       0x3a c:/users/dmitriy/appdata/roaming/xpacks/@xpack-dev-tools/arm-none-eabi-gcc/12.2.1-1.2.1/.content/bin/../lib/gcc/arm-none-eabi/12.2.1/../../../../arm-none-eabi/lib/thumb/v7e-m/nofp\libg_nano.a(libc_a-freer.o)
 .comment       0x0000000000000039       0x3a c:/users/dmitriy/appdata/roaming/xpacks/@xpack-dev-tools/arm-none-eabi-gcc/12.2.1-1.2.1/.content/bin/../lib/gcc/arm-none-eabi/12.2.1/../../../../arm-none-eabi/lib/thumb/v7e-m/nofp\libg_nano.a(libc_a-mallocr.o)
 .comment       0x0000000000000039       0x3a c:/users/dmitriy/appdata/roaming/xpacks/@xpack-dev-tools/arm-none-eabi-gcc/12.2.1-1.2.1/.content/bin/../lib/gcc/arm-none-eabi/12.2.1/../../../../arm-none-eabi/lib/thumb/v7e-m/nofp\libg_nano.a(libc_a-mlock.o)
 .comment       0x0000000000000039       0x3a c:/users/dmitriy/appdata/roaming/xpacks/@xpack-dev-tools/arm-none-eabi-gcc/12.2.1-1.2.1/.content/bin/../lib/gcc/arm-none-eabi/12.2.1/../../../../arm-none-eabi/lib/thumb/v7e-m/nofp\libg_nano.a(libc_a-reallocr.o)
 .comment       0x0000000000000039       0x3a c:/users/dmitriy/appdata/roaming/xpacks/@xpack-dev-tools/arm-none-eabi-gcc/12.2.1-1.2.1/.content/bin/../lib/gcc/arm-none-eabi/12.2.1/../../../../arm-none-eabi/lib/thumb/v7e-m/nofp\libg_nano.a(libc_a-sbrkr.o)
 .comment       0x0000000000000039       0x3a c:/users/dmitriy/appdata/roaming/xpacks/@xpack-dev-tools/arm-none-eabi-gcc/12.2.1-1.2.1/.content/bin/../lib/gcc/arm-none-eabi/12.2.1/../../../../arm-none-eabi/lib/thumb/v7e-m/nofp\libg_nano.a(libc_a-lock.o)
 .comment       0x0000000000000039       0x3a c:/users/dmitriy/appdata/roaming/xpacks/@xpack-dev-tools/arm-none-eabi-gcc/12.2.1-1.2.1/.content/bin/../lib/gcc/arm-none-eabi/12.2.1/../../../../arm-none-eabi/lib/thumb/v7e-m/nofp\libg_nano.a(libc_a-msizer.o)

.ARM.attributes
                0x0000000000000000       0x2c
 .ARM.attributes
                0x0000000000000000       0x2e ./system/src/newlib/exit.o
 .ARM.attributes
                0x000000000000002e       0x2e ./system/src/newlib/sbrk.o
 .ARM.attributes
                0x000000000000005c       0x2e ./system/src/newlib/startup.o
 .ARM.attributes
                0x000000000000008a       0x2e ./system/src/newlib/syscalls.o
 .ARM.attributes
                0x00000000000000b8       0x2e ./system/src/diag/trace-impl.o
 .ARM.attributes
                0x00000000000000e6       0x2e ./system/src/diag/trace.o
 .ARM.attributes
                0x0000000000000114       0x2e ./system/src/cortexm/exception-handlers.o
 .ARM.attributes
                0x0000000000000142       0x2e ./system/src/cortexm/initialize-hardware.o
 .ARM.attributes
                0x0000000000000170       0x2e ./system/src/cmsis/system_at32a423.o
 .ARM.attributes
                0x000000000000019e       0x2e ./system/src/cmsis/vectors_at32a423.o
 .ARM.attributes
                0x00000000000001cc       0x2e ./system/src/at32a423/at32a423_crm.o
 .ARM.attributes
                0x00000000000001fa       0x2e ./src/main.o
 .ARM.attributes
                0x0000000000000228       0x2e ./src/timer.o
 .ARM.attributes
                0x0000000000000256       0x1e c:/users/dmitriy/appdata/roaming/xpacks/@xpack-dev-tools/arm-none-eabi-gcc/12.2.1-1.2.1/.content/bin/../lib/gcc/arm-none-eabi/12.2.1/thumb/v7e-m/nofp\libgcc.a(_aeabi_uldivmod.o)
 .ARM.attributes
                0x0000000000000274       0x2e c:/users/dmitriy/appdata/roaming/xpacks/@xpack-dev-tools/arm-none-eabi-gcc/12.2.1-1.2.1/.content/bin/../lib/gcc/arm-none-eabi/12.2.1/thumb/v7e-m/nofp\libgcc.a(_udivmoddi4.o)
 .ARM.attributes
                0x00000000000002a2       0x1e c:/users/dmitriy/appdata/roaming/xpacks/@xpack-dev-tools/arm-none-eabi-gcc/12.2.1-1.2.1/.content/bin/../lib/gcc/arm-none-eabi/12.2.1/thumb/v7e-m/nofp\libgcc.a(_dvmd_tls.o)
 .ARM.attributes
                0x00000000000002c0       0x2e c:/users/dmitriy/appdata/roaming/xpacks/@xpack-dev-tools/arm-none-eabi-gcc/12.2.1-1.2.1/.content/bin/../lib/gcc/arm-none-eabi/12.2.1/../../../../arm-none-eabi/lib/thumb/v7e-m/nofp\libg_nano.a(libc_a-vsnprintf.o)
 .ARM.attributes
                0x00000000000002ee       0x2e c:/users/dmitriy/appdata/roaming/xpacks/@xpack-dev-tools/arm-none-eabi-gcc/12.2.1-1.2.1/.content/bin/../lib/gcc/arm-none-eabi/12.2.1/../../../../arm-none-eabi/lib/thumb/v7e-m/nofp\libg_nano.a(libc_a-impure.o)
 .ARM.attributes
                0x000000000000031c       0x2e c:/users/dmitriy/appdata/roaming/xpacks/@xpack-dev-tools/arm-none-eabi-gcc/12.2.1-1.2.1/.content/bin/../lib/gcc/arm-none-eabi/12.2.1/../../../../arm-none-eabi/lib/thumb/v7e-m/nofp\libg_nano.a(libc_a-errno.o)
 .ARM.attributes
                0x000000000000034a       0x2e c:/users/dmitriy/appdata/roaming/xpacks/@xpack-dev-tools/arm-none-eabi-gcc/12.2.1-1.2.1/.content/bin/../lib/gcc/arm-none-eabi/12.2.1/../../../../arm-none-eabi/lib/thumb/v7e-m/nofp\libg_nano.a(libc_a-memcpy-stub.o)
 .ARM.attributes
                0x0000000000000378       0x17 c:/users/dmitriy/appdata/roaming/xpacks/@xpack-dev-tools/arm-none-eabi-gcc/12.2.1-1.2.1/.content/bin/../lib/gcc/arm-none-eabi/12.2.1/../../../../arm-none-eabi/lib/thumb/v7e-m/nofp\libg_nano.a(libc_a-strlen.o)
 .ARM.attributes
                0x000000000000038f       0x2e c:/users/dmitriy/appdata/roaming/xpacks/@xpack-dev-tools/arm-none-eabi-gcc/12.2.1-1.2.1/.content/bin/../lib/gcc/arm-none-eabi/12.2.1/../../../../arm-none-eabi/lib/thumb/v7e-m/nofp\libg_nano.a(libc_a-nano-svfprintf.o)
 .ARM.attributes
                0x00000000000003bd       0x2e c:/users/dmitriy/appdata/roaming/xpacks/@xpack-dev-tools/arm-none-eabi-gcc/12.2.1-1.2.1/.content/bin/../lib/gcc/arm-none-eabi/12.2.1/../../../../arm-none-eabi/lib/thumb/v7e-m/nofp\libg_nano.a(libc_a-nano-vfprintf_i.o)
 .ARM.attributes
                0x00000000000003eb       0x2e c:/users/dmitriy/appdata/roaming/xpacks/@xpack-dev-tools/arm-none-eabi-gcc/12.2.1-1.2.1/.content/bin/../lib/gcc/arm-none-eabi/12.2.1/../../../../arm-none-eabi/lib/thumb/v7e-m/nofp\libg_nano.a(libc_a-memmove.o)
 .ARM.attributes
                0x0000000000000419       0x1c c:/users/dmitriy/appdata/roaming/xpacks/@xpack-dev-tools/arm-none-eabi-gcc/12.2.1-1.2.1/.content/bin/../lib/gcc/arm-none-eabi/12.2.1/../../../../arm-none-eabi/lib/thumb/v7e-m/nofp\libg_nano.a(libc_a-memchr.o)
 .ARM.attributes
                0x0000000000000435       0x2e c:/users/dmitriy/appdata/roaming/xpacks/@xpack-dev-tools/arm-none-eabi-gcc/12.2.1-1.2.1/.content/bin/../lib/gcc/arm-none-eabi/12.2.1/../../../../arm-none-eabi/lib/thumb/v7e-m/nofp\libg_nano.a(libc_a-freer.o)
 .ARM.attributes
                0x0000000000000463       0x2e c:/users/dmitriy/appdata/roaming/xpacks/@xpack-dev-tools/arm-none-eabi-gcc/12.2.1-1.2.1/.content/bin/../lib/gcc/arm-none-eabi/12.2.1/../../../../arm-none-eabi/lib/thumb/v7e-m/nofp\libg_nano.a(libc_a-mallocr.o)
 .ARM.attributes
                0x0000000000000491       0x2e c:/users/dmitriy/appdata/roaming/xpacks/@xpack-dev-tools/arm-none-eabi-gcc/12.2.1-1.2.1/.content/bin/../lib/gcc/arm-none-eabi/12.2.1/../../../../arm-none-eabi/lib/thumb/v7e-m/nofp\libg_nano.a(libc_a-mlock.o)
 .ARM.attributes
                0x00000000000004bf       0x2e c:/users/dmitriy/appdata/roaming/xpacks/@xpack-dev-tools/arm-none-eabi-gcc/12.2.1-1.2.1/.content/bin/../lib/gcc/arm-none-eabi/12.2.1/../../../../arm-none-eabi/lib/thumb/v7e-m/nofp\libg_nano.a(libc_a-reallocr.o)
 .ARM.attributes
                0x00000000000004ed       0x2e c:/users/dmitriy/appdata/roaming/xpacks/@xpack-dev-tools/arm-none-eabi-gcc/12.2.1-1.2.1/.content/bin/../lib/gcc/arm-none-eabi/12.2.1/../../../../arm-none-eabi/lib/thumb/v7e-m/nofp\libg_nano.a(libc_a-sbrkr.o)
 .ARM.attributes
                0x000000000000051b       0x2e c:/users/dmitriy/appdata/roaming/xpacks/@xpack-dev-tools/arm-none-eabi-gcc/12.2.1-1.2.1/.content/bin/../lib/gcc/arm-none-eabi/12.2.1/../../../../arm-none-eabi/lib/thumb/v7e-m/nofp\libg_nano.a(libc_a-lock.o)
 .ARM.attributes
                0x0000000000000549       0x2e c:/users/dmitriy/appdata/roaming/xpacks/@xpack-dev-tools/arm-none-eabi-gcc/12.2.1-1.2.1/.content/bin/../lib/gcc/arm-none-eabi/12.2.1/../../../../arm-none-eabi/lib/thumb/v7e-m/nofp\libg_nano.a(libc_a-msizer.o)

.debug
 *(.debug)

.line
 *(.line)

.debug_srcinfo
 *(.debug_srcinfo)

.debug_sfnames
 *(.debug_sfnames)

.debug_aranges  0x0000000000000000      0x438
 *(.debug_aranges)
 .debug_aranges
                0x0000000000000000       0x28 ./system/src/newlib/exit.o
 .debug_aranges
                0x0000000000000028       0x20 ./system/src/newlib/sbrk.o
 .debug_aranges
                0x0000000000000048       0x40 ./system/src/newlib/startup.o
 .debug_aranges
                0x0000000000000088       0x30 ./system/src/newlib/syscalls.o
 .debug_aranges
                0x00000000000000b8       0x30 ./system/src/diag/trace-impl.o
 .debug_aranges
                0x00000000000000e8       0x38 ./system/src/diag/trace.o
 .debug_aranges
                0x0000000000000120       0x90 ./system/src/cortexm/exception-handlers.o
 .debug_aranges
                0x00000000000001b0       0x28 ./system/src/cortexm/initialize-hardware.o
 .debug_aranges
                0x00000000000001d8       0x30 ./system/src/cmsis/system_at32a423.o
 .debug_aranges
                0x0000000000000208       0x20 ./system/src/cmsis/vectors_at32a423.o
 .debug_aranges
                0x0000000000000228      0x158 ./system/src/at32a423/at32a423_crm.o
 .debug_aranges
                0x0000000000000380       0x20 ./src/main.o
 .debug_aranges
                0x00000000000003a0       0x38 ./src/timer.o
 .debug_aranges
                0x00000000000003d8       0x20 c:/users/dmitriy/appdata/roaming/xpacks/@xpack-dev-tools/arm-none-eabi-gcc/12.2.1-1.2.1/.content/bin/../lib/gcc/arm-none-eabi/12.2.1/thumb/v7e-m/nofp\libgcc.a(_aeabi_uldivmod.o)
 .debug_aranges
                0x00000000000003f8       0x20 c:/users/dmitriy/appdata/roaming/xpacks/@xpack-dev-tools/arm-none-eabi-gcc/12.2.1-1.2.1/.content/bin/../lib/gcc/arm-none-eabi/12.2.1/thumb/v7e-m/nofp\libgcc.a(_udivmoddi4.o)
 .debug_aranges
                0x0000000000000418       0x20 c:/users/dmitriy/appdata/roaming/xpacks/@xpack-dev-tools/arm-none-eabi-gcc/12.2.1-1.2.1/.content/bin/../lib/gcc/arm-none-eabi/12.2.1/thumb/v7e-m/nofp\libgcc.a(_dvmd_tls.o)

.debug_pubnames
 *(.debug_pubnames)

.debug_info     0x0000000000000000     0x6efe
 *(.debug_info .gnu.linkonce.wi.*)
 .debug_info    0x0000000000000000      0x104 ./system/src/newlib/exit.o
 .debug_info    0x0000000000000104      0x10f ./system/src/newlib/sbrk.o
 .debug_info    0x0000000000000213      0x48f ./system/src/newlib/startup.o
 .debug_info    0x00000000000006a2      0x1c3 ./system/src/newlib/syscalls.o
 .debug_info    0x0000000000000865      0x319 ./system/src/diag/trace-impl.o
 .debug_info    0x0000000000000b7e      0x34b ./system/src/diag/trace.o
 .debug_info    0x0000000000000ec9      0x91e ./system/src/cortexm/exception-handlers.o
 .debug_info    0x00000000000017e7      0x271 ./system/src/cortexm/initialize-hardware.o
 .debug_info    0x0000000000001a58     0x18e2 ./system/src/cmsis/system_at32a423.o
 .debug_info    0x000000000000333a      0x10e ./system/src/cmsis/vectors_at32a423.o
 .debug_info    0x0000000000003448     0x2a68 ./system/src/at32a423/at32a423_crm.o
 .debug_info    0x0000000000005eb0      0x1ba ./src/main.o
 .debug_info    0x000000000000606a      0x73a ./src/timer.o
 .debug_info    0x00000000000067a4       0x24 c:/users/dmitriy/appdata/roaming/xpacks/@xpack-dev-tools/arm-none-eabi-gcc/12.2.1-1.2.1/.content/bin/../lib/gcc/arm-none-eabi/12.2.1/thumb/v7e-m/nofp\libgcc.a(_aeabi_uldivmod.o)
 .debug_info    0x00000000000067c8      0x6fd c:/users/dmitriy/appdata/roaming/xpacks/@xpack-dev-tools/arm-none-eabi-gcc/12.2.1-1.2.1/.content/bin/../lib/gcc/arm-none-eabi/12.2.1/thumb/v7e-m/nofp\libgcc.a(_udivmoddi4.o)
 .debug_info    0x0000000000006ec5       0x39 c:/users/dmitriy/appdata/roaming/xpacks/@xpack-dev-tools/arm-none-eabi-gcc/12.2.1-1.2.1/.content/bin/../lib/gcc/arm-none-eabi/12.2.1/thumb/v7e-m/nofp\libgcc.a(_dvmd_tls.o)

.debug_abbrev   0x0000000000000000     0x15b9
 *(.debug_abbrev)
 .debug_abbrev  0x0000000000000000       0xc5 ./system/src/newlib/exit.o
 .debug_abbrev  0x00000000000000c5       0xcc ./system/src/newlib/sbrk.o
 .debug_abbrev  0x0000000000000191      0x20e ./system/src/newlib/startup.o
 .debug_abbrev  0x000000000000039f      0x118 ./system/src/newlib/syscalls.o
 .debug_abbrev  0x00000000000004b7      0x1e6 ./system/src/diag/trace-impl.o
 .debug_abbrev  0x000000000000069d      0x184 ./system/src/diag/trace.o
 .debug_abbrev  0x0000000000000821      0x28c ./system/src/cortexm/exception-handlers.o
 .debug_abbrev  0x0000000000000aad      0x105 ./system/src/cortexm/initialize-hardware.o
 .debug_abbrev  0x0000000000000bb2      0x209 ./system/src/cmsis/system_at32a423.o
 .debug_abbrev  0x0000000000000dbb       0xb8 ./system/src/cmsis/vectors_at32a423.o
 .debug_abbrev  0x0000000000000e73      0x297 ./system/src/at32a423/at32a423_crm.o
 .debug_abbrev  0x000000000000110a      0x117 ./src/main.o
 .debug_abbrev  0x0000000000001221      0x1fb ./src/timer.o
 .debug_abbrev  0x000000000000141c       0x14 c:/users/dmitriy/appdata/roaming/xpacks/@xpack-dev-tools/arm-none-eabi-gcc/12.2.1-1.2.1/.content/bin/../lib/gcc/arm-none-eabi/12.2.1/thumb/v7e-m/nofp\libgcc.a(_aeabi_uldivmod.o)
 .debug_abbrev  0x0000000000001430      0x16a c:/users/dmitriy/appdata/roaming/xpacks/@xpack-dev-tools/arm-none-eabi-gcc/12.2.1-1.2.1/.content/bin/../lib/gcc/arm-none-eabi/12.2.1/thumb/v7e-m/nofp\libgcc.a(_udivmoddi4.o)
 .debug_abbrev  0x000000000000159a       0x1f c:/users/dmitriy/appdata/roaming/xpacks/@xpack-dev-tools/arm-none-eabi-gcc/12.2.1-1.2.1/.content/bin/../lib/gcc/arm-none-eabi/12.2.1/thumb/v7e-m/nofp\libgcc.a(_dvmd_tls.o)

.debug_line     0x0000000000000000     0x5445
 *(.debug_line)
 .debug_line    0x0000000000000000      0x40e ./system/src/newlib/exit.o
 .debug_line    0x000000000000040e      0x3ff ./system/src/newlib/sbrk.o
 .debug_line    0x000000000000080d      0x635 ./system/src/newlib/startup.o
 .debug_line    0x0000000000000e42      0x556 ./system/src/newlib/syscalls.o
 .debug_line    0x0000000000001398      0x75d ./system/src/diag/trace-impl.o
 .debug_line    0x0000000000001af5      0x4e9 ./system/src/diag/trace.o
 .debug_line    0x0000000000001fde      0x9a5 ./system/src/cortexm/exception-handlers.o
 .debug_line    0x0000000000002983      0x3b0 ./system/src/cortexm/initialize-hardware.o
 .debug_line    0x0000000000002d33      0x51c ./system/src/cmsis/system_at32a423.o
 .debug_line    0x000000000000324f      0x142 ./system/src/cmsis/vectors_at32a423.o
 .debug_line    0x0000000000003391      0xf06 ./system/src/at32a423/at32a423_crm.o
 .debug_line    0x0000000000004297      0x6ef ./src/main.o
 .debug_line    0x0000000000004986      0x472 ./src/timer.o
 .debug_line    0x0000000000004df8       0x4e c:/users/dmitriy/appdata/roaming/xpacks/@xpack-dev-tools/arm-none-eabi-gcc/12.2.1-1.2.1/.content/bin/../lib/gcc/arm-none-eabi/12.2.1/thumb/v7e-m/nofp\libgcc.a(_aeabi_uldivmod.o)
 .debug_line    0x0000000000004e46      0x5b5 c:/users/dmitriy/appdata/roaming/xpacks/@xpack-dev-tools/arm-none-eabi-gcc/12.2.1-1.2.1/.content/bin/../lib/gcc/arm-none-eabi/12.2.1/thumb/v7e-m/nofp\libgcc.a(_udivmoddi4.o)
 .debug_line    0x00000000000053fb       0x4a c:/users/dmitriy/appdata/roaming/xpacks/@xpack-dev-tools/arm-none-eabi-gcc/12.2.1-1.2.1/.content/bin/../lib/gcc/arm-none-eabi/12.2.1/thumb/v7e-m/nofp\libgcc.a(_dvmd_tls.o)

.debug_frame    0x0000000000000000      0x818
 *(.debug_frame)
 .debug_frame   0x0000000000000000       0x38 ./system/src/newlib/exit.o
 .debug_frame   0x0000000000000038       0x28 ./system/src/newlib/sbrk.o
 .debug_frame   0x0000000000000060       0x7c ./system/src/newlib/startup.o
 .debug_frame   0x00000000000000dc       0x50 ./system/src/newlib/syscalls.o
 .debug_frame   0x000000000000012c       0x64 ./system/src/diag/trace-impl.o
 .debug_frame   0x0000000000000190       0x94 ./system/src/diag/trace.o
 .debug_frame   0x0000000000000224      0x158 ./system/src/cortexm/exception-handlers.o
 .debug_frame   0x000000000000037c       0x40 ./system/src/cortexm/initialize-hardware.o
 .debug_frame   0x00000000000003bc       0x58 ./system/src/cmsis/system_at32a423.o
 .debug_frame   0x0000000000000414       0x20 ./system/src/cmsis/vectors_at32a423.o
 .debug_frame   0x0000000000000434      0x304 ./system/src/at32a423/at32a423_crm.o
 .debug_frame   0x0000000000000738       0x28 ./src/main.o
 .debug_frame   0x0000000000000760       0x58 ./src/timer.o
 .debug_frame   0x00000000000007b8       0x2c c:/users/dmitriy/appdata/roaming/xpacks/@xpack-dev-tools/arm-none-eabi-gcc/12.2.1-1.2.1/.content/bin/../lib/gcc/arm-none-eabi/12.2.1/thumb/v7e-m/nofp\libgcc.a(_aeabi_uldivmod.o)
 .debug_frame   0x00000000000007e4       0x34 c:/users/dmitriy/appdata/roaming/xpacks/@xpack-dev-tools/arm-none-eabi-gcc/12.2.1-1.2.1/.content/bin/../lib/gcc/arm-none-eabi/12.2.1/thumb/v7e-m/nofp\libgcc.a(_udivmoddi4.o)

.debug_str      0x0000000000000000    0x1cdbd
 *(.debug_str)
 .debug_str     0x0000000000000000     0x7a4a ./system/src/newlib/exit.o
                                       0x7bb0 (size before relaxing)
 .debug_str     0x0000000000007a4a      0x4df ./system/src/newlib/sbrk.o
                                       0x6f93 (size before relaxing)
 .debug_str     0x0000000000007f29      0xbb4 ./system/src/newlib/startup.o
                                       0x663f (size before relaxing)
 .debug_str     0x0000000000008add     0x153e ./system/src/newlib/syscalls.o
                                       0x8f4d (size before relaxing)
 .debug_str     0x000000000000a01b     0xebde ./system/src/diag/trace-impl.o
                                      0x15f91 (size before relaxing)
 .debug_str     0x0000000000018bf9      0x7f6 ./system/src/diag/trace.o
                                       0x8324 (size before relaxing)
 .debug_str     0x00000000000193ef      0x20c ./system/src/cortexm/exception-handlers.o
                                      0x17267 (size before relaxing)
 .debug_str     0x00000000000195fb       0x60 ./system/src/cortexm/initialize-hardware.o
                                      0x121fd (size before relaxing)
 .debug_str     0x000000000001965b      0xc04 ./system/src/cmsis/system_at32a423.o
                                      0x12db0 (size before relaxing)
 .debug_str     0x000000000001a25f       0x56 ./system/src/cmsis/vectors_at32a423.o
                                       0x39b2 (size before relaxing)
 .debug_str     0x000000000001a2b5     0x1daa ./system/src/at32a423/at32a423_crm.o
                                      0x1491a (size before relaxing)
 .debug_str     0x000000000001c05f       0x6c ./src/main.o
                                      0x1755c (size before relaxing)
 .debug_str     0x000000000001c0cb      0x57a ./src/timer.o
                                      0x12940 (size before relaxing)
 .debug_str     0x000000000001c645      0x11d c:/users/dmitriy/appdata/roaming/xpacks/@xpack-dev-tools/arm-none-eabi-gcc/12.2.1-1.2.1/.content/bin/../lib/gcc/arm-none-eabi/12.2.1/thumb/v7e-m/nofp\libgcc.a(_aeabi_uldivmod.o)
 .debug_str     0x000000000001c762      0x5d0 c:/users/dmitriy/appdata/roaming/xpacks/@xpack-dev-tools/arm-none-eabi-gcc/12.2.1-1.2.1/.content/bin/../lib/gcc/arm-none-eabi/12.2.1/thumb/v7e-m/nofp\libgcc.a(_udivmoddi4.o)
                                        0x724 (size before relaxing)
 .debug_str     0x000000000001cd32       0x8b c:/users/dmitriy/appdata/roaming/xpacks/@xpack-dev-tools/arm-none-eabi-gcc/12.2.1-1.2.1/.content/bin/../lib/gcc/arm-none-eabi/12.2.1/thumb/v7e-m/nofp\libgcc.a(_dvmd_tls.o)
                                        0x13d (size before relaxing)

.debug_loc
 *(.debug_loc)

.debug_macinfo
 *(.debug_macinfo)

.debug_weaknames
 *(.debug_weaknames)

.debug_funcnames
 *(.debug_funcnames)

.debug_typenames
 *(.debug_typenames)

.debug_varnames
 *(.debug_varnames)
OUTPUT(at32a423_template.elf elf32-littlearm)
LOAD linker stubs

.debug_loclists
                0x0000000000000000     0x180a
 .debug_loclists
                0x0000000000000000       0x17 ./system/src/newlib/exit.o
 .debug_loclists
                0x0000000000000017       0x69 ./system/src/newlib/sbrk.o
 .debug_loclists
                0x0000000000000080      0x1bc ./system/src/newlib/startup.o
 .debug_loclists
                0x000000000000023c       0x51 ./system/src/newlib/syscalls.o
 .debug_loclists
                0x000000000000028d       0xf5 ./system/src/diag/trace-impl.o
 .debug_loclists
                0x0000000000000382       0xb2 ./system/src/diag/trace.o
 .debug_loclists
                0x0000000000000434      0x203 ./system/src/cortexm/exception-handlers.o
 .debug_loclists
                0x0000000000000637      0x11b ./system/src/cmsis/system_at32a423.o
 .debug_loclists
                0x0000000000000752      0x665 ./system/src/at32a423/at32a423_crm.o
 .debug_loclists
                0x0000000000000db7       0x4f ./src/main.o
 .debug_loclists
                0x0000000000000e06       0x47 ./src/timer.o
 .debug_loclists
                0x0000000000000e4d      0x9bd c:/users/dmitriy/appdata/roaming/xpacks/@xpack-dev-tools/arm-none-eabi-gcc/12.2.1-1.2.1/.content/bin/../lib/gcc/arm-none-eabi/12.2.1/thumb/v7e-m/nofp\libgcc.a(_udivmoddi4.o)

.debug_rnglists
                0x0000000000000000      0x35e
 .debug_rnglists
                0x0000000000000000       0x19 ./system/src/newlib/exit.o
 .debug_rnglists
                0x0000000000000019       0x13 ./system/src/newlib/sbrk.o
 .debug_rnglists
                0x000000000000002c       0x2c ./system/src/newlib/startup.o
 .debug_rnglists
                0x0000000000000058       0x1f ./system/src/newlib/syscalls.o
 .debug_rnglists
                0x0000000000000077       0x2b ./system/src/diag/trace-impl.o
 .debug_rnglists
                0x00000000000000a2       0x25 ./system/src/diag/trace.o
 .debug_rnglists
                0x00000000000000c7       0x74 ./system/src/cortexm/exception-handlers.o
 .debug_rnglists
                0x000000000000013b       0x19 ./system/src/cortexm/initialize-hardware.o
 .debug_rnglists
                0x0000000000000154       0x21 ./system/src/cmsis/system_at32a423.o
 .debug_rnglists
                0x0000000000000175       0x13 ./system/src/cmsis/vectors_at32a423.o
 .debug_rnglists
                0x0000000000000188      0x103 ./system/src/at32a423/at32a423_crm.o
 .debug_rnglists
                0x000000000000028b       0x13 ./src/main.o
 .debug_rnglists
                0x000000000000029e       0x25 ./src/timer.o
 .debug_rnglists
                0x00000000000002c3       0x9b c:/users/dmitriy/appdata/roaming/xpacks/@xpack-dev-tools/arm-none-eabi-gcc/12.2.1-1.2.1/.content/bin/../lib/gcc/arm-none-eabi/12.2.1/thumb/v7e-m/nofp\libgcc.a(_udivmoddi4.o)

.debug_macro    0x0000000000000000     0x5005
 .debug_macro   0x0000000000000000      0x1ae ./system/src/newlib/exit.o
 .debug_macro   0x00000000000001ae      0x163 ./system/src/newlib/sbrk.o
 .debug_macro   0x0000000000000311      0x189 ./system/src/newlib/sbrk.o
 .debug_macro   0x000000000000049a       0x10 ./system/src/newlib/sbrk.o
 .debug_macro   0x00000000000004aa      0x23c ./system/src/newlib/sbrk.o
 .debug_macro   0x00000000000006e6      0x15f ./system/src/newlib/startup.o
 .debug_macro   0x0000000000000845      0x239 ./system/src/newlib/syscalls.o
 .debug_macro   0x0000000000000a7e       0x1c ./system/src/newlib/syscalls.o
 .debug_macro   0x0000000000000a9a       0x10 ./system/src/newlib/syscalls.o
 .debug_macro   0x0000000000000aaa       0x10 ./system/src/newlib/syscalls.o
 .debug_macro   0x0000000000000aba       0x10 ./system/src/newlib/syscalls.o
 .debug_macro   0x0000000000000aca       0x35 ./system/src/newlib/syscalls.o
 .debug_macro   0x0000000000000aff      0x12c ./system/src/newlib/syscalls.o
 .debug_macro   0x0000000000000c2b       0xce ./system/src/newlib/syscalls.o
 .debug_macro   0x0000000000000cf9       0x7c ./system/src/newlib/syscalls.o
 .debug_macro   0x0000000000000d75       0x17 ./system/src/newlib/syscalls.o
 .debug_macro   0x0000000000000d8c      0x118 ./system/src/newlib/syscalls.o
 .debug_macro   0x0000000000000ea4      0x18a ./system/src/newlib/syscalls.o
 .debug_macro   0x000000000000102e       0x16 ./system/src/newlib/syscalls.o
 .debug_macro   0x0000000000001044      0x2d8 ./system/src/diag/trace-impl.o
 .debug_macro   0x000000000000131c       0x62 ./system/src/diag/trace-impl.o
 .debug_macro   0x000000000000137e       0x1c ./system/src/diag/trace-impl.o
 .debug_macro   0x000000000000139a       0x22 ./system/src/diag/trace-impl.o
 .debug_macro   0x00000000000013bc       0xd9 ./system/src/diag/trace-impl.o
 .debug_macro   0x0000000000001495     0x102d ./system/src/diag/trace-impl.o
 .debug_macro   0x00000000000024c2      0x11f ./system/src/diag/trace-impl.o
 .debug_macro   0x00000000000025e1       0x10 ./system/src/diag/trace-impl.o
 .debug_macro   0x00000000000025f1      0x33e ./system/src/diag/trace-impl.o
 .debug_macro   0x000000000000292f       0x1c ./system/src/diag/trace-impl.o
 .debug_macro   0x000000000000294b       0xac ./system/src/diag/trace-impl.o
 .debug_macro   0x00000000000029f7       0xa7 ./system/src/diag/trace-impl.o
 .debug_macro   0x0000000000002a9e       0xdc ./system/src/diag/trace-impl.o
 .debug_macro   0x0000000000002b7a       0xb9 ./system/src/diag/trace-impl.o
 .debug_macro   0x0000000000002c33       0x9a ./system/src/diag/trace-impl.o
 .debug_macro   0x0000000000002ccd       0xaf ./system/src/diag/trace-impl.o
 .debug_macro   0x0000000000002d7c       0xdd ./system/src/diag/trace-impl.o
 .debug_macro   0x0000000000002e59       0x41 ./system/src/diag/trace-impl.o
 .debug_macro   0x0000000000002e9a      0x138 ./system/src/diag/trace-impl.o
 .debug_macro   0x0000000000002fd2       0x5a ./system/src/diag/trace-impl.o
 .debug_macro   0x000000000000302c       0x1d ./system/src/diag/trace-impl.o
 .debug_macro   0x0000000000003049       0x67 ./system/src/diag/trace-impl.o
 .debug_macro   0x00000000000030b0      0x2bf ./system/src/diag/trace-impl.o
 .debug_macro   0x000000000000336f       0xa1 ./system/src/diag/trace-impl.o
 .debug_macro   0x0000000000003410       0xd6 ./system/src/diag/trace-impl.o
 .debug_macro   0x00000000000034e6       0x11 ./system/src/diag/trace-impl.o
 .debug_macro   0x00000000000034f7       0x16 ./system/src/diag/trace-impl.o
 .debug_macro   0x000000000000350d       0x23 ./system/src/diag/trace-impl.o
 .debug_macro   0x0000000000003530       0xad ./system/src/diag/trace-impl.o
 .debug_macro   0x00000000000035dd       0x11 ./system/src/diag/trace-impl.o
 .debug_macro   0x00000000000035ee       0x35 ./system/src/diag/trace-impl.o
 .debug_macro   0x0000000000003623       0x16 ./system/src/diag/trace-impl.o
 .debug_macro   0x0000000000003639       0x1d ./system/src/diag/trace-impl.o
 .debug_macro   0x0000000000003656      0x446 ./system/src/diag/trace-impl.o
 .debug_macro   0x0000000000003a9c       0x10 ./system/src/diag/trace-impl.o
 .debug_macro   0x0000000000003aac       0xdd ./system/src/diag/trace-impl.o
 .debug_macro   0x0000000000003b89       0x20 ./system/src/diag/trace-impl.o
 .debug_macro   0x0000000000003ba9       0xc5 ./system/src/diag/trace-impl.o
 .debug_macro   0x0000000000003c6e       0x22 ./system/src/diag/trace-impl.o
 .debug_macro   0x0000000000003c90      0x1f4 ./system/src/diag/trace.o
 .debug_macro   0x0000000000003e84       0x16 ./system/src/diag/trace.o
 .debug_macro   0x0000000000003e9a       0x9e ./system/src/diag/trace.o
 .debug_macro   0x0000000000003f38      0x10b ./system/src/diag/trace.o
 .debug_macro   0x0000000000004043       0x10 ./system/src/diag/trace.o
 .debug_macro   0x0000000000004053       0x16 ./system/src/diag/trace.o
 .debug_macro   0x0000000000004069       0x16 ./system/src/diag/trace.o
 .debug_macro   0x000000000000407f      0x170 ./system/src/diag/trace.o
 .debug_macro   0x00000000000041ef       0x4c ./system/src/diag/trace.o
 .debug_macro   0x000000000000423b       0xc1 ./system/src/diag/trace.o
 .debug_macro   0x00000000000042fc       0x16 ./system/src/diag/trace.o
 .debug_macro   0x0000000000004312      0x336 ./system/src/cortexm/exception-handlers.o
 .debug_macro   0x0000000000004648       0x10 ./system/src/cortexm/exception-handlers.o
 .debug_macro   0x0000000000004658      0x17d ./system/src/cortexm/initialize-hardware.o
 .debug_macro   0x00000000000047d5      0x179 ./system/src/cmsis/system_at32a423.o
 .debug_macro   0x000000000000494e       0x34 ./system/src/cmsis/vectors_at32a423.o
 .debug_macro   0x0000000000004982      0x173 ./system/src/at32a423/at32a423_crm.o
 .debug_macro   0x0000000000004af5      0x36a ./src/main.o
 .debug_macro   0x0000000000004e5f      0x196 ./src/timer.o
 .debug_macro   0x0000000000004ff5       0x10 ./src/timer.o

.debug_line_str
                0x0000000000000000      0x11b
 .debug_line_str
                0x0000000000000000      0x10f c:/users/dmitriy/appdata/roaming/xpacks/@xpack-dev-tools/arm-none-eabi-gcc/12.2.1-1.2.1/.content/bin/../lib/gcc/arm-none-eabi/12.2.1/thumb/v7e-m/nofp\libgcc.a(_aeabi_uldivmod.o)
 .debug_line_str
                0x000000000000010f        0xc c:/users/dmitriy/appdata/roaming/xpacks/@xpack-dev-tools/arm-none-eabi-gcc/12.2.1-1.2.1/.content/bin/../lib/gcc/arm-none-eabi/12.2.1/thumb/v7e-m/nofp\libgcc.a(_dvmd_tls.o)
                                        0x113 (size before relaxing)
